BL51 BANKED LINKER/LOCATER V6.22.2.0                                                    07/16/2021  16:28:19  PAGE 1


BL51 BANKED LINKER/LOCATER V6.22.2.0, INVOKED BY:
C:\KEIL_V5\C51\BIN\BL51.EXE .\Objects\main.obj, .\Objects\Accescan.obj, .\Objects\Clock.obj, .\Objects\delay.obj, .\Obje
>> cts\eeprom.obj, .\Objects\io_sensores.obj, .\Objects\pantallas.obj, .\Objects\prog.obj, .\Objects\pto_paralelo.obj, .
>> \Objects\tibbo.obj, .\Objects\uart.obj, .\Objects\printer_nano.obj, .\Objects\num_serie.obj, .\Objects\monitor.obj TO
>>  .\Objects\expdprtr PRINT (.\Listings\expdprtr.m51) RAMSIZE (256)


MEMORY MODEL: LARGE WITH FLOATING POINT ARITHMETIC


INPUT MODULES INCLUDED:
  .\Objects\main.obj (MAIN)
  .\Objects\Accescan.obj (ACCESCAN)
  .\Objects\Clock.obj (CLOCK)
  .\Objects\delay.obj (DELAY)
  .\Objects\eeprom.obj (EEPROM)
  .\Objects\io_sensores.obj (IO_SENSORES)
  .\Objects\pantallas.obj (PANTALLAS)
  .\Objects\prog.obj (PROG)
  .\Objects\pto_paralelo.obj (PTO_PARALELO)
  .\Objects\tibbo.obj (TIBBO)
  .\Objects\uart.obj (UART)
  .\Objects\printer_nano.obj (PRINTER_NANO)
  .\Objects\num_serie.obj (NUM_SERIE)
  .\Objects\monitor.obj (MONITOR)
  C:\KEIL_V5\C51\LIB\C51FPL.LIB (?C?FPADD)
  C:\KEIL_V5\C51\LIB\C51FPL.LIB (?C?FPMUL)
  C:\KEIL_V5\C51\LIB\C51FPL.LIB (?C?FCAST)
  C:\KEIL_V5\C51\LIB\C51FPL.LIB (?C?CASTF)
  C:\KEIL_V5\C51\LIB\C51FPL.LIB (PRINTF)
  C:\KEIL_V5\C51\LIB\C51FPL.LIB (POW)
  C:\KEIL_V5\C51\LIB\C51FPL.LIB (?C?FPGETOPN)
  C:\KEIL_V5\C51\LIB\C51FPL.LIB (?C?CHKFLOAT)
  C:\KEIL_V5\C51\LIB\C51FPL.LIB (?C?FPCMP)
  C:\KEIL_V5\C51\LIB\C51FPL.LIB (?C?FPNEG)
  C:\KEIL_V5\C51\LIB\C51FPL.LIB (?C?FPROUND)
  C:\KEIL_V5\C51\LIB\C51FPL.LIB (?C?FPCONVERT)
  C:\KEIL_V5\C51\LIB\C51FPL.LIB (EXP)
  C:\KEIL_V5\C51\LIB\C51FPL.LIB (LOG)
  C:\KEIL_V5\C51\LIB\C51FPL.LIB (?C?FPDIV)
  C:\KEIL_V5\C51\LIB\C51FPL.LIB (?C?FTNPWR)
  C:\KEIL_V5\C51\LIB\C51FPL.LIB (?C?FPSERIES)
  C:\KEIL_V5\C51\LIB\C51L.LIB (?C_STARTUP)
  C:\KEIL_V5\C51\LIB\C51L.LIB (?C?COPY)
  C:\KEIL_V5\C51\LIB\C51L.LIB (?C?CLDPTR)
  C:\KEIL_V5\C51\LIB\C51L.LIB (?C?CLDOPTR)
  C:\KEIL_V5\C51\LIB\C51L.LIB (?C?CSTPTR)
  C:\KEIL_V5\C51\LIB\C51L.LIB (?C?CSTOPTR)
  C:\KEIL_V5\C51\LIB\C51L.LIB (?C?IILDX)
  C:\KEIL_V5\C51\LIB\C51L.LIB (?C?LNEG)
  C:\KEIL_V5\C51\LIB\C51L.LIB (?C?LLDCODE)
  C:\KEIL_V5\C51\LIB\C51L.LIB (?C?LLDXDATA0)
  C:\KEIL_V5\C51\LIB\C51L.LIB (?C?LLDCODE0)
  C:\KEIL_V5\C51\LIB\C51L.LIB (?C?LSTXDATA)
  C:\KEIL_V5\C51\LIB\C51L.LIB (?C?LSTKXDATA)
  C:\KEIL_V5\C51\LIB\C51L.LIB (?C?PLDIXDATA)
  C:\KEIL_V5\C51\LIB\C51L.LIB (?C?PSTXDATA)
  C:\KEIL_V5\C51\LIB\C51L.LIB (?C?CCASE)
BL51 BANKED LINKER/LOCATER V6.22.2.0                                                  07/16/2021  16:28:19  PAGE 2


  C:\KEIL_V5\C51\LIB\C51L.LIB (STRCAT)
  C:\KEIL_V5\C51\LIB\C51L.LIB (STRNCAT)
  C:\KEIL_V5\C51\LIB\C51L.LIB (?C?STRCMP)
  C:\KEIL_V5\C51\LIB\C51L.LIB (?C?STRCPY)
  C:\KEIL_V5\C51\LIB\C51L.LIB (STRLEN)
  C:\KEIL_V5\C51\LIB\C51L.LIB (STRTOK)
  C:\KEIL_V5\C51\LIB\C51L.LIB (ATOL)
  C:\KEIL_V5\C51\LIB\C51L.LIB (ATOI)
  C:\KEIL_V5\C51\LIB\C51L.LIB (?C_INIT)
  C:\KEIL_V5\C51\LIB\C51L.LIB (?C?IMUL)
  C:\KEIL_V5\C51\LIB\C51L.LIB (?C?ILDIX)
  C:\KEIL_V5\C51\LIB\C51L.LIB (?C?LMUL)
  C:\KEIL_V5\C51\LIB\C51L.LIB (ISDIGIT)
  C:\KEIL_V5\C51\LIB\C51L.LIB (ISSPACE)
  C:\KEIL_V5\C51\LIB\C51L.LIB (STRSPN)
  C:\KEIL_V5\C51\LIB\C51L.LIB (STRPBRK)


LINK MAP OF MODULE:  .\Objects\expdprtr (MAIN)


            TYPE    BASE      LENGTH    RELOCATION   SEGMENT NAME
            -----------------------------------------------------

            * * * * * * *   D A T A   M E M O R Y   * * * * * * *
            REG     0000H     0008H     ABSOLUTE     "REG BANK 0"
            DATA    0008H     0005H     UNIT         ?DT?UART
            DATA    000DH     0005H     UNIT         _DATA_GROUP_
                    0012H     000EH                  *** GAP ***
            BIT     0020H.0   0001H.1   UNIT         _BIT_GROUP_
            BIT     0021H.1   0000H.1   UNIT         ?BI?MAIN
            BIT     0021H.2   0000H.1   UNIT         ?BI?EEPROM
            BIT     0021H.3   0000H.1   UNIT         ?BI?UART
                    0021H.4   0000H.4                *** GAP ***
            IDATA   0022H     0041H     UNIT         ?ID?MAIN
            IDATA   0063H     0001H     UNIT         ?STACK

            * * * * * * *  X D A T A   M E M O R Y  * * * * * * *
            XDATA   0000H     00D6H     UNIT         _XDATA_GROUP_
            XDATA   00D6H     005FH     UNIT         ?XD?PROG
            XDATA   0135H     0048H     UNIT         ?XD?MAIN
            XDATA   017DH     001EH     UNIT         ?XD?MONITOR
            XDATA   019BH     0003H     UNIT         ?XD?EEPROM
            XDATA   019EH     0003H     UNIT         ?XD?STRTOK
            XDATA   01A1H     0002H     UNIT         ?XD?PRINTER_NANO
            XDATA   01A3H     0001H     UNIT         ?XD?CLOCK

            * * * * * * *   C O D E   M E M O R Y   * * * * * * *
            CODE    0000H     0003H     ABSOLUTE     
            CODE    0003H     0008H     UNIT         ?PR?P_CK?CLOCK
            CODE    000BH     0003H     ABSOLUTE     
            CODE    000EH     0015H     UNIT         ?PR?_STRLEN?STRLEN
            CODE    0023H     0003H     ABSOLUTE     
            CODE    0026H     0CE4H     UNIT         ?CO?PROG
            CODE    0D0AH     0B3EH     UNIT         ?C?LIB_CODE
            CODE    1848H     0483H     UNIT         ?PR?PRINTF?PRINTF
            CODE    1CCBH     032AH     UNIT         ?PR?_VALIDA_TRAMA_PTO?ACCESCAN
BL51 BANKED LINKER/LOCATER V6.22.2.0                                                  07/16/2021  16:28:19  PAGE 3


            CODE    1FF5H     02D0H     UNIT         ?PR?_TWO_BYTEHEX_DECIMAL?CLOCK
            CODE    22C5H     025AH     UNIT         ?PR?_PANTALLALCD?PANTALLAS
            CODE    251FH     0254H     UNIT         ?CO?PANTALLAS
            CODE    2773H     023AH     UNIT         ?PR?MENU?PROG
            CODE    29ADH     0209H     UNIT         ?PR?PRINT_COD_QR?PRINTER_NANO
            CODE    2BB6H     01FAH     UNIT         ?PR?GENERA_TICKET?PRINTER_NANO
            CODE    2DB0H     01D8H     UNIT         ?PR?_BLOCK_READ_CLOCK_ASCII?CLOCK
            CODE    2F88H     01CCH     UNIT         ?PR?_TRAMA_PTO_PARALELO_PRINTER?PTO_PARALELO
            CODE    3154H     0199H     UNIT         ?CO?PRINTER_NANO
            CODE    32EDH     0183H     UNIT         ?PR?_PANTALLALCD_LINEA_2?PANTALLAS
            CODE    3470H     0166H     UNIT         ?PR?_POW?POW
            CODE    35D6H     013EH     UNIT         ?PR?PROG_SIN_COBRO?PROG
            CODE    3714H     012DH     UNIT         ?PR?PRINT_TICKET?PRINTER_NANO
            CODE    3841H     0129H     UNIT         ?PR?LOG?LOG
            CODE    396AH     0119H     UNIT         ?PR?PRINT_MSJ_COD_BARRAS?PRINTER_NANO
            CODE    3A83H     0110H     UNIT         ?PR?LOAD_AND_SEND_ID_COD?PTO_PARALELO
            CODE    3B93H     010CH     UNIT         ?PR?_ATOL?ATOL
            CODE    3C9FH     00FCH     UNIT         ?PR?PROG_DEBUG?PROG
            CODE    3D9BH     00FCH     UNIT         ?PR?PROG_USE_LPR?PROG
            CODE    3E97H     00FCH     UNIT         ?PR?PROG_COMPARACION_ACTIVA?PROG
            CODE    3F93H     00FCH     UNIT         ?PR?PROG_QR_BARRAS?PROG
            CODE    408FH     00FCH     UNIT         ?PR?TIPO_PANTALLA?PROG
            CODE    418BH     00F6H     UNIT         ?PR?PRINT_DATOS_CLIENTE?PRINTER_NANO
            CODE    4281H     00F2H     UNIT         ?PR?_CMD_MONITOR?MONITOR
            CODE    4373H     00EEH     UNIT         ?PR?PRINT_DATOS_CLIENTE_QR?PRINTER_NANO
            CODE    4461H     00E4H     UNIT         ?PR?_STRTOK?STRTOK
            CODE    4545H     00DBH     UNIT         ?PR?_ATOI?ATOI
            CODE    4620H     00D6H     UNIT         ?PR?_CMD_LPR_SALIDA_WIEGAND?MONITOR
            CODE    46F6H     00CDH     UNIT         ?PR?COM_ISR?UART
            CODE    47C3H     00C6H     UNIT         ?PR?SHOW?PROG
            CODE    4889H     00C5H     UNIT         ?PR?_STRNCAT?STRNCAT
            CODE    494EH     00C4H     UNIT         ?PR?_BLOCK_READ_CLOCK?CLOCK
            CODE    4A12H     00BDH     UNIT         ?PR?PROG_COD_PARK?PROG
            CODE    4ACFH     00BDH     UNIT         ?PR?PROG_TIEMPO_GRACIA?PROG
            CODE    4B8CH     00BBH     UNIT         ?PR?MAIN?MAIN
            CODE    4C47H     00B6H     UNIT         ?C_INITSEG
            CODE    4CFDH     00B6H     UNIT         ?PR?PROG_ID_CLIENTE?PROG
            CODE    4DB3H     00B4H     UNIT         ?PR?_SEND_PORT?PTO_PARALELO
            CODE    4E67H     00ADH     UNIT         ?PR?_INGRESADATO?PROG
            CODE    4F14H     00A6H     UNIT         ?PR?_BLOCK_READ_CLOCK_HEX?CLOCK
            CODE    4FBAH     00A1H     UNIT         ?PR?_VALIDA_TRAMA_MONITOR?MONITOR
            CODE    505BH     00A0H     UNIT         ?CO?IO_SENSORES
            CODE    50FBH     009AH     UNIT         ?PR?EXP?EXP
            CODE    5195H     0098H     UNIT         ?PR?_RECIBE_PORT?PTO_PARALELO
            CODE    522DH     0095H     UNIT         ?PR?_RECIBE_CMD_MONITOR?MONITOR
            CODE    52C2H     0090H     UNIT         ?PR?_LEE_CLK?CLOCK
            CODE    5352H     0090H     UNIT         ?PR?_GETOPTION?PROG
            CODE    53E2H     008FH     UNIT         ?PR?_BLOCK_WRITE_CLOCK_ASCII?CLOCK
            CODE    5471H     008CH     UNIT         ?C_C51STARTUP
            CODE    54FDH     008AH     UNIT         ?PR?VARIABLE_INICIO?MAIN
            CODE    5587H     008AH     UNIT         ?PR?_ESCRIBIRMEMORIA?EEPROM
            CODE    5611H     0088H     UNIT         ?PR?_SEND_PORTERR?PTO_PARALELO
            CODE    5699H     0088H     UNIT         ?PR?RX_DATA?TIBBO
            CODE    5721H     0084H     UNIT         ?PR?_STRSPN?STRSPN
            CODE    57A5H     0081H     UNIT         ?PR?_STRPBRK?STRPBRK
            CODE    5826H     0080H     UNIT         ?PR?_RASPBERRY_DATA?PANTALLAS
            CODE    58A6H     0078H     UNIT         ?PR?_FUNCION_180?PRINTER_NANO
BL51 BANKED LINKER/LOCATER V6.22.2.0                                                  07/16/2021  16:28:19  PAGE 4


            CODE    591EH     0073H     UNIT         ?PR?MSJ_LCD_INFORMATIVO?IO_SENSORES
            CODE    5991H     0073H     UNIT         ?PR?_DEBUGBUFFERMF?TIBBO
            CODE    5A04H     006FH     UNIT         ?PR?VALIDASENSORESPASO?IO_SENSORES
            CODE    5A73H     006BH     UNIT         ?PR?_STRCAT?STRCAT
            CODE    5ADEH     0062H     UNIT         ?PR?_LISTACOMANDOS?PROG
            CODE    5B40H     0058H     UNIT         ?PR?_LEERMEMORIA?EEPROM
            CODE    5B98H     0057H     UNIT         ?CO?TIBBO
            CODE    5BEFH     0053H     UNIT         ?PR?_BYTEHEX_DECIMAL?CLOCK
            CODE    5C42H     0050H     UNIT         ?PR?PRINT_COD_BARRAS?PRINTER_NANO
            CODE    5C92H     004DH     UNIT         ?PR?L_D_M?EEPROM
            CODE    5CDFH     004DH     UNIT         ?PR?_PRIN_COD_BARRA?PRINTER_NANO
            CODE    5D2CH     0048H     UNIT         ?PR?_TX_AUX?TIBBO
            CODE    5D74H     0047H     UNIT         ?PR?PROG_CLIENTE?PROG
            CODE    5DBBH     0047H     UNIT         ?PR?PROG_NIT?PROG
            CODE    5E02H     0047H     UNIT         ?PR?PROG_NOM_PARQ?PROG
            CODE    5E49H     0047H     UNIT         ?PR?PROG_DIRECCION?PROG
            CODE    5E90H     0047H     UNIT         ?PR?PROG_MSJ1?PROG
            CODE    5ED7H     0047H     UNIT         ?PR?PROG_MSJ2?PROG
            CODE    5F1EH     0047H     UNIT         ?PR?PROG_MSJ3?PROG
            CODE    5F65H     0047H     UNIT         ?PR?PROG_MSJ4?PROG
            CODE    5FACH     0047H     UNIT         ?PR?PROG_MSJ5?PROG
            CODE    5FF3H     0047H     UNIT         ?PR?PROG_MSJ6?PROG
            CODE    603AH     0047H     UNIT         ?PR?PROG_MSJ7?PROG
            CODE    6081H     0047H     UNIT         ?PR?_DEBUG_CHR_TIBBO?TIBBO
            CODE    60C8H     0046H     UNIT         ?PR?_LCD_TXT_NUM_CHAR?PANTALLAS
            CODE    610EH     0045H     UNIT         ?PR?_VALIDARCLAVE?PROG
            CODE    6153H     0041H     UNIT         ?PR?_TWO_ONE?CLOCK
            CODE    6194H     0041H     UNIT         ?PR?_MONITOR_CHR?MONITOR
            CODE    61D5H     0040H     UNIT         ?PR?_GETCMD?PROG
            CODE    6215H     003FH     UNIT         ?PR?_EB_CLK?CLOCK
            CODE    6254H     003FH     UNIT         ?PR?_WR_EEPROM?EEPROM
            CODE    6293H     003FH     UNIT         ?PR?INCREMENTE_SERIE?NUM_SERIE
            CODE    62D2H     003EH     UNIT         ?PR?_PUTCHAR?MAIN
            CODE    6310H     003EH     UNIT         ?PR?_DEBUG_TXT_TIBBO?TIBBO
            CODE    634EH     003DH     UNIT         ?PR?_CEROS_IZQ?NUM_SERIE
            CODE    638BH     003CH     UNIT         ?PR?_LCD_TXT?PANTALLAS
            CODE    63C7H     003CH     UNIT         ?PR?_SERIE_ASCII_SICEROS_L?NUM_SERIE
            CODE    6403H     003BH     UNIT         ?PR?_COM_PUTCHAR?UART
            CODE    643EH     0039H     UNIT         ?PR?_RD_EEPROM?EEPROM
            CODE    6477H     0035H     UNIT         ?PR?RELOJ_PANTALLA_LCD?PANTALLAS
            CODE    64ACH     002DH     UNIT         ?CO?MAIN
            CODE    64D9H     002DH     UNIT         ?PR?FUNCION_165?PRINTER_NANO
            CODE    6506H     002CH     UNIT         ?PR?LOAD_AND_SEND_INFO_RELOJ?PTO_PARALELO
            CODE    6532H     002AH     UNIT         ?PR?COM_INITIALIZE?UART
            CODE    655CH     002AH     UNIT         ?PR?_GRABA_SERIE?NUM_SERIE
            CODE    6586H     0028H     UNIT         ?PR?_WR_CLK?CLOCK
            CODE    65AEH     0028H     UNIT         ?PR?COM_BAUDRATE?UART
            CODE    65D6H     0028H     UNIT         ?PR?FUNCION_169?PRINTER_NANO
            CODE    65FEH     0028H     UNIT         ?PR?FUNCION_167?PRINTER_NANO
            CODE    6626H     0028H     UNIT         ?PR?FUNCION_181?PRINTER_NANO
            CODE    664EH     0027H     UNIT         ?PR?_TX_CHRLCD?PANTALLAS
            CODE    6675H     0026H     UNIT         ?PR?COM_GETCHAR?UART
            CODE    669BH     0022H     UNIT         ?PR?_E_D_M?EEPROM
            CODE    66BDH     0022H     UNIT         ?PR?_POSICION_TABULACION?PRINTER_NANO
            CODE    66DFH     0020H     UNIT         ?PR?ACKD?EEPROM
            CODE    66FFH     0020H     UNIT         ?PR?ACK_LECT?EEPROM
            CODE    671FH     0020H     UNIT         ?PR?TIME_BIT?TIBBO
BL51 BANKED LINKER/LOCATER V6.22.2.0                                                  07/16/2021  16:28:19  PAGE 5


            CODE    673FH     001FH     UNIT         ?PR?VALIDASENSOR?IO_SENSORES
            CODE    675EH     001EH     UNIT         ?PR?_BCD_HEX?CLOCK
            CODE    677CH     001EH     UNIT         ?PR?CLEAR_PLACA?MONITOR
            CODE    679AH     001CH     UNIT         ?PR?LEER_SERIE?NUM_SERIE
            CODE    67B6H     001BH     UNIT         ?PR?_DELAY_1MS?DELAY
            CODE    67D1H     001AH     UNIT         ?PR?TIME_MBIT?TIBBO
            CODE    67EBH     0019H     UNIT         ?PR?TIMER0_INT?MAIN
            CODE    6804H     0018H     UNIT         ?CO?ACCESCAN
            CODE    681CH     0017H     UNIT         ?PR?DISPLAYCURSOR?PROG
            CODE    6833H     0017H     UNIT         ?PR?_JUSTIFY?PRINTER_NANO
            CODE    684AH     0017H     UNIT         ?PR?_TIPO_FUENTE?PRINTER_NANO
            CODE    6861H     0017H     UNIT         ?PR?_INTERLINEADO?PRINTER_NANO
            CODE    6878H     0017H     UNIT         ?PR?_BOLD?PRINTER_NANO
            CODE    688FH     0017H     UNIT         ?PR?_TAMA_LETRA?PRINTER_NANO
            CODE    68A6H     0017H     UNIT         ?PR?_ALIMENTA_NLINE?PRINTER_NANO
            CODE    68BDH     0017H     UNIT         ?PR?_ALIMENTAR_PAPER?PRINTER_NANO
            CODE    68D4H     0017H     UNIT         ?PR?_ESPCS_ENT_CHR?PRINTER_NANO
            CODE    68EBH     0017H     UNIT         ?PR?_HEIGHT_CODE_BAR?PRINTER_NANO
            CODE    6902H     0017H     UNIT         ?PR?_POSITION_HRI?PRINTER_NANO
            CODE    6919H     0017H     UNIT         ?PR?_STATUS?PRINTER_NANO
            CODE    6930H     0014H     UNIT         ?PR?MOVE_CAR?PRINTER_NANO
            CODE    6944H     0014H     UNIT         ?PR?_ISSPACE?ISSPACE
            CODE    6958H     0012H     UNIT         ?PR?_DELAY_20US?DELAY
            CODE    696AH     0012H     UNIT         ?PR?START?EEPROM
            CODE    697CH     0012H     UNIT         ?PR?DIR_BOARD?IO_SENSORES
            CODE    698EH     0012H     UNIT         ?PR?PULSO_BUS?PTO_PARALELO
            CODE    69A0H     0012H     UNIT         ?PR?COM_RBUFLEN?UART
            CODE    69B2H     0012H     UNIT         ?PR?COM_TBUFLEN?UART
            CODE    69C4H     0010H     UNIT         ?PR?INI_TIMER?MAIN
            CODE    69D4H     0010H     UNIT         ?PR?INICIA_BOARD?MAIN
            CODE    69E4H     0010H     UNIT         ?PR?_GRABA_SERIE_ASCII_HEX?NUM_SERIE
            CODE    69F4H     000FH     UNIT         ?PR?JUSTIFICAIZQ?PRINTER_NANO
            CODE    6A03H     000FH     UNIT         ?PR?CENTRADO?PRINTER_NANO
            CODE    6A12H     000FH     UNIT         ?PR?JUSTIFICADRC?PRINTER_NANO
            CODE    6A21H     000FH     UNIT         ?PR?FOUNT_CHAR_HRI?PRINTER_NANO
            CODE    6A30H     000FH     UNIT         ?PR?_ISDIGIT?ISDIGIT
            CODE    6A3FH     000EH     UNIT         ?PR?CLEAR_BUFFER?UART
            CODE    6A4DH     000CH     UNIT         ?PR?_GETKEY?MAIN
            CODE    6A59H     000AH     UNIT         ?PR?COND_INI_PTO?PTO_PARALELO
            CODE    6A63H     000AH     UNIT         ?PR?INICIALIZA_PRINT?PRINTER_NANO
            CODE    6A6DH     000AH     UNIT         ?PR?FULLCUT?PRINTER_NANO
            CODE    6A77H     0009H     UNIT         ?PR?STOP?EEPROM
            CODE    6A80H     0009H     UNIT         ?PR?DEBUG_DIVIDIR_TEXTO?TIBBO
            CODE    6A89H     0007H     UNIT         ?PR?COND_INI_CLOCK?CLOCK
            CODE    6A90H     0007H     UNIT         ?PR?SEL_FUNCION?IO_SENSORES
            CODE    6A97H     0007H     UNIT         ?PR?SEL_AUTO?IO_SENSORES
            CODE    6A9EH     0007H     UNIT         ?PR?SEL_PULSA?IO_SENSORES
            CODE    6AA5H     0007H     UNIT         ?PR?SEL_SENSOR2?IO_SENSORES
            CODE    6AACH     0007H     UNIT         ?PR?SEL_SENSOR1?IO_SENSORES
            CODE    6AB3H     0007H     UNIT         ?PR?SEL_DIR1?IO_SENSORES
            CODE    6ABAH     0007H     UNIT         ?PR?SEL_DIR2?IO_SENSORES
            CODE    6AC1H     0006H     UNIT         ?PR?P_ME?EEPROM
            CODE    6AC7H     0005H     UNIT         ?PR?ON_TIMER0_INTERRUP?MAIN
            CODE    6ACCH     0005H     UNIT         ?PR?COND_INI_TIBBO?TIBBO
            CODE    6AD1H     0004H     UNIT         ?CO?NUM_SERIE
            CODE    6AD5H     0003H     UNIT         ?PR?OFF_TIMER0_INTERRUP?MAIN
            CODE    6AD8H     0003H     UNIT         ?CO?PTO_PARALELO
BL51 BANKED LINKER/LOCATER V6.22.2.0                                                  07/16/2021  16:28:19  PAGE 6


            CODE    6ADBH     0001H     UNIT         ?PR?DELAY?DELAY



OVERLAY MAP OF MODULE:   .\Objects\expdprtr (MAIN)


SEGMENT                                             BIT_GROUP          DATA_GROUP          XDATA_GROUP
  +--> CALLED SEGMENT                            START    LENGTH     START    LENGTH     START    LENGTH
--------------------------------------------------------------------------------------------------------
?C_C51STARTUP                                    -----    -----      -----    -----      -----    -----
  +--> ?PR?MAIN?MAIN
  +--> ?C_INITSEG

?PR?MAIN?MAIN                                    -----    -----      -----    -----      0000H    000EH
  +--> ?PR?INI_TIMER?MAIN
  +--> ?PR?ON_TIMER0_INTERRUP?MAIN
  +--> ?PR?COM_INITIALIZE?UART
  +--> ?PR?COM_BAUDRATE?UART
  +--> ?PR?INICIA_BOARD?MAIN
  +--> ?PR?SEL_FUNCION?IO_SENSORES
  +--> ?PR?MENU?PROG
  +--> ?PR?VARIABLE_INICIO?MAIN
  +--> ?PR?_RECIBE_CMD_MONITOR?MONITOR
  +--> ?PR?DEBUG_DIVIDIR_TEXTO?TIBBO
  +--> ?PR?_VALIDA_TRAMA_MONITOR?MONITOR
  +--> ?PR?_DEBUGBUFFERMF?TIBBO
  +--> ?PR?_DEBUG_TXT_TIBBO?TIBBO
  +--> ?PR?GENERA_TICKET?PRINTER_NANO
  +--> ?PR?_RECIBE_PORT?PTO_PARALELO
  +--> ?CO?MAIN
  +--> ?PR?_DEBUG_CHR_TIBBO?TIBBO
  +--> ?PR?_VALIDA_TRAMA_PTO?ACCESCAN
  +--> ?PR?MSJ_LCD_INFORMATIVO?IO_SENSORES

?PR?COM_INITIALIZE?UART                          -----    -----      -----    -----      -----    -----
  +--> ?PR?COM_BAUDRATE?UART

?PR?INICIA_BOARD?MAIN                            -----    -----      -----    -----      -----    -----
  +--> ?PR?COND_INI_TIBBO?TIBBO
  +--> ?PR?COND_INI_CLOCK?CLOCK
  +--> ?PR?COND_INI_PTO?PTO_PARALELO

?PR?MENU?PROG                                    -----    -----      -----    -----      000EH    0031H
  +--> ?CO?PROG
  +--> ?PR?PRINTF?PRINTF
  +--> ?PR?CLEAR_BUFFER?UART
  +--> ?PR?_INGRESADATO?PROG
  +--> ?PR?_GETCMD?PROG
  +--> ?PR?_VALIDARCLAVE?PROG
  +--> ?PR?DISPLAYCURSOR?PROG
  +--> ?PR?_STRLEN?STRLEN
  +--> ?PR?_GETOPTION?PROG
  +--> ?PR?_STRCAT?STRCAT
  +--> ?PR?_LISTACOMANDOS?PROG
  +--> ?PR?PROG_ID_CLIENTE?PROG
  +--> ?PR?PROG_COD_PARK?PROG
BL51 BANKED LINKER/LOCATER V6.22.2.0                                                  07/16/2021  16:28:19  PAGE 7


  +--> ?PR?PROG_TIEMPO_GRACIA?PROG
  +--> ?PR?PROG_SIN_COBRO?PROG
  +--> ?PR?PROG_DEBUG?PROG
  +--> ?PR?PROG_USE_LPR?PROG
  +--> ?PR?PROG_COMPARACION_ACTIVA?PROG
  +--> ?PR?PROG_QR_BARRAS?PROG
  +--> ?PR?TIPO_PANTALLA?PROG
  +--> ?PR?PROG_CLIENTE?PROG
  +--> ?PR?PROG_NIT?PROG
  +--> ?PR?PROG_NOM_PARQ?PROG
  +--> ?PR?PROG_DIRECCION?PROG
  +--> ?PR?PROG_MSJ1?PROG
  +--> ?PR?PROG_MSJ2?PROG
  +--> ?PR?PROG_MSJ3?PROG
  +--> ?PR?PROG_MSJ4?PROG
  +--> ?PR?PROG_MSJ5?PROG
  +--> ?PR?PROG_MSJ6?PROG
  +--> ?PR?PROG_MSJ7?PROG
  +--> ?PR?SHOW?PROG

?PR?PRINTF?PRINTF                                0020H.0  0001H.1    000DH    0005H      00A2H    0030H
  +--> ?PR?_PUTCHAR?MAIN

?PR?_PUTCHAR?MAIN                                -----    -----      -----    -----      00D2H    0003H
  +--> ?PR?_COM_PUTCHAR?UART

?PR?_COM_PUTCHAR?UART                            -----    -----      -----    -----      00D5H    0001H
  +--> ?PR?COM_TBUFLEN?UART

?PR?_INGRESADATO?PROG                            -----    -----      -----    -----      007DH    0006H
  +--> ?PR?_GETKEY?MAIN
  +--> ?CO?PROG
  +--> ?PR?PRINTF?PRINTF
  +--> ?PR?_PUTCHAR?MAIN

?PR?_GETKEY?MAIN                                 -----    -----      -----    -----      -----    -----
  +--> ?PR?COM_GETCHAR?UART

?PR?COM_GETCHAR?UART                             -----    -----      -----    -----      -----    -----
  +--> ?PR?COM_RBUFLEN?UART

?PR?_GETCMD?PROG                                 -----    -----      -----    -----      003FH    0007H
  +--> ?CO?PROG
  +--> ?PR?_STRTOK?STRTOK

?PR?_STRTOK?STRTOK                               -----    -----      -----    -----      004AH    0006H
  +--> ?PR?_STRSPN?STRSPN
  +--> ?PR?_STRPBRK?STRPBRK

?PR?_STRSPN?STRSPN                               -----    -----      -----    -----      0050H    0008H

?PR?_STRPBRK?STRPBRK                             -----    -----      -----    -----      0050H    0009H

?PR?_VALIDARCLAVE?PROG                           -----    -----      -----    -----      003FH    000AH

?PR?DISPLAYCURSOR?PROG                           -----    -----      -----    -----      -----    -----
  +--> ?CO?PROG
BL51 BANKED LINKER/LOCATER V6.22.2.0                                                  07/16/2021  16:28:19  PAGE 8


  +--> ?PR?PRINTF?PRINTF

?PR?_GETOPTION?PROG                              -----    -----      -----    -----      003FH    000BH
  +--> ?CO?PROG
  +--> ?PR?_STRTOK?STRTOK

?PR?_STRCAT?STRCAT                               -----    -----      -----    -----      009FH    0009H

?PR?_LISTACOMANDOS?PROG                          -----    -----      -----    -----      003FH    0007H

?PR?PROG_ID_CLIENTE?PROG                         -----    -----      -----    -----      003FH    000CH
  +--> ?PR?_RD_EEPROM?EEPROM
  +--> ?CO?PROG
  +--> ?PR?PRINTF?PRINTF
  +--> ?PR?_INGRESADATO?PROG
  +--> ?PR?_ATOI?ATOI
  +--> ?PR?_WR_EEPROM?EEPROM

?PR?_RD_EEPROM?EEPROM                            -----    -----      -----    -----      -----    -----
  +--> ?PR?START?EEPROM
  +--> ?PR?ACK_LECT?EEPROM
  +--> ?PR?_E_D_M?EEPROM
  +--> ?PR?ACKD?EEPROM
  +--> ?PR?L_D_M?EEPROM
  +--> ?PR?STOP?EEPROM

?PR?ACK_LECT?EEPROM                              -----    -----      -----    -----      -----    -----
  +--> ?PR?_E_D_M?EEPROM

?PR?_E_D_M?EEPROM                                -----    -----      -----    -----      -----    -----
  +--> ?PR?P_ME?EEPROM

?PR?ACKD?EEPROM                                  -----    -----      -----    -----      -----    -----
  +--> ?PR?_E_D_M?EEPROM

?PR?_ATOI?ATOI                                   0020H.0  0000H.1    -----    -----      004BH    0005H
  +--> ?PR?_ISSPACE?ISSPACE
  +--> ?PR?_ISDIGIT?ISDIGIT

?PR?_WR_EEPROM?EEPROM                            -----    -----      -----    -----      -----    -----
  +--> ?PR?START?EEPROM
  +--> ?PR?ACKD?EEPROM
  +--> ?PR?_E_D_M?EEPROM
  +--> ?PR?STOP?EEPROM
  +--> ?PR?_DELAY_1MS?DELAY
  +--> ?PR?_DELAY_20US?DELAY

?PR?_DELAY_1MS?DELAY                             -----    -----      -----    -----      -----    -----
  +--> ?PR?_DELAY_20US?DELAY

?PR?PROG_COD_PARK?PROG                           -----    -----      -----    -----      003FH    000CH
  +--> ?PR?_RD_EEPROM?EEPROM
  +--> ?CO?PROG
  +--> ?PR?PRINTF?PRINTF
  +--> ?PR?_INGRESADATO?PROG
  +--> ?PR?_ATOI?ATOI
  +--> ?PR?_WR_EEPROM?EEPROM
BL51 BANKED LINKER/LOCATER V6.22.2.0                                                  07/16/2021  16:28:19  PAGE 9



?PR?PROG_TIEMPO_GRACIA?PROG                      -----    -----      -----    -----      003FH    000CH
  +--> ?PR?_RD_EEPROM?EEPROM
  +--> ?CO?PROG
  +--> ?PR?PRINTF?PRINTF
  +--> ?PR?_INGRESADATO?PROG
  +--> ?PR?_ATOI?ATOI
  +--> ?PR?_WR_EEPROM?EEPROM

?PR?PROG_SIN_COBRO?PROG                          -----    -----      -----    -----      003FH    000CH
  +--> ?PR?_RD_EEPROM?EEPROM
  +--> ?CO?PROG
  +--> ?PR?PRINTF?PRINTF
  +--> ?PR?_INGRESADATO?PROG
  +--> ?PR?_ATOI?ATOI
  +--> ?PR?_WR_EEPROM?EEPROM

?PR?PROG_DEBUG?PROG                              -----    -----      -----    -----      003FH    000CH
  +--> ?PR?_RD_EEPROM?EEPROM
  +--> ?CO?PROG
  +--> ?PR?PRINTF?PRINTF
  +--> ?PR?_INGRESADATO?PROG
  +--> ?PR?_ATOI?ATOI
  +--> ?PR?_WR_EEPROM?EEPROM

?PR?PROG_USE_LPR?PROG                            -----    -----      -----    -----      003FH    000CH
  +--> ?PR?_RD_EEPROM?EEPROM
  +--> ?CO?PROG
  +--> ?PR?PRINTF?PRINTF
  +--> ?PR?_INGRESADATO?PROG
  +--> ?PR?_ATOI?ATOI
  +--> ?PR?_WR_EEPROM?EEPROM

?PR?PROG_COMPARACION_ACTIVA?PROG                 -----    -----      -----    -----      003FH    000CH
  +--> ?PR?_RD_EEPROM?EEPROM
  +--> ?CO?PROG
  +--> ?PR?PRINTF?PRINTF
  +--> ?PR?_INGRESADATO?PROG
  +--> ?PR?_ATOI?ATOI
  +--> ?PR?_WR_EEPROM?EEPROM

?PR?PROG_QR_BARRAS?PROG                          -----    -----      -----    -----      003FH    000CH
  +--> ?PR?_RD_EEPROM?EEPROM
  +--> ?CO?PROG
  +--> ?PR?PRINTF?PRINTF
  +--> ?PR?_INGRESADATO?PROG
  +--> ?PR?_ATOI?ATOI
  +--> ?PR?_WR_EEPROM?EEPROM

?PR?TIPO_PANTALLA?PROG                           -----    -----      -----    -----      003FH    000CH
  +--> ?PR?_RD_EEPROM?EEPROM
  +--> ?CO?PROG
  +--> ?PR?PRINTF?PRINTF
  +--> ?PR?_INGRESADATO?PROG
  +--> ?PR?_ATOI?ATOI
  +--> ?PR?_WR_EEPROM?EEPROM

BL51 BANKED LINKER/LOCATER V6.22.2.0                                                  07/16/2021  16:28:19  PAGE 10


?PR?PROG_CLIENTE?PROG                            -----    -----      -----    -----      003FH    0030H
  +--> ?CO?PROG
  +--> ?PR?PRINTF?PRINTF
  +--> ?PR?_INGRESADATO?PROG
  +--> ?PR?_ESCRIBIRMEMORIA?EEPROM
  +--> ?PR?_LEERMEMORIA?EEPROM

?PR?_ESCRIBIRMEMORIA?EEPROM                      -----    -----      -----    -----      007DH    0006H
  +--> ?PR?_WR_EEPROM?EEPROM

?PR?_LEERMEMORIA?EEPROM                          -----    -----      -----    -----      00B0H    0005H
  +--> ?PR?_RD_EEPROM?EEPROM

?PR?PROG_NIT?PROG                                -----    -----      -----    -----      003FH    0010H
  +--> ?CO?PROG
  +--> ?PR?PRINTF?PRINTF
  +--> ?PR?_INGRESADATO?PROG
  +--> ?PR?_ESCRIBIRMEMORIA?EEPROM
  +--> ?PR?_LEERMEMORIA?EEPROM

?PR?PROG_NOM_PARQ?PROG                           -----    -----      -----    -----      003FH    0030H
  +--> ?CO?PROG
  +--> ?PR?PRINTF?PRINTF
  +--> ?PR?_INGRESADATO?PROG
  +--> ?PR?_ESCRIBIRMEMORIA?EEPROM
  +--> ?PR?_LEERMEMORIA?EEPROM

?PR?PROG_DIRECCION?PROG                          -----    -----      -----    -----      003FH    0030H
  +--> ?CO?PROG
  +--> ?PR?PRINTF?PRINTF
  +--> ?PR?_INGRESADATO?PROG
  +--> ?PR?_ESCRIBIRMEMORIA?EEPROM
  +--> ?PR?_LEERMEMORIA?EEPROM

?PR?PROG_MSJ1?PROG                               -----    -----      -----    -----      003FH    003EH
  +--> ?CO?PROG
  +--> ?PR?PRINTF?PRINTF
  +--> ?PR?_INGRESADATO?PROG
  +--> ?PR?_ESCRIBIRMEMORIA?EEPROM
  +--> ?PR?_LEERMEMORIA?EEPROM

?PR?PROG_MSJ2?PROG                               -----    -----      -----    -----      003FH    003EH
  +--> ?CO?PROG
  +--> ?PR?PRINTF?PRINTF
  +--> ?PR?_INGRESADATO?PROG
  +--> ?PR?_ESCRIBIRMEMORIA?EEPROM
  +--> ?PR?_LEERMEMORIA?EEPROM

?PR?PROG_MSJ3?PROG                               -----    -----      -----    -----      003FH    003EH
  +--> ?CO?PROG
  +--> ?PR?PRINTF?PRINTF
  +--> ?PR?_INGRESADATO?PROG
  +--> ?PR?_ESCRIBIRMEMORIA?EEPROM
  +--> ?PR?_LEERMEMORIA?EEPROM

?PR?PROG_MSJ4?PROG                               -----    -----      -----    -----      003FH    003EH
  +--> ?CO?PROG
BL51 BANKED LINKER/LOCATER V6.22.2.0                                                  07/16/2021  16:28:19  PAGE 11


  +--> ?PR?PRINTF?PRINTF
  +--> ?PR?_INGRESADATO?PROG
  +--> ?PR?_ESCRIBIRMEMORIA?EEPROM
  +--> ?PR?_LEERMEMORIA?EEPROM

?PR?PROG_MSJ5?PROG                               -----    -----      -----    -----      003FH    003EH
  +--> ?CO?PROG
  +--> ?PR?PRINTF?PRINTF
  +--> ?PR?_INGRESADATO?PROG
  +--> ?PR?_ESCRIBIRMEMORIA?EEPROM
  +--> ?PR?_LEERMEMORIA?EEPROM

?PR?PROG_MSJ6?PROG                               -----    -----      -----    -----      003FH    003EH
  +--> ?CO?PROG
  +--> ?PR?PRINTF?PRINTF
  +--> ?PR?_INGRESADATO?PROG
  +--> ?PR?_ESCRIBIRMEMORIA?EEPROM
  +--> ?PR?_LEERMEMORIA?EEPROM

?PR?PROG_MSJ7?PROG                               -----    -----      -----    -----      003FH    003EH
  +--> ?CO?PROG
  +--> ?PR?PRINTF?PRINTF
  +--> ?PR?_INGRESADATO?PROG
  +--> ?PR?_ESCRIBIRMEMORIA?EEPROM
  +--> ?PR?_LEERMEMORIA?EEPROM

?PR?SHOW?PROG                                    -----    -----      -----    -----      -----    -----
  +--> ?CO?PROG
  +--> ?PR?PRINTF?PRINTF

?PR?VARIABLE_INICIO?MAIN                         -----    -----      -----    -----      -----    -----
  +--> ?PR?_RD_EEPROM?EEPROM

?PR?_RECIBE_CMD_MONITOR?MONITOR                  -----    -----      -----    -----      000EH    0006H
  +--> ?PR?RX_DATA?TIBBO

?PR?RX_DATA?TIBBO                                -----    -----      -----    -----      -----    -----
  +--> ?PR?TIME_MBIT?TIBBO
  +--> ?PR?TIME_BIT?TIBBO

?PR?DEBUG_DIVIDIR_TEXTO?TIBBO                    -----    -----      -----    -----      -----    -----
  +--> ?CO?TIBBO
  +--> ?PR?_DEBUG_TXT_TIBBO?TIBBO

?PR?_DEBUG_TXT_TIBBO?TIBBO                       -----    -----      -----    -----      0050H    0004H
  +--> ?PR?_TX_AUX?TIBBO

?PR?_TX_AUX?TIBBO                                -----    -----      -----    -----      -----    -----
  +--> ?PR?TIME_BIT?TIBBO

?PR?_VALIDA_TRAMA_MONITOR?MONITOR                -----    -----      -----    -----      000EH    0003H

?PR?_DEBUGBUFFERMF?TIBBO                         -----    -----      -----    -----      0038H    0006H
  +--> ?CO?TIBBO
  +--> ?PR?_DEBUG_TXT_TIBBO?TIBBO
  +--> ?PR?_DEBUG_CHR_TIBBO?TIBBO
  +--> ?PR?_TX_AUX?TIBBO
BL51 BANKED LINKER/LOCATER V6.22.2.0                                                  07/16/2021  16:28:19  PAGE 12



?PR?_DEBUG_CHR_TIBBO?TIBBO                       -----    -----      -----    -----      -----    -----
  +--> ?PR?_TX_AUX?TIBBO

?PR?GENERA_TICKET?PRINTER_NANO                   -----    -----      -----    -----      -----    -----
  +--> ?PR?VALIDASENSORESPASO?IO_SENSORES
  +--> ?CO?PRINTER_NANO
  +--> ?PR?_DEBUG_TXT_TIBBO?TIBBO
  +--> ?PR?_PANTALLALCD?PANTALLAS
  +--> ?PR?_SEND_PORTERR?PTO_PARALELO
  +--> ?PR?SEL_PULSA?IO_SENSORES
  +--> ?PR?_CMD_MONITOR?MONITOR
  +--> ?PR?CLEAR_BUFFER?UART
  +--> ?PR?_STATUS?PRINTER_NANO
  +--> ?PR?_DEBUGBUFFERMF?TIBBO
  +--> ?PR?_TRAMA_PTO_PARALELO_PRINTER?PTO_P...
  +--> ?PR?PRINT_DATOS_CLIENTE_QR?PRINTER_NANO
  +--> ?PR?PRINT_DATOS_CLIENTE?PRINTER_NANO
  +--> ?PR?INCREMENTE_SERIE?NUM_SERIE
  +--> ?PR?CLEAR_PLACA?MONITOR
  +--> ?PR?SEL_SENSOR2?IO_SENSORES

?PR?VALIDASENSORESPASO?IO_SENSORES               -----    -----      -----    -----      -----    -----
  +--> ?PR?SEL_SENSOR2?IO_SENSORES
  +--> ?PR?VALIDASENSOR?IO_SENSORES
  +--> ?PR?SEL_SENSOR1?IO_SENSORES
  +--> ?PR?SEL_AUTO?IO_SENSORES
  +--> ?CO?IO_SENSORES
  +--> ?PR?_DEBUG_TXT_TIBBO?TIBBO

?PR?_PANTALLALCD?PANTALLAS                       -----    -----      -----    -----      001DH    0036H
  +--> ?CO?PANTALLAS
  +--> ?PR?_LCD_TXT?PANTALLAS
  +--> ?PR?_STRLEN?STRLEN
  +--> ?PR?_TX_CHRLCD?PANTALLAS
  +--> ?PR?_SERIE_ASCII_SICEROS_L?NUM_SERIE
  +--> ?PR?_STRCAT?STRCAT
  +--> ?PR?_LCD_TXT_NUM_CHAR?PANTALLAS
  +--> ?PR?_RASPBERRY_DATA?PANTALLAS

?PR?_LCD_TXT?PANTALLAS                           -----    -----      -----    -----      0053H    0005H
  +--> ?PR?_TX_CHRLCD?PANTALLAS

?PR?_TX_CHRLCD?PANTALLAS                         -----    -----      -----    -----      0059H    0002H
  +--> ?PR?_PUTCHAR?MAIN

?PR?_SERIE_ASCII_SICEROS_L?NUM_SERIE             -----    -----      -----    -----      009FH    0003H
  +--> ?PR?LEER_SERIE?NUM_SERIE
  +--> ?CO?NUM_SERIE
  +--> ?PR?PRINTF?PRINTF
  +--> ?PR?_CEROS_IZQ?NUM_SERIE

?PR?LEER_SERIE?NUM_SERIE                         -----    -----      -----    -----      00A2H    000EH
  +--> ?PR?_LEERMEMORIA?EEPROM
  +--> ?PR?_ATOL?ATOL

?PR?_ATOL?ATOL                                   0020H.0  0000H.1    -----    -----      00B0H    0007H
BL51 BANKED LINKER/LOCATER V6.22.2.0                                                  07/16/2021  16:28:19  PAGE 13


  +--> ?PR?_ISSPACE?ISSPACE
  +--> ?PR?_ISDIGIT?ISDIGIT

?PR?_CEROS_IZQ?NUM_SERIE                         -----    -----      -----    -----      00A2H    0002H

?PR?_LCD_TXT_NUM_CHAR?PANTALLAS                  -----    -----      -----    -----      0053H    0006H
  +--> ?PR?_TX_CHRLCD?PANTALLAS

?PR?_RASPBERRY_DATA?PANTALLAS                    -----    -----      -----    -----      0053H    0006H
  +--> ?PR?_STRLEN?STRLEN
  +--> ?PR?_PUTCHAR?MAIN

?PR?_SEND_PORTERR?PTO_PARALELO                   -----    -----      -----    -----      0010H    0006H
  +--> ?PR?PULSO_BUS?PTO_PARALELO
  +--> ?PR?_DELAY_20US?DELAY

?PR?PULSO_BUS?PTO_PARALELO                       -----    -----      -----    -----      -----    -----
  +--> ?PR?_DELAY_20US?DELAY

?PR?_CMD_MONITOR?MONITOR                         -----    -----      -----    -----      000EH    000DH
  +--> ?PR?DIR_BOARD?IO_SENSORES
  +--> ?PR?_SERIE_ASCII_SICEROS_L?NUM_SERIE
  +--> ?PR?_STRLEN?STRLEN
  +--> ?PR?_BLOCK_READ_CLOCK_ASCII?CLOCK
  +--> ?PR?_DEBUGBUFFERMF?TIBBO
  +--> ?PR?_MONITOR_CHR?MONITOR

?PR?DIR_BOARD?IO_SENSORES                        -----    -----      -----    -----      -----    -----
  +--> ?PR?SEL_DIR1?IO_SENSORES
  +--> ?PR?SEL_DIR2?IO_SENSORES

?PR?_BLOCK_READ_CLOCK_ASCII?CLOCK                -----    -----      -----    -----      009FH    0003H
  +--> ?PR?_LEE_CLK?CLOCK

?PR?_LEE_CLK?CLOCK                               -----    -----      -----    -----      00A2H    0003H
  +--> ?PR?_DELAY_20US?DELAY
  +--> ?PR?_EB_CLK?CLOCK
  +--> ?PR?P_CK?CLOCK

?PR?_EB_CLK?CLOCK                                -----    -----      -----    -----      00A5H    0003H
  +--> ?PR?P_CK?CLOCK

?PR?P_CK?CLOCK                                   -----    -----      -----    -----      -----    -----
  +--> ?PR?DELAY?DELAY

?PR?_MONITOR_CHR?MONITOR                         -----    -----      -----    -----      003FH    0005H
  +--> ?PR?_TX_AUX?TIBBO

?PR?_STATUS?PRINTER_NANO                         -----    -----      -----    -----      000EH    0001H
  +--> ?PR?_PUTCHAR?MAIN

?PR?_TRAMA_PTO_PARALELO_PRINTER?PTO_P...         -----    -----      -----    -----      000EH    002AH
  +--> ?PR?_SERIE_ASCII_SICEROS_L?NUM_SERIE
  +--> ?PR?_STRLEN?STRLEN
  +--> ?PR?_BLOCK_READ_CLOCK_HEX?CLOCK
  +--> ?PR?_SEND_PORT?PTO_PARALELO
  +--> ?PR?DEBUG_DIVIDIR_TEXTO?TIBBO
BL51 BANKED LINKER/LOCATER V6.22.2.0                                                  07/16/2021  16:28:19  PAGE 14


  +--> ?PR?_DEBUGBUFFERMF?TIBBO

?PR?_BLOCK_READ_CLOCK_HEX?CLOCK                  -----    -----      -----    -----      0038H    0003H
  +--> ?PR?_LEE_CLK?CLOCK
  +--> ?PR?_BCD_HEX?CLOCK

?PR?_SEND_PORT?PTO_PARALELO                      -----    -----      -----    -----      0038H    000AH
  +--> ?PR?PULSO_BUS?PTO_PARALELO
  +--> ?PR?_DELAY_20US?DELAY

?PR?PRINT_DATOS_CLIENTE_QR?PRINTER_NANO          -----    -----      -----    -----      000EH    0032H
  +--> ?PR?INICIALIZA_PRINT?PRINTER_NANO
  +--> ?PR?_POSICION_TABULACION?PRINTER_NANO
  +--> ?PR?MOVE_CAR?PRINTER_NANO
  +--> ?PR?_JUSTIFY?PRINTER_NANO
  +--> ?PR?_BOLD?PRINTER_NANO
  +--> ?PR?_TAMA_LETRA?PRINTER_NANO
  +--> ?PR?_ESPCS_ENT_CHR?PRINTER_NANO
  +--> ?PR?_ALIMENTAR_PAPER?PRINTER_NANO
  +--> ?PR?_LEERMEMORIA?EEPROM
  +--> ?CO?PRINTER_NANO
  +--> ?PR?PRINTF?PRINTF
  +--> ?PR?_INTERLINEADO?PRINTER_NANO
  +--> ?PR?PRINT_COD_QR?PRINTER_NANO
  +--> ?PR?PRINT_TICKET?PRINTER_NANO
  +--> ?PR?PRINT_MSJ_COD_BARRAS?PRINTER_NANO
  +--> ?PR?FULLCUT?PRINTER_NANO

?PR?INICIALIZA_PRINT?PRINTER_NANO                -----    -----      -----    -----      -----    -----
  +--> ?PR?_PUTCHAR?MAIN

?PR?_POSICION_TABULACION?PRINTER_NANO            -----    -----      -----    -----      0040H    0002H
  +--> ?PR?_PUTCHAR?MAIN

?PR?MOVE_CAR?PRINTER_NANO                        -----    -----      -----    -----      -----    -----
  +--> ?PR?_PUTCHAR?MAIN

?PR?_JUSTIFY?PRINTER_NANO                        -----    -----      -----    -----      -----    -----
  +--> ?PR?JUSTIFICAIZQ?PRINTER_NANO
  +--> ?PR?CENTRADO?PRINTER_NANO
  +--> ?PR?JUSTIFICADRC?PRINTER_NANO

?PR?JUSTIFICAIZQ?PRINTER_NANO                    -----    -----      -----    -----      -----    -----
  +--> ?PR?_PUTCHAR?MAIN

?PR?CENTRADO?PRINTER_NANO                        -----    -----      -----    -----      -----    -----
  +--> ?PR?_PUTCHAR?MAIN

?PR?JUSTIFICADRC?PRINTER_NANO                    -----    -----      -----    -----      -----    -----
  +--> ?PR?_PUTCHAR?MAIN

?PR?_BOLD?PRINTER_NANO                           -----    -----      -----    -----      007EH    0001H
  +--> ?PR?_PUTCHAR?MAIN

?PR?_TAMA_LETRA?PRINTER_NANO                     -----    -----      -----    -----      004FH    0001H
  +--> ?PR?_PUTCHAR?MAIN

BL51 BANKED LINKER/LOCATER V6.22.2.0                                                  07/16/2021  16:28:19  PAGE 15


?PR?_ESPCS_ENT_CHR?PRINTER_NANO                  -----    -----      -----    -----      004FH    0001H
  +--> ?PR?_PUTCHAR?MAIN

?PR?_ALIMENTAR_PAPER?PRINTER_NANO                -----    -----      -----    -----      0040H    0001H
  +--> ?PR?_PUTCHAR?MAIN

?PR?_INTERLINEADO?PRINTER_NANO                   -----    -----      -----    -----      007EH    0001H
  +--> ?PR?_PUTCHAR?MAIN

?PR?PRINT_COD_QR?PRINTER_NANO                    -----    -----      -----    -----      0040H    005FH
  +--> ?PR?FUNCION_165?PRINTER_NANO
  +--> ?PR?FUNCION_169?PRINTER_NANO
  +--> ?PR?FUNCION_167?PRINTER_NANO
  +--> ?CO?PRINTER_NANO
  +--> ?PR?_SERIE_ASCII_SICEROS_L?NUM_SERIE
  +--> ?PR?_STRCAT?STRCAT
  +--> ?PR?_BLOCK_READ_CLOCK_ASCII?CLOCK
  +--> ?PR?_STRNCAT?STRNCAT
  +--> ?PR?_FUNCION_180?PRINTER_NANO
  +--> ?PR?FUNCION_181?PRINTER_NANO

?PR?FUNCION_165?PRINTER_NANO                     -----    -----      -----    -----      -----    -----
  +--> ?PR?_PUTCHAR?MAIN

?PR?FUNCION_169?PRINTER_NANO                     -----    -----      -----    -----      -----    -----
  +--> ?PR?_PUTCHAR?MAIN

?PR?FUNCION_167?PRINTER_NANO                     -----    -----      -----    -----      -----    -----
  +--> ?PR?_PUTCHAR?MAIN

?PR?_STRNCAT?STRNCAT                             -----    -----      -----    -----      009FH    000AH

?PR?_FUNCION_180?PRINTER_NANO                    -----    -----      -----    -----      009FH    0005H
  +--> ?PR?_PUTCHAR?MAIN
  +--> ?PR?_STRLEN?STRLEN

?PR?FUNCION_181?PRINTER_NANO                     -----    -----      -----    -----      -----    -----
  +--> ?PR?_PUTCHAR?MAIN

?PR?PRINT_TICKET?PRINTER_NANO                    -----    -----      -----    -----      0040H    000FH
  +--> ?PR?_INTERLINEADO?PRINTER_NANO
  +--> ?PR?_BOLD?PRINTER_NANO
  +--> ?PR?_ALIMENTA_NLINE?PRINTER_NANO
  +--> ?PR?_JUSTIFY?PRINTER_NANO
  +--> ?CO?PRINTER_NANO
  +--> ?PR?PRINTF?PRINTF
  +--> ?PR?_SERIE_ASCII_SICEROS_L?NUM_SERIE
  +--> ?PR?_BLOCK_READ_CLOCK_ASCII?CLOCK
  +--> ?PR?_PUTCHAR?MAIN
  +--> ?PR?_TAMA_LETRA?PRINTER_NANO
  +--> ?PR?_ESPCS_ENT_CHR?PRINTER_NANO

?PR?_ALIMENTA_NLINE?PRINTER_NANO                 -----    -----      -----    -----      004FH    0001H
  +--> ?PR?_PUTCHAR?MAIN

?PR?PRINT_MSJ_COD_BARRAS?PRINTER_NANO            -----    -----      -----    -----      0040H    003EH
  +--> ?PR?_TIPO_FUENTE?PRINTER_NANO
BL51 BANKED LINKER/LOCATER V6.22.2.0                                                  07/16/2021  16:28:19  PAGE 16


  +--> ?PR?_INTERLINEADO?PRINTER_NANO
  +--> ?PR?_JUSTIFY?PRINTER_NANO
  +--> ?PR?_BOLD?PRINTER_NANO
  +--> ?PR?_LEERMEMORIA?EEPROM
  +--> ?CO?PRINTER_NANO
  +--> ?PR?PRINTF?PRINTF

?PR?_TIPO_FUENTE?PRINTER_NANO                    -----    -----      -----    -----      007EH    0001H
  +--> ?PR?_PUTCHAR?MAIN

?PR?FULLCUT?PRINTER_NANO                         -----    -----      -----    -----      -----    -----
  +--> ?PR?_PUTCHAR?MAIN

?PR?PRINT_DATOS_CLIENTE?PRINTER_NANO             -----    -----      -----    -----      000EH    0032H
  +--> ?PR?_INTERLINEADO?PRINTER_NANO
  +--> ?PR?_ALIMENTA_NLINE?PRINTER_NANO
  +--> ?PR?PRINT_COD_BARRAS?PRINTER_NANO
  +--> ?PR?INICIALIZA_PRINT?PRINTER_NANO
  +--> ?PR?_POSICION_TABULACION?PRINTER_NANO
  +--> ?PR?MOVE_CAR?PRINTER_NANO
  +--> ?PR?_JUSTIFY?PRINTER_NANO
  +--> ?PR?_BOLD?PRINTER_NANO
  +--> ?PR?_TAMA_LETRA?PRINTER_NANO
  +--> ?PR?_ESPCS_ENT_CHR?PRINTER_NANO
  +--> ?PR?_ALIMENTAR_PAPER?PRINTER_NANO
  +--> ?PR?_LEERMEMORIA?EEPROM
  +--> ?CO?PRINTER_NANO
  +--> ?PR?PRINTF?PRINTF
  +--> ?PR?PRINT_TICKET?PRINTER_NANO
  +--> ?PR?PRINT_MSJ_COD_BARRAS?PRINTER_NANO
  +--> ?PR?FULLCUT?PRINTER_NANO

?PR?PRINT_COD_BARRAS?PRINTER_NANO                -----    -----      -----    -----      0040H    000AH
  +--> ?PR?INICIALIZA_PRINT?PRINTER_NANO
  +--> ?PR?_JUSTIFY?PRINTER_NANO
  +--> ?PR?_HEIGHT_CODE_BAR?PRINTER_NANO
  +--> ?PR?_POSITION_HRI?PRINTER_NANO
  +--> ?PR?FOUNT_CHAR_HRI?PRINTER_NANO
  +--> ?PR?_TIPO_FUENTE?PRINTER_NANO
  +--> ?PR?_SERIE_ASCII_SICEROS_L?NUM_SERIE
  +--> ?PR?_STRLEN?STRLEN
  +--> ?PR?_PRIN_COD_BARRA?PRINTER_NANO

?PR?_HEIGHT_CODE_BAR?PRINTER_NANO                -----    -----      -----    -----      004AH    0001H
  +--> ?PR?_PUTCHAR?MAIN

?PR?_POSITION_HRI?PRINTER_NANO                   -----    -----      -----    -----      004AH    0001H
  +--> ?PR?_PUTCHAR?MAIN

?PR?FOUNT_CHAR_HRI?PRINTER_NANO                  -----    -----      -----    -----      -----    -----
  +--> ?PR?_PUTCHAR?MAIN

?PR?_PRIN_COD_BARRA?PRINTER_NANO                 -----    -----      -----    -----      004AH    0005H
  +--> ?PR?_PUTCHAR?MAIN

?PR?INCREMENTE_SERIE?NUM_SERIE                   -----    -----      -----    -----      000EH    0004H
  +--> ?PR?LEER_SERIE?NUM_SERIE
BL51 BANKED LINKER/LOCATER V6.22.2.0                                                  07/16/2021  16:28:19  PAGE 17


  +--> ?PR?_GRABA_SERIE?NUM_SERIE

?PR?_GRABA_SERIE?NUM_SERIE                       -----    -----      -----    -----      0012H    000AH
  +--> ?CO?NUM_SERIE
  +--> ?PR?PRINTF?PRINTF
  +--> ?PR?_ESCRIBIRMEMORIA?EEPROM

?PR?_RECIBE_PORT?PTO_PARALELO                    -----    -----      -----    -----      000EH    0007H
  +--> ?PR?OFF_TIMER0_INTERRUP?MAIN
  +--> ?PR?ON_TIMER0_INTERRUP?MAIN

?PR?_VALIDA_TRAMA_PTO?ACCESCAN                   -----    -----      -----    -----      000EH    000FH
  +--> ?PR?_BLOCK_WRITE_CLOCK_ASCII?CLOCK
  +--> ?PR?RELOJ_PANTALLA_LCD?PANTALLAS
  +--> ?PR?_PANTALLALCD?PANTALLAS
  +--> ?CO?ACCESCAN
  +--> ?PR?_DEBUG_TXT_TIBBO?TIBBO
  +--> ?PR?_BYTEHEX_DECIMAL?CLOCK
  +--> ?PR?_TWO_BYTEHEX_DECIMAL?CLOCK
  +--> ?PR?_PANTALLALCD_LINEA_2?PANTALLAS
  +--> ?PR?_CMD_LPR_SALIDA_WIEGAND?MONITOR
  +--> ?PR?_GRABA_SERIE_ASCII_HEX?NUM_SERIE
  +--> ?PR?_DEBUGBUFFERMF?TIBBO

?PR?_BLOCK_WRITE_CLOCK_ASCII?CLOCK               -----    -----      -----    -----      001DH    0003H
  +--> ?PR?_TWO_ONE?CLOCK
  +--> ?PR?_WR_CLK?CLOCK

?PR?_WR_CLK?CLOCK                                -----    -----      -----    -----      0020H    0002H
  +--> ?PR?_DELAY_20US?DELAY
  +--> ?PR?_EB_CLK?CLOCK

?PR?RELOJ_PANTALLA_LCD?PANTALLAS                 -----    -----      -----    -----      001DH    000DH
  +--> ?CO?PANTALLAS
  +--> ?PR?_BLOCK_READ_CLOCK?CLOCK
  +--> ?PR?_LCD_TXT_NUM_CHAR?PANTALLAS

?PR?_BLOCK_READ_CLOCK?CLOCK                      -----    -----      -----    -----      002AH    0003H
  +--> ?PR?_LEE_CLK?CLOCK

?PR?_BYTEHEX_DECIMAL?CLOCK                       -----    -----      -----    -----      001DH    0001H

?PR?_TWO_BYTEHEX_DECIMAL?CLOCK                   -----    -----      -----    -----      001DH    000CH
  +--> ?PR?_POW?POW

?PR?_POW?POW                                     -----    -----      -----    -----      0029H    000AH
  +--> ?PR?LOG?LOG
  +--> ?PR?EXP?EXP

?PR?LOG?LOG                                      0020H.0  0000H.1    -----    -----      0033H    0004H

?PR?_PANTALLALCD_LINEA_2?PANTALLAS               -----    -----      -----    -----      001DH    0033H
  +--> ?CO?PANTALLAS
  +--> ?PR?_LCD_TXT?PANTALLAS
  +--> ?PR?_STRLEN?STRLEN
  +--> ?PR?_TX_CHRLCD?PANTALLAS
  +--> ?PR?_STRCAT?STRCAT
BL51 BANKED LINKER/LOCATER V6.22.2.0                                                  07/16/2021  16:28:19  PAGE 18


  +--> ?PR?_RASPBERRY_DATA?PANTALLAS
  +--> ?PR?_DEBUG_TXT_TIBBO?TIBBO

?PR?_CMD_LPR_SALIDA_WIEGAND?MONITOR              -----    -----      -----    -----      001DH    0022H
  +--> ?PR?DIR_BOARD?IO_SENSORES
  +--> ?PR?_BLOCK_READ_CLOCK_ASCII?CLOCK
  +--> ?PR?_MONITOR_CHR?MONITOR

?PR?_GRABA_SERIE_ASCII_HEX?NUM_SERIE             -----    -----      -----    -----      -----    -----
  +--> ?PR?_ESCRIBIRMEMORIA?EEPROM

?PR?MSJ_LCD_INFORMATIVO?IO_SENSORES              -----    -----      -----    -----      000EH    0002H
  +--> ?PR?SEL_FUNCION?IO_SENSORES
  +--> ?PR?LOAD_AND_SEND_INFO_RELOJ?PTO_PARA...
  +--> ?PR?LOAD_AND_SEND_ID_COD?PTO_PARALELO
  +--> ?PR?_RD_EEPROM?EEPROM
  +--> ?PR?_SEND_PORTERR?PTO_PARALELO

?PR?LOAD_AND_SEND_INFO_RELOJ?PTO_PARA...         -----    -----      -----    -----      0010H    000BH
  +--> ?PR?_BLOCK_READ_CLOCK?CLOCK
  +--> ?PR?_LEE_CLK?CLOCK
  +--> ?PR?_SEND_PORT?PTO_PARALELO

?PR?LOAD_AND_SEND_ID_COD?PTO_PARALELO            -----    -----      -----    -----      0010H    0011H
  +--> ?CO?PTO_PARALELO
  +--> ?PR?PRINTF?PRINTF
  +--> ?PR?_SEND_PORT?PTO_PARALELO



SYMBOL TABLE OF MODULE:  .\Objects\expdprtr (MAIN)

  VALUE           TYPE          NAME
  ----------------------------------

  -------         MODULE        MAIN
  C:0000H         SYMBOL        _ICE_DUMMY_
  D:0080H         PUBLIC        P0
  D:0090H         PUBLIC        P1
  C:67EBH         PUBLIC        timer0_int
  D:00B0H         PUBLIC        P3
  X:015DH         PUBLIC        placa
  B:00A8H.7       PUBLIC        EA
  C:6AD5H         PUBLIC        off_Timer0_Interrup
  X:0166H         PUBLIC        ValTimeOutCom
  I:0022H         PUBLIC        Buffer_Rta_Lintech
  X:0167H         PUBLIC        Timer_wait
  X:0168H         PUBLIC        g_cContByteRx
  B:0080H.0       PUBLIC        rx_ip
  B:0080H.3       PUBLIC        Atascado
  C:4B8CH         PUBLIC        main
  C:54FDH         PUBLIC        variable_inicio
  B:0090H.7       PUBLIC        lock
  I:002CH         PUBLIC        rbuf
  C:6AC7H         PUBLIC        on_Timer0_Interrup
  I:005EH         PUBLIC        tbuf
  B:0090H.1       PUBLIC        DataIn
BL51 BANKED LINKER/LOCATER V6.22.2.0                                                  07/16/2021  16:28:19  PAGE 19


  D:0089H         PUBLIC        TMOD
  X:0169H         PUBLIC        USE_LPR
  X:016AH         PUBLIC        Debug_Tibbo
  X:016BH         PUBLIC        Raspberry
  X:016CH         PUBLIC        QR_BARRAS
  X:016DH         PUBLIC        SIN_COBRO
  X:016FH         PUBLIC        Tipo_Vehiculo
  B:00B0H.3       PUBLIC        busy
  C:69C4H         PUBLIC        ini_timer
  B:00A8H.1       PUBLIC        ET0
  B:0088H.5       PUBLIC        TF0
  X:0170H         PUBLIC        COMPARACION_ACTIVA
  X:0171H         PUBLIC        g_cEstadoImpresion
  D:008CH         PUBLIC        TH0
  X:0172H         PUBLIC        ACK
  X:0173H         PUBLIC        g_cEstadoComSoft
  D:008AH         PUBLIC        TL0
  B:0088H.4       PUBLIC        TR0
  C:69D4H         PUBLIC        inicia_board
  X:0174H         PUBLIC        T_GRACIA
  X:0176H         PUBLIC        COD_PARK
  B:0080H.7       PUBLIC        sel_com
  X:0178H         PUBLIC        STX_LINTECH
  C:6A4DH         PUBLIC        _getkey
  X:0179H         PUBLIC        ETX
  X:017AH         PUBLIC        ID_CLIENTE
  X:017CH         PUBLIC        buffer_ready
  C:62D2H         PUBLIC        _putchar
  B:0021H.1       PUBLIC        placa_ready
  -------         PROC          TIMER0_INT
  C:67EBH         LINE#         13
  C:67F1H         LINE#         16
  C:67F7H         LINE#         17
  C:67FBH         LINE#         18
  C:67FDH         LINE#         20
  -------         ENDPROC       TIMER0_INT
  -------         PROC          INI_TIMER
  C:69C4H         LINE#         23
  C:69C4H         LINE#         24
  C:69C4H         LINE#         26
  C:69CCH         LINE#         28
  C:69CFH         LINE#         29
  C:69D1H         LINE#         30
  C:69D3H         LINE#         32
  -------         ENDPROC       INI_TIMER
  -------         PROC          ON_TIMER0_INTERRUP
  C:6AC7H         LINE#         35
  C:6AC7H         LINE#         36
  C:6AC7H         LINE#         37
  C:6AC9H         LINE#         38
  C:6ACBH         LINE#         40
  -------         ENDPROC       ON_TIMER0_INTERRUP
  -------         PROC          OFF_TIMER0_INTERRUP
  C:6AD5H         LINE#         43
  C:6AD5H         LINE#         44
  C:6AD5H         LINE#         45
  C:6AD7H         LINE#         47
BL51 BANKED LINKER/LOCATER V6.22.2.0                                                  07/16/2021  16:28:19  PAGE 20


  -------         ENDPROC       OFF_TIMER0_INTERRUP
  -------         PROC          _GETKEY
  -------         DO            
  D:0006H         SYMBOL        k
  -------         ENDDO         
  C:6A4DH         LINE#         55
  C:6A4DH         LINE#         56
  C:6A4DH         LINE#         60
  C:6A4DH         LINE#         61
  C:6A50H         LINE#         62
  C:6A50H         LINE#         63
  C:6A58H         LINE#         65
  C:6A58H         LINE#         66
  -------         ENDPROC       _GETKEY
  -------         PROC          _PUTCHAR
  X:00D2H         SYMBOL        c
  -------         DO            
  X:00D3H         SYMBOL        i
  -------         ENDDO         
  C:62D2H         LINE#         70
  C:62D7H         LINE#         71
  C:62D7H         LINE#         74
  C:62E6H         LINE#         75
  C:62E6H         LINE#         76
  C:62FCH         LINE#         77
  C:62FCH         LINE#         79
  C:630AH         LINE#         80
  C:630AH         LINE#         82
  C:630FH         LINE#         83
  -------         ENDPROC       _PUTCHAR
  -------         PROC          INICIA_BOARD
  C:69D4H         LINE#         101
  C:69D4H         LINE#         102
  C:69D4H         LINE#         103
  C:69D7H         LINE#         104
  C:69DAH         LINE#         105
  C:69DDH         LINE#         106
  C:69DFH         LINE#         107
  C:69E1H         LINE#         108
  C:69E3H         LINE#         110
  -------         ENDPROC       INICIA_BOARD
  -------         PROC          VARIABLE_INICIO
  C:54FDH         LINE#         114
  C:54FDH         LINE#         115
  C:54FDH         LINE#         117
  C:550DH         LINE#         118
  C:551EH         LINE#         119
  C:552FH         LINE#         120
  C:5540H         LINE#         121
  C:554EH         LINE#         122
  C:555CH         LINE#         123
  C:556AH         LINE#         124
  C:5578H         LINE#         125
  C:5586H         LINE#         126
  -------         ENDPROC       VARIABLE_INICIO
  -------         PROC          MAIN
  -------         DO            
BL51 BANKED LINKER/LOCATER V6.22.2.0                                                  07/16/2021  16:28:19  PAGE 21


  X:0135H         SYMBOL        buffer
  X:0000H         SYMBOL        buffer1
  X:000DH         SYMBOL        Length_trama
  -------         ENDDO         
  C:4B8CH         LINE#         134
  C:4B8CH         LINE#         135
  C:4B8CH         LINE#         142
  C:4B8FH         LINE#         143
  C:4B92H         LINE#         144
  C:4B95H         LINE#         145
  C:4B98H         LINE#         146
  C:4B9BH         LINE#         147
  C:4B9DH         LINE#         154
  C:4BA0H         LINE#         155
  C:4BA3H         LINE#         156
  C:4BA3H         LINE#         157
  C:4BA6H         LINE#         158
  C:4BA6H         LINE#         159
  C:4BA9H         LINE#         161
  C:4BAFH         LINE#         163
  C:4BAFH         LINE#         164
  C:4BAFH         LINE#         167
  C:4BB2H         LINE#         168
  C:4BB2H         LINE#         170
  C:4BC0H         LINE#         171
  C:4BC3H         LINE#         172
  C:4BD1H         LINE#         173
  C:4BE5H         LINE#         174
  C:4BEEH         LINE#         175
  C:4BF1H         LINE#         176
  C:4BF1H         LINE#         178
  C:4BF4H         LINE#         181
  C:4BF7H         LINE#         182
  C:4BF7H         LINE#         184
  C:4C05H         LINE#         187
  C:4C0EH         LINE#         188
  C:4C22H         LINE#         189
  C:4C2BH         LINE#         190
  C:4C33H         LINE#         193
  C:4C41H         LINE#         195
  C:4C41H         LINE#         196
  C:4C44H         LINE#         199
  -------         ENDPROC       MAIN
  -------         ENDMOD        MAIN

  -------         MODULE        ACCESCAN
  C:0000H         SYMBOL        _ICE_DUMMY_
  D:0080H         PUBLIC        P0
  D:0090H         PUBLIC        P1
  B:0080H.2       PUBLIC        led_err_imp
  B:0080H.3       PUBLIC        Atascado
  B:0090H.7       PUBLIC        lock
  C:1CCBH         PUBLIC        _Valida_Trama_Pto
  -------         PROC          _VALIDA_TRAMA_PTO
  X:000EH         SYMBOL        buffer
  X:0011H         SYMBOL        length_trama
  -------         DO            
BL51 BANKED LINKER/LOCATER V6.22.2.0                                                  07/16/2021  16:28:19  PAGE 22


  X:0012H         SYMBOL        buff
  -------         ENDDO         
  C:1CCBH         LINE#         75
  C:1CD9H         LINE#         76
  C:1CD9H         LINE#         79
  C:1D0FH         LINE#         80
  C:1D0FH         LINE#         82
  C:1D1EH         LINE#         84
  C:1D21H         LINE#         86
  C:1D21H         LINE#         88
  C:1D33H         LINE#         89
  C:1D33H         LINE#         90
  C:1D35H         LINE#         91
  C:1D38H         LINE#         93
  C:1D4AH         LINE#         94
  C:1D4AH         LINE#         95
  C:1D4CH         LINE#         96
  C:1D4FH         LINE#         98
  C:1D61H         LINE#         99
  C:1D61H         LINE#         100
  C:1D63H         LINE#         101
  C:1D66H         LINE#         103
  C:1D80H         LINE#         104
  C:1D80H         LINE#         105
  C:1D82H         LINE#         106
  C:1D85H         LINE#         108
  C:1D9FH         LINE#         109
  C:1D9FH         LINE#         110
  C:1DA1H         LINE#         111
  C:1DA4H         LINE#         114
  C:1DB6H         LINE#         115
  C:1DB6H         LINE#         116
  C:1DC3H         LINE#         117
  C:1DC3H         LINE#         118
  C:1DC8H         LINE#         119
  C:1DCAH         LINE#         120
  C:1DCFH         LINE#         121
  C:1DD1H         LINE#         122
  C:1DD3H         LINE#         123
  C:1DD9H         LINE#         124
  C:1DD9H         LINE#         125
  C:1DEDH         LINE#         126
  C:1DEDH         LINE#         127
  C:1DEDH         LINE#         128
  C:1DEDH         LINE#         130
  C:1DEDH         LINE#         131
  C:1DEDH         LINE#         132
  C:1DEFH         LINE#         134
  C:1E01H         LINE#         135
  C:1E01H         LINE#         137
  C:1E11H         LINE#         138
  C:1E11H         LINE#         139
  C:1E13H         LINE#         140
  C:1E15H         LINE#         141
  C:1E17H         LINE#         142
  C:1E19H         LINE#         143
  C:1E1FH         LINE#         144
BL51 BANKED LINKER/LOCATER V6.22.2.0                                                  07/16/2021  16:28:19  PAGE 23


  C:1E33H         LINE#         145
  C:1E33H         LINE#         146
  C:1E38H         LINE#         147
  C:1E41H         LINE#         149
  C:1E46H         LINE#         150
  C:1E46H         LINE#         151
  C:1E46H         LINE#         153
  C:1E47H         LINE#         155
  C:1E78H         LINE#         156
  C:1E78H         LINE#         157
  C:1E80H         LINE#         158
  C:1E89H         LINE#         159
  C:1E8CH         LINE#         161
  C:1EC4H         LINE#         162
  C:1EC4H         LINE#         163
  C:1ECCH         LINE#         164
  C:1ED5H         LINE#         165
  C:1ED8H         LINE#         166
  C:1EF2H         LINE#         167
  C:1EF2H         LINE#         168
  C:1EF7H         LINE#         169
  C:1EF7H         LINE#         171
  C:1F34H         LINE#         172
  C:1F34H         LINE#         174
  C:1F49H         LINE#         175
  C:1F4FH         LINE#         176
  C:1F79H         LINE#         177
  C:1F89H         LINE#         178
  C:1F89H         LINE#         181
  C:1F8CH         LINE#         187
  C:1F95H         LINE#         188
  C:1F95H         LINE#         191
  C:1F95H         LINE#         194
  C:1F98H         LINE#         198
  C:1F98H         LINE#         199
  C:1F98H         LINE#         200
  C:1FC5H         LINE#         201
  C:1FC5H         LINE#         202
  C:1FD4H         LINE#         205
  C:1FDDH         LINE#         206
  C:1FF4H         LINE#         209
  C:1FF4H         LINE#         210
  -------         ENDPROC       _VALIDA_TRAMA_PTO
  -------         ENDMOD        ACCESCAN

  -------         MODULE        CLOCK
  C:0000H         SYMBOL        _ICE_DUMMY_
  C:6187H         PUBLIC        _two_one
  D:0090H         PUBLIC        P1
  C:6586H         PUBLIC        _wr_clk
  B:00D0H.7       PUBLIC        CY
  C:0003H         PUBLIC        p_ck
  X:01A3H         PUBLIC        data_clk
  C:6A89H         PUBLIC        cond_ini_clock
  C:494EH         PUBLIC        _Block_read_Clock
  B:0090H.4       PUBLIC        sck
  C:4F14H         PUBLIC        _Block_read_Clock_Hex
BL51 BANKED LINKER/LOCATER V6.22.2.0                                                  07/16/2021  16:28:19  PAGE 24


  C:2DB0H         PUBLIC        _Block_read_clock_ascii
  C:675EH         PUBLIC        _bcd_hex
  C:5BEFH         PUBLIC        _ByteHex_Decimal
  C:52CCH         PUBLIC        _lee_clk
  B:0090H.5       PUBLIC        io
  C:53E2H         PUBLIC        _Block_write_clock_ascii
  B:0090H.6       PUBLIC        rst
  C:6215H         PUBLIC        _eb_clk
  C:1FF5H         PUBLIC        _Two_ByteHex_Decimal
  -------         PROC          P_CK
  C:0003H         LINE#         37
  C:0003H         LINE#         38
  C:0003H         LINE#         39
  C:0005H         LINE#         40
  C:0008H         LINE#         41
  C:000AH         LINE#         42
  -------         ENDPROC       P_CK
  -------         PROC          _EB_CLK
  X:00A5H         SYMBOL        dir_clk
  -------         DO            
  X:00A6H         SYMBOL        nbits
  -------         ENDDO         
  C:6215H         LINE#         44
  C:621AH         LINE#         46
  C:621FH         LINE#         47
  C:621FH         LINE#         48
  C:6228H         LINE#         49
  C:622BH         LINE#         50
  C:622BH         LINE#         51
  C:622DH         LINE#         52
  C:622FH         LINE#         54
  C:622FH         LINE#         55
  C:6231H         LINE#         56
  C:6231H         LINE#         57
  C:6234H         LINE#         58
  C:6253H         LINE#         59
  -------         ENDPROC       _EB_CLK
  C:52C2H         SYMBOL        L?0048
  -------         PROC          L?0047
  -------         ENDPROC       L?0047
  C:52C2H         SYMBOL        L?0048
  -------         PROC          _LEE_CLK
  X:00A2H         SYMBOL        dir_clk
  -------         DO            
  X:00A3H         SYMBOL        nbits
  -------         ENDDO         
  C:52CCH         LINE#         61
  C:52D1H         LINE#         63
  C:52D3H         LINE#         64
  C:52DAH         LINE#         65
  C:52E2H         LINE#         66
  C:52FBH         LINE#         67
  C:52FBH         LINE#         68
  C:52FEH         LINE#         69
  C:52FEH         LINE#         70
  C:5305H         LINE#         71
  C:530FH         LINE#         72
BL51 BANKED LINKER/LOCATER V6.22.2.0                                                  07/16/2021  16:28:19  PAGE 25


  C:5314H         LINE#         73
  C:5314H         LINE#         74
  C:5314H         LINE#         75
  C:5317H         LINE#         76
  C:5317H         LINE#         77
  C:531EH         LINE#         78
  C:532FH         LINE#         79
  C:532FH         LINE#         80
  C:5337H         LINE#         81
  C:5337H         LINE#         82
  C:5337H         LINE#         83
  C:533AH         LINE#         84
  C:534AH         LINE#         85
  C:534CH         LINE#         86
  C:5351H         LINE#         87
  -------         ENDPROC       _LEE_CLK
  -------         PROC          _WR_CLK
  X:0020H         SYMBOL        dir_clk
  X:0021H         SYMBOL        byte
  C:6586H         LINE#         89
  C:658EH         LINE#         90
  C:6590H         LINE#         91
  C:6597H         LINE#         92
  C:659FH         LINE#         93
  C:65A8H         LINE#         94
  C:65ABH         LINE#         95
  C:65ADH         LINE#         97
  -------         ENDPROC       _WR_CLK
  C:6153H         SYMBOL        L?0045
  C:6171H         SYMBOL        L?0046
  -------         PROC          L?0044
  -------         ENDPROC       L?0044
  C:6153H         SYMBOL        L?0045
  C:6171H         SYMBOL        L?0046
  -------         PROC          _TWO_ONE
  D:0007H         SYMBOL        byte_h
  D:0005H         SYMBOL        byte_l
  -------         DO            
  D:0007H         SYMBOL        byte_out
  -------         ENDDO         
  C:6187H         LINE#         99
  C:6187H         LINE#         100
  C:6187H         LINE#         102
  C:618AH         LINE#         103
  C:618EH         LINE#         104
  C:6191H         LINE#         105
  C:6193H         LINE#         106
  C:6193H         LINE#         107
  -------         ENDPROC       _TWO_ONE
  -------         PROC          _BLOCK_WRITE_CLOCK_ASCII
  X:001DH         SYMBOL        datos_clock
  C:53E2H         LINE#         112
  C:53EDH         LINE#         114
  C:53EDH         LINE#         118
  C:53F7H         LINE#         119
  C:53F7H         LINE#         120
  C:53F7H         LINE#         121
BL51 BANKED LINKER/LOCATER V6.22.2.0                                                  07/16/2021  16:28:19  PAGE 26


  C:53F7H         LINE#         123
  C:5401H         LINE#         124
  C:540BH         LINE#         125
  C:5415H         LINE#         126
  C:5415H         LINE#         127
  C:5415H         LINE#         128
  C:5415H         LINE#         130
  C:541FH         LINE#         131
  C:541FH         LINE#         132
  C:541FH         LINE#         133
  C:541FH         LINE#         135
  C:5429H         LINE#         136
  C:5429H         LINE#         137
  C:5429H         LINE#         138
  C:5429H         LINE#         140
  C:5433H         LINE#         141
  C:5433H         LINE#         142
  C:5433H         LINE#         143
  C:5433H         LINE#         145
  C:543DH         LINE#         146
  C:5447H         LINE#         147
  C:5451H         LINE#         148
  C:545BH         LINE#         150
  -------         ENDPROC       _BLOCK_WRITE_CLOCK_ASCII
  -------         PROC          _BCD_HEX
  D:0007H         SYMBOL        l_data
  -------         DO            
  D:0006H         SYMBOL        temp
  D:0005H         SYMBOL        j
  -------         ENDDO         
  C:675EH         LINE#         156
  C:675EH         LINE#         157
  C:675EH         LINE#         159
  C:6760H         LINE#         160
  C:6764H         LINE#         161
  C:6767H         LINE#         162
  C:6769H         LINE#         163
  C:6769H         LINE#         164
  C:676DH         LINE#         165
  C:6774H         LINE#         166
  C:6774H         LINE#         167
  C:6778H         LINE#         168
  C:677BH         LINE#         169
  C:677BH         LINE#         170
  C:677BH         LINE#         171
  -------         ENDPROC       _BCD_HEX
  -------         PROC          _BYTEHEX_DECIMAL
  D:0001H         SYMBOL        buffer
  D:0005H         SYMBOL        valorhex
  -------         DO            
  X:001DH         SYMBOL        numero
  D:0007H         SYMBOL        centena
  D:0006H         SYMBOL        decena
  -------         ENDDO         
  C:5BEFH         LINE#         207
  C:5BEFH         LINE#         208
  C:5BEFH         LINE#         211
BL51 BANKED LINKER/LOCATER V6.22.2.0                                                  07/16/2021  16:28:19  PAGE 27


  C:5BF1H         LINE#         212
  C:5BF2H         LINE#         213
  C:5BF7H         LINE#         215
  C:5C04H         LINE#         216
  C:5C04H         LINE#         217
  C:5C08H         LINE#         218
  C:5C09H         LINE#         219
  C:5C0BH         LINE#         220
  C:5C11H         LINE#         221
  C:5C18H         LINE#         222
  C:5C25H         LINE#         223
  C:5C25H         LINE#         224
  C:5C29H         LINE#         225
  C:5C2AH         LINE#         226
  C:5C2CH         LINE#         227
  C:5C32H         LINE#         228
  C:5C39H         LINE#         229
  -------         ENDPROC       _BYTEHEX_DECIMAL
  -------         PROC          _TWO_BYTEHEX_DECIMAL
  X:001DH         SYMBOL        buffer
  X:0020H         SYMBOL        id_h
  X:0021H         SYMBOL        id_l
  -------         DO            
  X:0022H         SYMBOL        valor
  D:0006H         SYMBOL        numero
  X:0024H         SYMBOL        temp
  X:0025H         SYMBOL        dmil
  X:0026H         SYMBOL        mil
  X:0027H         SYMBOL        centena
  X:0028H         SYMBOL        decena
  -------         ENDDO         
  C:1FF5H         LINE#         237
  C:2003H         LINE#         238
  C:2003H         LINE#         242
  C:200AH         LINE#         243
  C:200EH         LINE#         244
  C:2010H         LINE#         245
  C:2012H         LINE#         246
  C:2014H         LINE#         249
  C:2019H         LINE#         250
  C:201CH         LINE#         251
  C:2022H         LINE#         253
  C:207DH         LINE#         254
  C:2085H         LINE#         255
  C:2088H         LINE#         256
  C:20E3H         LINE#         258
  C:20EBH         LINE#         259
  C:20EEH         LINE#         260
  C:20F4H         LINE#         261
  C:214FH         LINE#         262
  C:2157H         LINE#         263
  C:215AH         LINE#         264
  C:21B5H         LINE#         265
  C:21B5H         LINE#         267
  C:21BEH         LINE#         268
  C:21BEH         LINE#         269
  C:21C6H         LINE#         270
BL51 BANKED LINKER/LOCATER V6.22.2.0                                                  07/16/2021  16:28:19  PAGE 28


  C:21CCH         LINE#         271
  C:21CEH         LINE#         272
  C:21E4H         LINE#         273
  C:21EEH         LINE#         274
  C:21F7H         LINE#         275
  C:21F7H         LINE#         276
  C:21FFH         LINE#         277
  C:2205H         LINE#         278
  C:2207H         LINE#         279
  C:221DH         LINE#         280
  C:2227H         LINE#         281
  C:2230H         LINE#         282
  C:2230H         LINE#         283
  C:2238H         LINE#         284
  C:223EH         LINE#         285
  C:2240H         LINE#         286
  C:2256H         LINE#         287
  C:2260H         LINE#         288
  C:2269H         LINE#         289
  C:2269H         LINE#         290
  C:2271H         LINE#         291
  C:2277H         LINE#         292
  C:2279H         LINE#         293
  C:228FH         LINE#         294
  C:2299H         LINE#         295
  C:22ACH         LINE#         296
  C:22B6H         LINE#         297
  -------         ENDPROC       _TWO_BYTEHEX_DECIMAL
  -------         PROC          _BLOCK_READ_CLOCK_ASCII
  X:009FH         SYMBOL        datos_clock
  -------         DO            
  D:0007H         SYMBOL        dato
  -------         ENDDO         
  C:2DB0H         LINE#         303
  C:2DB3H         LINE#         304
  C:2DB3H         LINE#         310
  C:2DB6H         LINE#         311
  C:2DCEH         LINE#         312
  C:2DD8H         LINE#         313
  C:2DEDH         LINE#         314
  C:2DF7H         LINE#         317
  C:2DFCH         LINE#         318
  C:2E14H         LINE#         319
  C:2E1EH         LINE#         320
  C:2E33H         LINE#         321
  C:2E3DH         LINE#         324
  C:2E42H         LINE#         325
  C:2E5AH         LINE#         326
  C:2E64H         LINE#         327
  C:2E79H         LINE#         328
  C:2E83H         LINE#         332
  C:2E88H         LINE#         333
  C:2EA0H         LINE#         334
  C:2EAAH         LINE#         335
  C:2EBFH         LINE#         336
  C:2EC9H         LINE#         339
  C:2ECEH         LINE#         340
BL51 BANKED LINKER/LOCATER V6.22.2.0                                                  07/16/2021  16:28:19  PAGE 29


  C:2EE6H         LINE#         341
  C:2EF0H         LINE#         342
  C:2F05H         LINE#         343
  C:2F0FH         LINE#         346
  C:2F14H         LINE#         347
  C:2F2CH         LINE#         348
  C:2F36H         LINE#         349
  C:2F4BH         LINE#         350
  C:2F55H         LINE#         353
  C:2F5AH         LINE#         354
  C:2F6FH         LINE#         355
  C:2F79H         LINE#         356
  -------         ENDPROC       _BLOCK_READ_CLOCK_ASCII
  -------         PROC          _BLOCK_READ_CLOCK_HEX
  X:0038H         SYMBOL        datos_clock
  C:4F14H         LINE#         359
  C:4F17H         LINE#         360
  C:4F17H         LINE#         363
  C:4F2CH         LINE#         364
  C:4F36H         LINE#         366
  C:4F4DH         LINE#         367
  C:4F57H         LINE#         369
  C:4F6EH         LINE#         370
  C:4F78H         LINE#         372
  C:4F8FH         LINE#         373
  C:4F99H         LINE#         375
  C:4FB0H         LINE#         376
  -------         ENDPROC       _BLOCK_READ_CLOCK_HEX
  -------         PROC          _BLOCK_READ_CLOCK
  X:002AH         SYMBOL        datos_clock
  C:494EH         LINE#         403
  C:4951H         LINE#         404
  C:4951H         LINE#         406
  C:4963H         LINE#         407
  C:496DH         LINE#         409
  C:4981H         LINE#         410
  C:498BH         LINE#         412
  C:499FH         LINE#         413
  C:49A9H         LINE#         415
  C:49BDH         LINE#         416
  C:49C7H         LINE#         418
  C:49DBH         LINE#         419
  C:49E5H         LINE#         421
  C:49F9H         LINE#         422
  C:4A03H         LINE#         423
  -------         ENDPROC       _BLOCK_READ_CLOCK
  -------         PROC          COND_INI_CLOCK
  C:6A89H         LINE#         426
  C:6A89H         LINE#         427
  C:6A89H         LINE#         428
  C:6A8BH         LINE#         429
  C:6A8DH         LINE#         430
  C:6A8FH         LINE#         431
  -------         ENDPROC       COND_INI_CLOCK
  -------         ENDMOD        CLOCK

  -------         MODULE        DELAY
BL51 BANKED LINKER/LOCATER V6.22.2.0                                                  07/16/2021  16:28:19  PAGE 30


  C:0000H         SYMBOL        _ICE_DUMMY_
  C:6958H         PUBLIC        _Delay_20us
  C:67B6H         PUBLIC        _Delay_1ms
  C:6ADBH         PUBLIC        Delay
  -------         PROC          _DELAY_20US
  D:0006H         SYMBOL        cnt
  -------         DO            
  D:0004H         SYMBOL        i
  -------         ENDDO         
  C:6958H         LINE#         20
  C:6958H         LINE#         21
  C:6958H         LINE#         24
  C:6962H         LINE#         26
  C:6969H         LINE#         27
  -------         ENDPROC       _DELAY_20US
  -------         PROC          _DELAY_1MS
  D:0002H         SYMBOL        cnt
  -------         DO            
  D:0082H         SYMBOL        i
  -------         ENDDO         
  C:67B6H         LINE#         38
  C:67BAH         LINE#         39
  C:67BAH         LINE#         41
  C:67D0H         LINE#         42
  -------         ENDPROC       _DELAY_1MS
  -------         PROC          DELAY
  C:6ADBH         LINE#         60
  C:6ADBH         LINE#         62
  -------         ENDPROC       DELAY
  -------         ENDMOD        DELAY

  -------         MODULE        EEPROM
  C:0000H         SYMBOL        _ICE_DUMMY_
  D:0090H         PUBLIC        P1
  C:5587H         PUBLIC        _EscribirMemoria
  X:019BH         PUBLIC        l_chr
  C:66E2H         PUBLIC        ackd
  B:0021H.2       PUBLIC        memory_flag
  B:00D0H.7       PUBLIC        CY
  C:6AC1H         PUBLIC        p_me
  C:6972H         PUBLIC        start
  B:0090H.2       PUBLIC        sda
  C:6702H         PUBLIC        ack_lect
  B:0090H.3       PUBLIC        scl
  C:643EH         PUBLIC        _rd_eeprom
  C:6A77H         PUBLIC        stop
  X:019CH         PUBLIC        l_data_eeprom
  C:6254H         PUBLIC        _wr_eeprom
  C:5B40H         PUBLIC        _LeerMemoria
  X:019DH         PUBLIC        byte_rd
  C:669BH         PUBLIC        _e_d_m
  C:5C92H         PUBLIC        l_d_m
  -------         PROC          L?0043
  -------         ENDPROC       L?0043
  -------         PROC          ACKD
  -------         DO            
  D:0006H         SYMBOL        i
BL51 BANKED LINKER/LOCATER V6.22.2.0                                                  07/16/2021  16:28:19  PAGE 31


  -------         ENDDO         
  C:66E2H         LINE#         32
  C:66E2H         LINE#         33
  C:66E2H         LINE#         35
  C:66E4H         LINE#         36
  C:66E6H         LINE#         37
  C:66E8H         LINE#         38
  C:66EBH         LINE#         39
  C:66EBH         LINE#         40
  C:66EEH         LINE#         41
  C:66EEH         LINE#         42
  C:66F0H         LINE#         43
  C:66F2H         LINE#         45
  C:66F3H         LINE#         46
  C:66F3H         LINE#         47
  C:66FEH         LINE#         49
  C:66FEH         LINE#         50
  C:66FEH         LINE#         52
  C:66FEH         LINE#         53
  -------         ENDPROC       ACKD
  -------         PROC          L?0045
  -------         ENDPROC       L?0045
  -------         PROC          ACK_LECT
  -------         DO            
  D:0006H         SYMBOL        i
  -------         ENDDO         
  C:6702H         LINE#         56
  C:6702H         LINE#         57
  C:6702H         LINE#         59
  C:6704H         LINE#         60
  C:6706H         LINE#         61
  C:6708H         LINE#         62
  C:670BH         LINE#         63
  C:670BH         LINE#         64
  C:670EH         LINE#         65
  C:670EH         LINE#         66
  C:6710H         LINE#         67
  C:6712H         LINE#         68
  C:6713H         LINE#         69
  C:6713H         LINE#         70
  C:671EH         LINE#         71
  -------         ENDPROC       ACK_LECT
  -------         PROC          P_ME
  C:6AC1H         LINE#         73
  C:6AC1H         LINE#         74
  C:6AC1H         LINE#         75
  C:6AC3H         LINE#         76
  C:6AC4H         LINE#         77
  C:6AC6H         LINE#         78
  -------         ENDPROC       P_ME
  -------         PROC          _E_D_M
  D:0007H         SYMBOL        a_serial_eeprom
  -------         DO            
  D:0006H         SYMBOL        nbits
  -------         ENDDO         
  C:669BH         LINE#         80
  C:669BH         LINE#         81
BL51 BANKED LINKER/LOCATER V6.22.2.0                                                  07/16/2021  16:28:19  PAGE 32


  C:669BH         LINE#         83
  C:66A7H         LINE#         84
  C:66A7H         LINE#         85
  C:66ABH         LINE#         86
  C:66AEH         LINE#         87
  C:66AEH         LINE#         88
  C:66B0H         LINE#         89
  C:66B2H         LINE#         91
  C:66B2H         LINE#         92
  C:66B4H         LINE#         93
  C:66B4H         LINE#         94
  C:66B6H         LINE#         95
  C:66B9H         LINE#         96
  C:66BCH         LINE#         98
  -------         ENDPROC       _E_D_M
  -------         PROC          L?0044
  -------         ENDPROC       L?0044
  -------         PROC          START
  C:6972H         LINE#         100
  C:6972H         LINE#         101
  C:6972H         LINE#         102
  C:6974H         LINE#         103
  C:6976H         LINE#         104
  C:6977H         LINE#         105
  C:6979H         LINE#         106
  C:697BH         LINE#         108
  -------         ENDPROC       START
  -------         PROC          STOP
  C:6A77H         LINE#         110
  C:6A77H         LINE#         111
  C:6A77H         LINE#         112
  C:6A79H         LINE#         113
  C:6A7BH         LINE#         114
  C:6A7DH         LINE#         115
  C:6A7FH         LINE#         117
  -------         ENDPROC       STOP
  -------         PROC          L_D_M
  -------         DO            
  D:0003H         SYMBOL        nbits
  -------         ENDDO         
  C:5C92H         LINE#         119
  C:5C92H         LINE#         120
  C:5C92H         LINE#         122
  C:5C9FH         LINE#         123
  C:5C9FH         LINE#         124
  C:5CA1H         LINE#         125
  C:5CA4H         LINE#         126
  C:5CA4H         LINE#         127
  C:5CABH         LINE#         128
  C:5CB4H         LINE#         129
  C:5CB4H         LINE#         130
  C:5CB8H         LINE#         131
  C:5CBAH         LINE#         132
  C:5CBAH         LINE#         133
  C:5CBAH         LINE#         134
[...]


  C:2CDBH         LINE#         821
  C:2CE9H         LINE#         822
  C:2CE9H         LINE#         823
  C:2CEEH         LINE#         825
  C:2CF3H         LINE#         826
  C:2CF8H         LINE#         827
  C:2D01H         LINE#         828
  C:2D07H         LINE#         829
  C:2D07H         LINE#         830
  C:2D0AH         LINE#         831
  C:2D0CH         LINE#         833
  C:2D0CH         LINE#         834
  C:2D0FH         LINE#         835
  C:2D0FH         LINE#         837
  C:2D15H         LINE#         838
  C:2D1AH         LINE#         839
  C:2D1EH         LINE#         840
  C:2D24H         LINE#         841
  C:2D26H         LINE#         842
  C:2D2BH         LINE#         843
  C:2D2EH         LINE#         844
  C:2D31H         LINE#         845
  C:2D31H         LINE#         846
  C:2D31H         LINE#         851
  C:2D31H         LINE#         852
  C:2D39H         LINE#         853
  C:2D39H         LINE#         854
  C:2D3FH         LINE#         855
  C:2D49H         LINE#         856
  C:2D49H         LINE#         857
  C:2D4CH         LINE#         858
  C:2D4FH         LINE#         859
  C:2D4FH         LINE#         861
  C:2D52H         LINE#         862
  C:2D62H         LINE#         863
  C:2D62H         LINE#         864
  C:2D67H         LINE#         865
  C:2D6BH         LINE#         866
  C:2D6DH         LINE#         867
  C:2D6DH         LINE#         868
  C:2D6DH         LINE#         869
  C:2D6DH         LINE#         870
  C:2D6DH         LINE#         871
  C:2D6FH         LINE#         873
  C:2D6FH         LINE#         874
  C:2D74H         LINE#         875
  C:2D76H         LINE#         876
  C:2D76H         LINE#         877
  C:2D76H         LINE#         878
  C:2D76H         LINE#         879
  C:2D76H         LINE#         880
  C:2D76H         LINE#         881
  C:2D78H         LINE#         883
  C:2D78H         LINE#         885
  C:2D7EH         LINE#         886
  C:2D83H         LINE#         887
  C:2D87H         LINE#         888
BL51 BANKED LINKER/LOCATER V6.22.2.0                                                  07/16/2021  16:28:19  PAGE 78


  C:2D8DH         LINE#         889
  C:2D8DH         LINE#         890
  C:2D8EH         LINE#         891
  C:2D8EH         LINE#         892
  C:2D93H         LINE#         893
  C:2D97H         LINE#         894
  C:2D99H         LINE#         895
  C:2D9FH         LINE#         896
  C:2DA4H         LINE#         897
  C:2DA8H         LINE#         898
  C:2DA8H         LINE#         899
  C:2DA8H         LINE#         900
  C:2DA8H         LINE#         901
  C:2DAAH         LINE#         904
  C:2DAAH         LINE#         905
  C:2DAFH         LINE#         906
  C:2DAFH         LINE#         908
  C:2DAFH         LINE#         909
  -------         ENDPROC       GENERA_TICKET
  -------         ENDMOD        PRINTER_NANO

  -------         MODULE        NUM_SERIE
  C:0000H         SYMBOL        _ICE_DUMMY_
  C:679AH         PUBLIC        Leer_serie
  C:69E4H         PUBLIC        _graba_serie_ascii_hex
  C:6293H         PUBLIC        incremente_serie
  C:63C7H         PUBLIC        _serie_ascii_siceros_l
  C:634EH         PUBLIC        _ceros_izq
  C:655CH         PUBLIC        _graba_serie
  -------         PROC          _GRABA_SERIE_ASCII_HEX
  D:0001H         SYMBOL        buffer
  C:69E4H         LINE#         18
  C:69E4H         LINE#         19
  C:69E4H         LINE#         22
  C:69EBH         LINE#         23
  -------         ENDPROC       _GRABA_SERIE_ASCII_HEX
  -------         PROC          _GRABA_SERIE
  D:0004H         SYMBOL        numero
  -------         DO            
  X:0012H         SYMBOL        cod_serie
  -------         ENDDO         
  C:655CH         LINE#         29
  C:655CH         LINE#         30
  C:655CH         LINE#         32
  C:6577H         LINE#         33
  -------         ENDPROC       _GRABA_SERIE
  -------         PROC          LEER_SERIE
  -------         DO            
  X:00A2H         SYMBOL        numero
  X:00A6H         SYMBOL        cod_serie
  -------         ENDDO         
  C:679AH         LINE#         40
  C:679AH         LINE#         41
  C:679AH         LINE#         45
  C:67A7H         LINE#         46
  -------         ENDPROC       LEER_SERIE
  -------         PROC          INCREMENTE_SERIE
BL51 BANKED LINKER/LOCATER V6.22.2.0                                                  07/16/2021  16:28:19  PAGE 79


  -------         DO            
  X:000EH         SYMBOL        numero
  -------         ENDDO         
  C:6293H         LINE#         52
  C:6293H         LINE#         53
  C:6293H         LINE#         56
  C:629CH         LINE#         57
  C:62C1H         LINE#         59
  -------         ENDPROC       INCREMENTE_SERIE
  -------         PROC          _CEROS_IZQ
  D:0001H         SYMBOL        dato
  -------         DO            
  X:00A2H         SYMBOL        p
  X:00A3H         SYMBOL        j
  D:0005H         SYMBOL        temp
  -------         ENDDO         
  C:634EH         LINE#         68
  C:634EH         LINE#         69
  C:634EH         LINE#         72
  C:6354H         LINE#         73
  C:6365H         LINE#         74
  C:6365H         LINE#         75
  C:6377H         LINE#         76
  C:637BH         LINE#         77
  C:637BH         LINE#         78
  C:6382H         LINE#         79
  C:6382H         LINE#         81
  C:6382H         LINE#         82
  C:6382H         LINE#         83
  C:6382H         LINE#         84
  C:638AH         LINE#         85
  -------         ENDPROC       _CEROS_IZQ
  -------         PROC          _SERIE_ASCII_SICEROS_L
  X:009FH         SYMBOL        serie
  -------         DO            
  D:0004H         SYMBOL        numero
  -------         ENDDO         
  C:63C7H         LINE#         90
  C:63D2H         LINE#         91
  C:63D2H         LINE#         95
  C:63D5H         LINE#         96
  C:63F5H         LINE#         97
  -------         ENDPROC       _SERIE_ASCII_SICEROS_L
  -------         ENDMOD        NUM_SERIE

  -------         MODULE        MONITOR
  C:0000H         SYMBOL        _ICE_DUMMY_
  D:0080H         PUBLIC        P0
  D:0090H         PUBLIC        P1
  C:6194H         PUBLIC        _Monitor_chr
  B:0080H.0       PUBLIC        rx_ip
  B:0090H.7       PUBLIC        lock
  C:522DH         PUBLIC        _recibe_cmd_Monitor
  C:4620H         PUBLIC        _Cmd_LPR_Salida_wiegand
  C:4281H         PUBLIC        _Cmd_Monitor
  C:677CH         PUBLIC        clear_placa
  C:4FBAH         PUBLIC        _Valida_Trama_Monitor
BL51 BANKED LINKER/LOCATER V6.22.2.0                                                  07/16/2021  16:28:19  PAGE 80


  -------         PROC          _RECIBE_CMD_MONITOR
  X:000EH         SYMBOL        buffer
  -------         DO            
  X:0011H         SYMBOL        j
  X:0012H         SYMBOL        NumDatos
  D:0005H         SYMBOL        time_out
  X:0013H         SYMBOL        MaxChrRx
  D:0006H         SYMBOL        contador
  -------         ENDDO         
  C:522DH         LINE#         40
  C:5238H         LINE#         41
  C:5238H         LINE#         45
  C:523DH         LINE#         46
  C:5241H         LINE#         48
  C:5249H         LINE#         49
  C:5249H         LINE#         50
  C:525AH         LINE#         51
  C:525AH         LINE#         52
  C:525DH         LINE#         53
  C:525EH         LINE#         54
  C:5264H         LINE#         55
  C:5264H         LINE#         56
  C:5269H         LINE#         57
  C:5272H         LINE#         58
  C:5272H         LINE#         59
  C:5274H         LINE#         60
  C:527CH         LINE#         61
  C:527CH         LINE#         62
  C:527EH         LINE#         63
  C:5283H         LINE#         65
  C:5295H         LINE#         66
  C:529FH         LINE#         67
  C:52A5H         LINE#         68
  C:52ADH         LINE#         70
  C:52BCH         LINE#         71
  C:52BCH         LINE#         72
  C:52C1H         LINE#         73
  -------         ENDPROC       _RECIBE_CMD_MONITOR
  -------         PROC          _VALIDA_TRAMA_MONITOR
  X:000EH         SYMBOL        buffer
  D:0005H         SYMBOL        length_trama
  -------         DO            
  D:0007H         SYMBOL        j
  D:0006H         SYMBOL        p
  -------         ENDDO         
  C:4FBAH         LINE#         79
  C:4FC5H         LINE#         80
  C:4FC5H         LINE#         81
  C:4FC7H         LINE#         82
  C:4FC9H         LINE#         83
  C:4FC9H         LINE#         84
  C:4FE7H         LINE#         85
  C:4FE7H         LINE#         86
  C:4FE9H         LINE#         87
  C:4FEEH         LINE#         88
  C:4FEFH         LINE#         89
  C:5004H         LINE#         90
BL51 BANKED LINKER/LOCATER V6.22.2.0                                                  07/16/2021  16:28:19  PAGE 81


  C:5004H         LINE#         93
  C:5004H         LINE#         94
  C:5024H         LINE#         95
  C:5025H         LINE#         96
  C:5026H         LINE#         97
  C:5032H         LINE#         98
  C:5046H         LINE#         99
  C:5052H         LINE#         100
  C:5054H         LINE#         101
  C:505AH         LINE#         104
  C:505AH         LINE#         105
  C:505AH         LINE#         106
  C:505AH         LINE#         108
  C:505AH         LINE#         109
  -------         ENDPROC       _VALIDA_TRAMA_MONITOR
  -------         PROC          _CMD_MONITOR
  X:000EH         SYMBOL        cmd
  -------         DO            
  D:0007H         SYMBOL        p
  X:000FH         SYMBOL        t
  X:0010H         SYMBOL        serie
  X:017DH         SYMBOL        Buffer_Lpr
  X:001AH         SYMBOL        j
  -------         ENDDO         
  C:4281H         LINE#         116
  C:4286H         LINE#         117
  C:4286H         LINE#         118
  C:4289H         LINE#         121
  C:428FH         LINE#         122
  C:4294H         LINE#         123
  C:429CH         LINE#         124
  C:42A4H         LINE#         125
  C:42ADH         LINE#         126
  C:42ADH         LINE#         127
  C:42BEH         LINE#         128
  C:42C0H         LINE#         130
  C:42C0H         LINE#         131
  C:42D1H         LINE#         132
  C:42D1H         LINE#         133
  C:42DAH         LINE#         134
  C:42E3H         LINE#         136
  C:42E3H         LINE#         137
  C:4305H         LINE#         138
  C:4306H         LINE#         139
  C:430CH         LINE#         140
  C:430FH         LINE#         141
  C:4323H         LINE#         143
  C:4333H         LINE#         145
  C:4344H         LINE#         146
  C:4351H         LINE#         149
  C:4363H         LINE#         150
  -------         ENDPROC       _CMD_MONITOR
  -------         PROC          _MONITOR_CHR
  X:003FH         SYMBOL        str
  X:0042H         SYMBOL        num_char
  -------         DO            
  X:0043H         SYMBOL        j
BL51 BANKED LINKER/LOCATER V6.22.2.0                                                  07/16/2021  16:28:19  PAGE 82


  -------         ENDDO         
  C:6194H         LINE#         156
  C:61A2H         LINE#         157
  C:61A2H         LINE#         159
  C:61B0H         LINE#         160
  C:61B0H         LINE#         161
  C:61C2H         LINE#         162
  C:61CCH         LINE#         163
  C:61D4H         LINE#         164
  -------         ENDPROC       _MONITOR_CHR
  -------         PROC          _CMD_LPR_SALIDA_WIEGAND
  X:001DH         SYMBOL        buffer
  -------         DO            
  X:0020H         SYMBOL        Buffer_Lpr
  X:003EH         SYMBOL        j
  -------         ENDDO         
  C:4620H         LINE#         169
  C:462BH         LINE#         170
  C:462BH         LINE#         172
  C:4631H         LINE#         173
  C:4636H         LINE#         174
  C:463EH         LINE#         175
  C:4642H         LINE#         176
  C:464BH         LINE#         177
  C:464BH         LINE#         178
  C:465CH         LINE#         179
  C:465EH         LINE#         181
  C:465EH         LINE#         182
  C:466FH         LINE#         183
  C:466FH         LINE#         187
  C:4686H         LINE#         188
  C:4686H         LINE#         189
  C:4695H         LINE#         190
  C:469FH         LINE#         192
  C:46A7H         LINE#         193
  C:46BBH         LINE#         195
  C:46CBH         LINE#         196
  C:46DCH         LINE#         197
  C:46E9H         LINE#         201
  -------         ENDPROC       _CMD_LPR_SALIDA_WIEGAND
  -------         PROC          CLEAR_PLACA
  -------         DO            
  D:0007H         SYMBOL        i
  -------         ENDDO         
  C:677CH         LINE#         270
  C:677CH         LINE#         271
  C:677CH         LINE#         273
  C:6788H         LINE#         274
  C:6788H         LINE#         275
  C:6794H         LINE#         276
  C:6797H         LINE#         277
  C:6799H         LINE#         278
  -------         ENDPROC       CLEAR_PLACA
  -------         ENDMOD        MONITOR

  -------         MODULE        ?C?FPADD
  C:0D11H         PUBLIC        ?C?FPADD
BL51 BANKED LINKER/LOCATER V6.22.2.0                                                  07/16/2021  16:28:19  PAGE 83


  C:0D0DH         PUBLIC        ?C?FPSUB
  -------         ENDMOD        ?C?FPADD

  -------         MODULE        ?C?FPMUL
  C:0E02H         PUBLIC        ?C?FPMUL
  -------         ENDMOD        ?C?FPMUL

  -------         MODULE        ?C?FCAST
  C:0F12H         PUBLIC        ?C?FCASTC
  C:0F0DH         PUBLIC        ?C?FCASTI
  C:0F08H         PUBLIC        ?C?FCASTL
  -------         ENDMOD        ?C?FCAST

  -------         MODULE        ?C?CASTF
  C:0F46H         PUBLIC        ?C?CASTF
  -------         ENDMOD        ?C?CASTF

  -------         MODULE        PRINTF
  X:00A2H         PUBLIC        ?_PRINTF?BYTE
  X:00A2H         PUBLIC        ?_SPRINTF?BYTE
  C:18B3H         PUBLIC        _PRINTF
  C:18ADH         PUBLIC        _SPRINTF
  -------         ENDMOD        PRINTF

  -------         MODULE        POW
  X:0029H         PUBLIC        ?_pow?BYTE
  C:3470H         PUBLIC        _pow
  -------         ENDMOD        POW

  -------         MODULE        ?C?CHKFLOAT
  C:0FC7H         PUBLIC        ?C?CHKFLOAT
  -------         ENDMOD        ?C?CHKFLOAT

  -------         MODULE        ?C?FPCMP
  C:0FE3H         PUBLIC        ?C?FPCMP
  C:0FE1H         PUBLIC        ?C?FPCMP3
  -------         ENDMOD        ?C?FPCMP

  -------         MODULE        ?C?FPNEG
  C:105AH         PUBLIC        ?C?FPNEG
  -------         ENDMOD        ?C?FPNEG

  -------         MODULE        ?C?FPROUND
  C:106BH         PUBLIC        ?C?FPROUND
  -------         ENDMOD        ?C?FPROUND

  -------         MODULE        ?C?FPCONVERT
  C:10A8H         PUBLIC        ?C?FPCONVERT
  -------         ENDMOD        ?C?FPCONVERT

  -------         MODULE        EXP
  C:5133H         PUBLIC        _EXP
  -------         ENDMOD        EXP

  -------         MODULE        LOG
  C:3875H         PUBLIC        _LOG
  C:3871H         PUBLIC        _LOG10
BL51 BANKED LINKER/LOCATER V6.22.2.0                                                  07/16/2021  16:28:19  PAGE 84


  -------         ENDMOD        LOG

  -------         MODULE        ?C?FPDIV
  C:11B0H         PUBLIC        ?C?FPDIV
  -------         ENDMOD        ?C?FPDIV

  -------         MODULE        ?C?FTNPWR
  C:127DH         PUBLIC        ?C?FTNPWR
  -------         ENDMOD        ?C?FTNPWR

  -------         MODULE        ?C?COPY
  C:13DAH         PUBLIC        ?C?COPY
  -------         ENDMOD        ?C?COPY

  -------         MODULE        ?C?CLDPTR
  C:1400H         PUBLIC        ?C?CLDPTR
  -------         ENDMOD        ?C?CLDPTR

  -------         MODULE        ?C?CLDOPTR
  C:1419H         PUBLIC        ?C?CLDOPTR
  -------         ENDMOD        ?C?CLDOPTR

  -------         MODULE        ?C?CSTPTR
  C:1446H         PUBLIC        ?C?CSTPTR
  -------         ENDMOD        ?C?CSTPTR

  -------         MODULE        ?C?CSTOPTR
  C:1458H         PUBLIC        ?C?CSTOPTR
  -------         ENDMOD        ?C?CSTOPTR

  -------         MODULE        ?C?IILDX
  C:147AH         PUBLIC        ?C?IILDX
  -------         ENDMOD        ?C?IILDX

  -------         MODULE        ?C?LNEG
  C:1490H         PUBLIC        ?C?LNEG
  -------         ENDMOD        ?C?LNEG

  -------         MODULE        ?C?LLDCODE
  C:149EH         PUBLIC        ?C?LLDCODE
  -------         ENDMOD        ?C?LLDCODE

  -------         MODULE        ?C?LLDXDATA0
  C:14AEH         PUBLIC        ?C?LLDXDATA0
  -------         ENDMOD        ?C?LLDXDATA0

  -------         MODULE        ?C?LLDCODE0
  C:14BAH         PUBLIC        ?C?LLDCODE0
  -------         ENDMOD        ?C?LLDCODE0

  -------         MODULE        ?C?LSTXDATA
  C:14CAH         PUBLIC        ?C?LSTXDATA
  -------         ENDMOD        ?C?LSTXDATA

  -------         MODULE        ?C?LSTKXDATA
  C:14D6H         PUBLIC        ?C?LSTKXDATA
  -------         ENDMOD        ?C?LSTKXDATA
BL51 BANKED LINKER/LOCATER V6.22.2.0                                                  07/16/2021  16:28:19  PAGE 85



  -------         MODULE        ?C?PLDIXDATA
  C:1507H         PUBLIC        ?C?PLDIXDATA
  -------         ENDMOD        ?C?PLDIXDATA

  -------         MODULE        ?C?PSTXDATA
  C:151EH         PUBLIC        ?C?PSTXDATA
  -------         ENDMOD        ?C?PSTXDATA

  -------         MODULE        ?C?CCASE
  C:1527H         PUBLIC        ?C?CCASE
  -------         ENDMOD        ?C?CCASE

  -------         MODULE        STRCAT
  X:009FH         PUBLIC        ?_strcat?BYTE
  C:5A73H         PUBLIC        _strcat
  -------         ENDMOD        STRCAT

  -------         MODULE        STRNCAT
  X:009FH         PUBLIC        ?_strncat?BYTE
  C:4889H         PUBLIC        _strncat
  -------         ENDMOD        STRNCAT

  -------         MODULE        ?C?STRCMP
  C:16CBH         PUBLIC        ?C?STRCMP
  -------         ENDMOD        ?C?STRCMP

  -------         MODULE        ?C?STRCPY
  C:17B4H         PUBLIC        ?C?STRCPY
  -------         ENDMOD        ?C?STRCPY

  -------         MODULE        STRLEN
  C:000EH         PUBLIC        _STRLEN
  -------         ENDMOD        STRLEN

  -------         MODULE        STRTOK
  X:004AH         PUBLIC        ?_strtok?BYTE
  C:4461H         PUBLIC        _strtok
  -------         ENDMOD        STRTOK

  -------         MODULE        ATOL
  C:3B93H         PUBLIC        _atol
  -------         ENDMOD        ATOL

  -------         MODULE        ATOI
  C:4545H         PUBLIC        _atoi
  -------         ENDMOD        ATOI

  -------         MODULE        ?C?IMUL
  C:17D1H         PUBLIC        ?C?IMUL
  -------         ENDMOD        ?C?IMUL

  -------         MODULE        ?C?ILDIX
  C:17E3H         PUBLIC        ?C?ILDIX
  -------         ENDMOD        ?C?ILDIX

  -------         MODULE        ?C?LMUL
BL51 BANKED LINKER/LOCATER V6.22.2.0                                                  07/16/2021  16:28:19  PAGE 86


  C:17F9H         PUBLIC        ?C?LMUL
  -------         ENDMOD        ?C?LMUL

  -------         MODULE        ISDIGIT
  C:6A30H         PUBLIC        _isdigit
  -------         ENDMOD        ISDIGIT

  -------         MODULE        ISSPACE
  C:6944H         PUBLIC        _isspace
  -------         ENDMOD        ISSPACE

  -------         MODULE        STRSPN
  X:0050H         PUBLIC        ?_strspn?BYTE
  C:5721H         PUBLIC        _strspn
  -------         ENDMOD        STRSPN

  -------         MODULE        STRPBRK
  X:0050H         PUBLIC        ?_strpbrk?BYTE
  C:57A5H         PUBLIC        _strpbrk
  -------         ENDMOD        STRPBRK

Program Size: data=85.4 xdata=420 code=27356
LINK/LOCATE RUN COMPLETE.  0 WARNING(S),  0 ERROR(S)
