BL51 BANKED LINKER/LOCATER V6.22.2.0                                                    08/10/2021  14:27:46  PAGE 1


BL51 BANKED LINKER/LOCATER V6.22.2.0, INVOKED BY:
C:\KEIL_V5\C51\BIN\BL51.EXE .\Objects\main.obj, .\Objects\Accescan.obj, .\Objects\Clock.obj, .\Objects\delay.obj, .\Obje
>> cts\eeprom.obj, .\Objects\io_sensores.obj, .\Objects\pantallas.obj, .\Objects\prog.obj, .\Objects\pto_paralelo.obj, .
>> \Objects\tibbo.obj, .\Objects\uart.obj, .\Objects\printer_nano.obj, .\Objects\num_serie.obj, .\Objects\monitor.obj TO
>>  .\Objects\expdprtr PRINT (.\Listings\expdprtr.m51) RAMSIZE (256)


MEMORY MODEL: LARGE WITH FLOATING POINT ARITHMETIC


INPUT MODULES INCLUDED:
  .\Objects\main.obj (MAIN)
  .\Objects\Accescan.obj (ACCESCAN)
  .\Objects\Clock.obj (CLOCK)
  .\Objects\delay.obj (DELAY)
  .\Objects\eeprom.obj (EEPROM)
  .\Objects\io_sensores.obj (IO_SENSORES)
  .\Objects\pantallas.obj (PANTALLAS)
  .\Objects\prog.obj (PROG)
  .\Objects\pto_paralelo.obj (PTO_PARALELO)
  .\Objects\tibbo.obj (TIBBO)
  .\Objects\uart.obj (UART)
  .\Objects\printer_nano.obj (PRINTER_NANO)
  .\Objects\num_serie.obj (NUM_SERIE)
  .\Objects\monitor.obj (MONITOR)
  C:\KEIL_V5\C51\LIB\C51FPL.LIB (?C?FPADD)
  C:\KEIL_V5\C51\LIB\C51FPL.LIB (?C?FPMUL)
  C:\KEIL_V5\C51\LIB\C51FPL.LIB (?C?FCAST)
  C:\KEIL_V5\C51\LIB\C51FPL.LIB (?C?CASTF)
  C:\KEIL_V5\C51\LIB\C51FPL.LIB (PRINTF)
  C:\KEIL_V5\C51\LIB\C51FPL.LIB (POW)
  C:\KEIL_V5\C51\LIB\C51FPL.LIB (?C?FPGETOPN)
  C:\KEIL_V5\C51\LIB\C51FPL.LIB (?C?CHKFLOAT)
  C:\KEIL_V5\C51\LIB\C51FPL.LIB (?C?FPCMP)
  C:\KEIL_V5\C51\LIB\C51FPL.LIB (?C?FPNEG)
  C:\KEIL_V5\C51\LIB\C51FPL.LIB (?C?FPROUND)
  C:\KEIL_V5\C51\LIB\C51FPL.LIB (?C?FPCONVERT)
  C:\KEIL_V5\C51\LIB\C51FPL.LIB (EXP)
  C:\KEIL_V5\C51\LIB\C51FPL.LIB (LOG)
  C:\KEIL_V5\C51\LIB\C51FPL.LIB (?C?FPDIV)
  C:\KEIL_V5\C51\LIB\C51FPL.LIB (?C?FTNPWR)
  C:\KEIL_V5\C51\LIB\C51FPL.LIB (?C?FPSERIES)
  C:\KEIL_V5\C51\LIB\C51L.LIB (?C_STARTUP)
  C:\KEIL_V5\C51\LIB\C51L.LIB (?C?COPY)
  C:\KEIL_V5\C51\LIB\C51L.LIB (?C?CLDPTR)
  C:\KEIL_V5\C51\LIB\C51L.LIB (?C?CLDOPTR)
  C:\KEIL_V5\C51\LIB\C51L.LIB (?C?CSTPTR)
  C:\KEIL_V5\C51\LIB\C51L.LIB (?C?CSTOPTR)
  C:\KEIL_V5\C51\LIB\C51L.LIB (?C?IILDX)
  C:\KEIL_V5\C51\LIB\C51L.LIB (?C?LNEG)
  C:\KEIL_V5\C51\LIB\C51L.LIB (?C?LLDCODE)
  C:\KEIL_V5\C51\LIB\C51L.LIB (?C?LLDXDATA0)
  C:\KEIL_V5\C51\LIB\C51L.LIB (?C?LLDCODE0)
  C:\KEIL_V5\C51\LIB\C51L.LIB (?C?LSTXDATA)
  C:\KEIL_V5\C51\LIB\C51L.LIB (?C?LSTKXDATA)
  C:\KEIL_V5\C51\LIB\C51L.LIB (?C?PLDIXDATA)
  C:\KEIL_V5\C51\LIB\C51L.LIB (?C?PSTXDATA)
  C:\KEIL_V5\C51\LIB\C51L.LIB (?C?CCASE)
BL51 BANKED LINKER/LOCATER V6.22.2.0                                                  08/10/2021  14:27:46  PAGE 2


  C:\KEIL_V5\C51\LIB\C51L.LIB (STRCAT)
  C:\KEIL_V5\C51\LIB\C51L.LIB (STRNCAT)
  C:\KEIL_V5\C51\LIB\C51L.LIB (?C?STRCMP)
  C:\KEIL_V5\C51\LIB\C51L.LIB (?C?STRCPY)
  C:\KEIL_V5\C51\LIB\C51L.LIB (STRLEN)
  C:\KEIL_V5\C51\LIB\C51L.LIB (STRTOK)
  C:\KEIL_V5\C51\LIB\C51L.LIB (ATOL)
  C:\KEIL_V5\C51\LIB\C51L.LIB (ATOI)
  C:\KEIL_V5\C51\LIB\C51L.LIB (?C_INIT)
  C:\KEIL_V5\C51\LIB\C51L.LIB (?C?IMUL)
  C:\KEIL_V5\C51\LIB\C51L.LIB (?C?ILDIX)
  C:\KEIL_V5\C51\LIB\C51L.LIB (?C?LMUL)
  C:\KEIL_V5\C51\LIB\C51L.LIB (ISDIGIT)
  C:\KEIL_V5\C51\LIB\C51L.LIB (ISSPACE)
  C:\KEIL_V5\C51\LIB\C51L.LIB (STRSPN)
  C:\KEIL_V5\C51\LIB\C51L.LIB (STRPBRK)


LINK MAP OF MODULE:  .\Objects\expdprtr (MAIN)


            TYPE    BASE      LENGTH    RELOCATION   SEGMENT NAME
            -----------------------------------------------------

            * * * * * * *   D A T A   M E M O R Y   * * * * * * *
            REG     0000H     0008H     ABSOLUTE     "REG BANK 0"
            DATA    0008H     0005H     UNIT         ?DT?UART
            DATA    000DH     0005H     UNIT         _DATA_GROUP_
                    0012H     000EH                  *** GAP ***
            BIT     0020H.0   0001H.1   UNIT         _BIT_GROUP_
            BIT     0021H.1   0000H.1   UNIT         ?BI?MAIN
            BIT     0021H.2   0000H.1   UNIT         ?BI?EEPROM
            BIT     0021H.3   0000H.1   UNIT         ?BI?UART
                    0021H.4   0000H.4                *** GAP ***
            IDATA   0022H     0041H     UNIT         ?ID?MAIN
            IDATA   0063H     0001H     UNIT         ?STACK

            * * * * * * *  X D A T A   M E M O R Y  * * * * * * *
            XDATA   0000H     00D6H     UNIT         _XDATA_GROUP_
            XDATA   00D6H     005FH     UNIT         ?XD?PROG
            XDATA   0135H     0048H     UNIT         ?XD?MAIN
            XDATA   017DH     001EH     UNIT         ?XD?MONITOR
            XDATA   019BH     0003H     UNIT         ?XD?EEPROM
            XDATA   019EH     0003H     UNIT         ?XD?STRTOK
            XDATA   01A1H     0002H     UNIT         ?XD?PRINTER_NANO
            XDATA   01A3H     0001H     UNIT         ?XD?CLOCK

            * * * * * * *   C O D E   M E M O R Y   * * * * * * *
            CODE    0000H     0003H     ABSOLUTE     
            CODE    0003H     0008H     UNIT         ?PR?P_CK?CLOCK
            CODE    000BH     0003H     ABSOLUTE     
            CODE    000EH     0015H     UNIT         ?PR?_STRLEN?STRLEN
            CODE    0023H     0003H     ABSOLUTE     
            CODE    0026H     0CE4H     UNIT         ?CO?PROG
            CODE    0D0AH     0B3EH     UNIT         ?C?LIB_CODE
            CODE    1848H     0483H     UNIT         ?PR?PRINTF?PRINTF
            CODE    1CCBH     0374H     UNIT         ?PR?_VALIDA_TRAMA_PTO?ACCESCAN
BL51 BANKED LINKER/LOCATER V6.22.2.0                                                  08/10/2021  14:27:46  PAGE 3


            CODE    203FH     02D0H     UNIT         ?PR?_TWO_BYTEHEX_DECIMAL?CLOCK
            CODE    230FH     02CCH     UNIT         ?CO?PANTALLAS
            CODE    25DBH     0280H     UNIT         ?PR?_PANTALLALCD?PANTALLAS
            CODE    285BH     023AH     UNIT         ?PR?MENU?PROG
            CODE    2A95H     0235H     UNIT         ?PR?GENERA_TICKET?PRINTER_NANO
            CODE    2CCAH     0209H     UNIT         ?PR?PRINT_COD_QR?PRINTER_NANO
            CODE    2ED3H     01D8H     UNIT         ?PR?_BLOCK_READ_CLOCK_ASCII?CLOCK
            CODE    30ABH     01CCH     UNIT         ?PR?_TRAMA_PTO_PARALELO_PRINTER?PTO_PARALELO
            CODE    3277H     01BAH     UNIT         ?PR?_PANTALLALCD_LINEA_2?PANTALLAS
            CODE    3431H     01A5H     UNIT         ?CO?PRINTER_NANO
            CODE    35D6H     0166H     UNIT         ?PR?_POW?POW
            CODE    373CH     013EH     UNIT         ?PR?PROG_SIN_COBRO?PROG
            CODE    387AH     012DH     UNIT         ?PR?PRINT_TICKET?PRINTER_NANO
            CODE    39A7H     0129H     UNIT         ?PR?LOG?LOG
            CODE    3AD0H     0119H     UNIT         ?PR?PRINT_MSJ_COD_BARRAS?PRINTER_NANO
            CODE    3BE9H     0110H     UNIT         ?PR?LOAD_AND_SEND_ID_COD?PTO_PARALELO
            CODE    3CF9H     010CH     UNIT         ?PR?_ATOL?ATOL
            CODE    3E05H     00FCH     UNIT         ?PR?PROG_DEBUG?PROG
            CODE    3F01H     00FCH     UNIT         ?PR?PROG_USE_LPR?PROG
            CODE    3FFDH     00FCH     UNIT         ?PR?PROG_COMPARACION_ACTIVA?PROG
            CODE    40F9H     00FCH     UNIT         ?PR?PROG_QR_BARRAS?PROG
            CODE    41F5H     00FCH     UNIT         ?PR?TIPO_PANTALLA?PROG
            CODE    42F1H     00F6H     UNIT         ?PR?PRINT_DATOS_CLIENTE?PRINTER_NANO
            CODE    43E7H     00F2H     UNIT         ?PR?_CMD_MONITOR?MONITOR
            CODE    44D9H     00EEH     UNIT         ?PR?PRINT_DATOS_CLIENTE_QR?PRINTER_NANO
            CODE    45C7H     00E4H     UNIT         ?PR?_STRTOK?STRTOK
            CODE    46ABH     00DBH     UNIT         ?PR?_ATOI?ATOI
            CODE    4786H     00D6H     UNIT         ?PR?_CMD_LPR_SALIDA_WIEGAND?MONITOR
            CODE    485CH     00CDH     UNIT         ?PR?COM_ISR?UART
            CODE    4929H     00C6H     UNIT         ?PR?SHOW?PROG
            CODE    49EFH     00C5H     UNIT         ?PR?_STRNCAT?STRNCAT
            CODE    4AB4H     00C4H     UNIT         ?PR?_BLOCK_READ_CLOCK?CLOCK
            CODE    4B78H     00BDH     UNIT         ?PR?PROG_COD_PARK?PROG
            CODE    4C35H     00BDH     UNIT         ?PR?PROG_TIEMPO_GRACIA?PROG
            CODE    4CF2H     00BBH     UNIT         ?PR?MAIN?MAIN
            CODE    4DADH     00B6H     UNIT         ?C_INITSEG
            CODE    4E63H     00B6H     UNIT         ?PR?PROG_ID_CLIENTE?PROG
            CODE    4F19H     00B4H     UNIT         ?PR?_SEND_PORT?PTO_PARALELO
            CODE    4FCDH     00ADH     UNIT         ?PR?_INGRESADATO?PROG
            CODE    507AH     00A6H     UNIT         ?PR?_BLOCK_READ_CLOCK_HEX?CLOCK
            CODE    5120H     00A1H     UNIT         ?PR?_VALIDA_TRAMA_MONITOR?MONITOR
            CODE    51C1H     00A0H     UNIT         ?CO?IO_SENSORES
            CODE    5261H     009AH     UNIT         ?PR?EXP?EXP
            CODE    52FBH     0098H     UNIT         ?PR?_RECIBE_PORT?PTO_PARALELO
            CODE    5393H     0095H     UNIT         ?PR?_RECIBE_CMD_MONITOR?MONITOR
            CODE    5428H     0090H     UNIT         ?PR?_LEE_CLK?CLOCK
            CODE    54B8H     0090H     UNIT         ?PR?_GETOPTION?PROG
            CODE    5548H     008FH     UNIT         ?PR?_BLOCK_WRITE_CLOCK_ASCII?CLOCK
            CODE    55D7H     008CH     UNIT         ?C_C51STARTUP
            CODE    5663H     008AH     UNIT         ?PR?VARIABLE_INICIO?MAIN
            CODE    56EDH     008AH     UNIT         ?PR?_ESCRIBIRMEMORIA?EEPROM
            CODE    5777H     0088H     UNIT         ?PR?_SEND_PORTERR?PTO_PARALELO
            CODE    57FFH     0088H     UNIT         ?PR?RX_DATA?TIBBO
            CODE    5887H     0084H     UNIT         ?PR?_STRSPN?STRSPN
            CODE    590BH     0081H     UNIT         ?PR?_STRPBRK?STRPBRK
            CODE    598CH     0080H     UNIT         ?PR?_RASPBERRY_DATA?PANTALLAS
            CODE    5A0CH     0078H     UNIT         ?PR?_FUNCION_180?PRINTER_NANO
BL51 BANKED LINKER/LOCATER V6.22.2.0                                                  08/10/2021  14:27:46  PAGE 4


            CODE    5A84H     0073H     UNIT         ?PR?MSJ_LCD_INFORMATIVO?IO_SENSORES
            CODE    5AF7H     0073H     UNIT         ?PR?_DEBUGBUFFERMF?TIBBO
            CODE    5B6AH     006FH     UNIT         ?PR?VALIDASENSORESPASO?IO_SENSORES
            CODE    5BD9H     006BH     UNIT         ?PR?_STRCAT?STRCAT
            CODE    5C44H     0062H     UNIT         ?PR?_LISTACOMANDOS?PROG
            CODE    5CA6H     0058H     UNIT         ?PR?_LEERMEMORIA?EEPROM
            CODE    5CFEH     0057H     UNIT         ?CO?TIBBO
            CODE    5D55H     0053H     UNIT         ?PR?_BYTEHEX_DECIMAL?CLOCK
            CODE    5DA8H     0050H     UNIT         ?PR?PRINT_COD_BARRAS?PRINTER_NANO
            CODE    5DF8H     004DH     UNIT         ?PR?L_D_M?EEPROM
            CODE    5E45H     004DH     UNIT         ?PR?_PRIN_COD_BARRA?PRINTER_NANO
            CODE    5E92H     0048H     UNIT         ?PR?_TX_AUX?TIBBO
            CODE    5EDAH     0047H     UNIT         ?PR?PROG_CLIENTE?PROG
            CODE    5F21H     0047H     UNIT         ?PR?PROG_NIT?PROG
            CODE    5F68H     0047H     UNIT         ?PR?PROG_NOM_PARQ?PROG
            CODE    5FAFH     0047H     UNIT         ?PR?PROG_DIRECCION?PROG
            CODE    5FF6H     0047H     UNIT         ?PR?PROG_MSJ1?PROG
            CODE    603DH     0047H     UNIT         ?PR?PROG_MSJ2?PROG
            CODE    6084H     0047H     UNIT         ?PR?PROG_MSJ3?PROG
            CODE    60CBH     0047H     UNIT         ?PR?PROG_MSJ4?PROG
            CODE    6112H     0047H     UNIT         ?PR?PROG_MSJ5?PROG
            CODE    6159H     0047H     UNIT         ?PR?PROG_MSJ6?PROG
            CODE    61A0H     0047H     UNIT         ?PR?PROG_MSJ7?PROG
            CODE    61E7H     0047H     UNIT         ?PR?_DEBUG_CHR_TIBBO?TIBBO
            CODE    622EH     0046H     UNIT         ?PR?_LCD_TXT_NUM_CHAR?PANTALLAS
            CODE    6274H     0045H     UNIT         ?PR?_VALIDARCLAVE?PROG
            CODE    62B9H     0041H     UNIT         ?PR?_TWO_ONE?CLOCK
            CODE    62FAH     0041H     UNIT         ?PR?_MONITOR_CHR?MONITOR
            CODE    633BH     0040H     UNIT         ?PR?_GETCMD?PROG
            CODE    637BH     003FH     UNIT         ?PR?_EB_CLK?CLOCK
            CODE    63BAH     003FH     UNIT         ?PR?_WR_EEPROM?EEPROM
            CODE    63F9H     003FH     UNIT         ?PR?INCREMENTE_SERIE?NUM_SERIE
            CODE    6438H     003EH     UNIT         ?PR?_PUTCHAR?MAIN
            CODE    6476H     003EH     UNIT         ?PR?_DEBUG_TXT_TIBBO?TIBBO
            CODE    64B4H     003DH     UNIT         ?PR?_CEROS_IZQ?NUM_SERIE
            CODE    64F1H     003CH     UNIT         ?PR?_LCD_TXT?PANTALLAS
            CODE    652DH     003CH     UNIT         ?PR?_SERIE_ASCII_SICEROS_L?NUM_SERIE
            CODE    6569H     003BH     UNIT         ?PR?_COM_PUTCHAR?UART
            CODE    65A4H     0039H     UNIT         ?PR?_RD_EEPROM?EEPROM
            CODE    65DDH     0036H     UNIT         ?PR?FORMATO_EEPROM?EEPROM
            CODE    6613H     0035H     UNIT         ?PR?RELOJ_PANTALLA_LCD?PANTALLAS
            CODE    6648H     002DH     UNIT         ?CO?MAIN
            CODE    6675H     002DH     UNIT         ?PR?FUNCION_165?PRINTER_NANO
            CODE    66A2H     002CH     UNIT         ?PR?LOAD_AND_SEND_INFO_RELOJ?PTO_PARALELO
            CODE    66CEH     002AH     UNIT         ?PR?COM_INITIALIZE?UART
            CODE    66F8H     002AH     UNIT         ?PR?_GRABA_SERIE?NUM_SERIE
            CODE    6722H     0028H     UNIT         ?PR?_WR_CLK?CLOCK
            CODE    674AH     0028H     UNIT         ?PR?COM_BAUDRATE?UART
            CODE    6772H     0028H     UNIT         ?PR?FUNCION_169?PRINTER_NANO
            CODE    679AH     0028H     UNIT         ?PR?FUNCION_167?PRINTER_NANO
            CODE    67C2H     0028H     UNIT         ?PR?FUNCION_181?PRINTER_NANO
            CODE    67EAH     0027H     UNIT         ?PR?_TX_CHRLCD?PANTALLAS
            CODE    6811H     0026H     UNIT         ?PR?COM_GETCHAR?UART
            CODE    6837H     0022H     UNIT         ?PR?_E_D_M?EEPROM
            CODE    6859H     0022H     UNIT         ?PR?_POSICION_TABULACION?PRINTER_NANO
            CODE    687BH     0020H     UNIT         ?PR?ACKD?EEPROM
            CODE    689BH     0020H     UNIT         ?PR?ACK_LECT?EEPROM
BL51 BANKED LINKER/LOCATER V6.22.2.0                                                  08/10/2021  14:27:46  PAGE 5


            CODE    68BBH     0020H     UNIT         ?PR?TIME_BIT?TIBBO
            CODE    68DBH     001FH     UNIT         ?PR?VALIDASENSOR?IO_SENSORES
            CODE    68FAH     001EH     UNIT         ?PR?_BCD_HEX?CLOCK
            CODE    6918H     001EH     UNIT         ?PR?CLEAR_PLACA?MONITOR
            CODE    6936H     001CH     UNIT         ?PR?LEER_SERIE?NUM_SERIE
            CODE    6952H     001BH     UNIT         ?PR?_DELAY_1MS?DELAY
            CODE    696DH     001AH     UNIT         ?PR?TIME_MBIT?TIBBO
            CODE    6987H     0019H     UNIT         ?PR?TIMER0_INT?MAIN
            CODE    69A0H     0018H     UNIT         ?CO?ACCESCAN
            CODE    69B8H     0017H     UNIT         ?PR?DISPLAYCURSOR?PROG
            CODE    69CFH     0017H     UNIT         ?PR?_JUSTIFY?PRINTER_NANO
            CODE    69E6H     0017H     UNIT         ?PR?_TIPO_FUENTE?PRINTER_NANO
            CODE    69FDH     0017H     UNIT         ?PR?_INTERLINEADO?PRINTER_NANO
            CODE    6A14H     0017H     UNIT         ?PR?_BOLD?PRINTER_NANO
            CODE    6A2BH     0017H     UNIT         ?PR?_TAMA_LETRA?PRINTER_NANO
            CODE    6A42H     0017H     UNIT         ?PR?_ALIMENTA_NLINE?PRINTER_NANO
            CODE    6A59H     0017H     UNIT         ?PR?_ALIMENTAR_PAPER?PRINTER_NANO
            CODE    6A70H     0017H     UNIT         ?PR?_ESPCS_ENT_CHR?PRINTER_NANO
            CODE    6A87H     0017H     UNIT         ?PR?_HEIGHT_CODE_BAR?PRINTER_NANO
            CODE    6A9EH     0017H     UNIT         ?PR?_POSITION_HRI?PRINTER_NANO
            CODE    6AB5H     0017H     UNIT         ?PR?_STATUS?PRINTER_NANO
            CODE    6ACCH     0014H     UNIT         ?PR?MOVE_CAR?PRINTER_NANO
            CODE    6AE0H     0014H     UNIT         ?PR?_ISSPACE?ISSPACE
            CODE    6AF4H     0012H     UNIT         ?PR?_DELAY_20US?DELAY
            CODE    6B06H     0012H     UNIT         ?PR?START?EEPROM
            CODE    6B18H     0012H     UNIT         ?PR?DIR_BOARD?IO_SENSORES
            CODE    6B2AH     0012H     UNIT         ?PR?PULSO_BUS?PTO_PARALELO
            CODE    6B3CH     0012H     UNIT         ?PR?COM_RBUFLEN?UART
            CODE    6B4EH     0012H     UNIT         ?PR?COM_TBUFLEN?UART
            CODE    6B60H     0010H     UNIT         ?PR?INI_TIMER?MAIN
            CODE    6B70H     0010H     UNIT         ?PR?INICIA_BOARD?MAIN
            CODE    6B80H     0010H     UNIT         ?PR?_GRABA_SERIE_ASCII_HEX?NUM_SERIE
            CODE    6B90H     000FH     UNIT         ?PR?JUSTIFICAIZQ?PRINTER_NANO
            CODE    6B9FH     000FH     UNIT         ?PR?CENTRADO?PRINTER_NANO
            CODE    6BAEH     000FH     UNIT         ?PR?JUSTIFICADRC?PRINTER_NANO
            CODE    6BBDH     000FH     UNIT         ?PR?FOUNT_CHAR_HRI?PRINTER_NANO
            CODE    6BCCH     000FH     UNIT         ?PR?_ISDIGIT?ISDIGIT
            CODE    6BDBH     000EH     UNIT         ?PR?CLEAR_BUFFER?UART
            CODE    6BE9H     000CH     UNIT         ?PR?_GETKEY?MAIN
            CODE    6BF5H     000AH     UNIT         ?PR?COND_INI_PTO?PTO_PARALELO
            CODE    6BFFH     000AH     UNIT         ?PR?INICIALIZA_PRINT?PRINTER_NANO
            CODE    6C09H     000AH     UNIT         ?PR?FULLCUT?PRINTER_NANO
            CODE    6C13H     0009H     UNIT         ?PR?STOP?EEPROM
            CODE    6C1CH     0009H     UNIT         ?PR?DEBUG_DIVIDIR_TEXTO?TIBBO
            CODE    6C25H     0007H     UNIT         ?PR?COND_INI_CLOCK?CLOCK
            CODE    6C2CH     0007H     UNIT         ?PR?SEL_FUNCION?IO_SENSORES
            CODE    6C33H     0007H     UNIT         ?PR?SEL_AUTO?IO_SENSORES
            CODE    6C3AH     0007H     UNIT         ?PR?SEL_PULSA?IO_SENSORES
            CODE    6C41H     0007H     UNIT         ?PR?SEL_SENSOR2?IO_SENSORES
            CODE    6C48H     0007H     UNIT         ?PR?SEL_SENSOR1?IO_SENSORES
            CODE    6C4FH     0007H     UNIT         ?PR?SEL_DIR1?IO_SENSORES
            CODE    6C56H     0007H     UNIT         ?PR?SEL_DIR2?IO_SENSORES
            CODE    6C5DH     0006H     UNIT         ?PR?P_ME?EEPROM
            CODE    6C63H     0005H     UNIT         ?PR?ON_TIMER0_INTERRUP?MAIN
            CODE    6C68H     0005H     UNIT         ?PR?COND_INI_TIBBO?TIBBO
            CODE    6C6DH     0004H     UNIT         ?CO?NUM_SERIE
            CODE    6C71H     0003H     UNIT         ?PR?OFF_TIMER0_INTERRUP?MAIN
BL51 BANKED LINKER/LOCATER V6.22.2.0                                                  08/10/2021  14:27:46  PAGE 6


            CODE    6C74H     0003H     UNIT         ?CO?PTO_PARALELO
            CODE    6C77H     0001H     UNIT         ?PR?DELAY?DELAY



OVERLAY MAP OF MODULE:   .\Objects\expdprtr (MAIN)


SEGMENT                                             BIT_GROUP          DATA_GROUP          XDATA_GROUP
  +--> CALLED SEGMENT                            START    LENGTH     START    LENGTH     START    LENGTH
--------------------------------------------------------------------------------------------------------
?C_C51STARTUP                                    -----    -----      -----    -----      -----    -----
  +--> ?PR?MAIN?MAIN
  +--> ?C_INITSEG

?PR?MAIN?MAIN                                    -----    -----      -----    -----      0000H    000EH
  +--> ?PR?INI_TIMER?MAIN
  +--> ?PR?ON_TIMER0_INTERRUP?MAIN
  +--> ?PR?COM_INITIALIZE?UART
  +--> ?PR?COM_BAUDRATE?UART
  +--> ?PR?INICIA_BOARD?MAIN
  +--> ?PR?SEL_FUNCION?IO_SENSORES
  +--> ?PR?MENU?PROG
  +--> ?PR?VARIABLE_INICIO?MAIN
  +--> ?PR?_RECIBE_CMD_MONITOR?MONITOR
  +--> ?PR?DEBUG_DIVIDIR_TEXTO?TIBBO
  +--> ?PR?_VALIDA_TRAMA_MONITOR?MONITOR
  +--> ?PR?_DEBUGBUFFERMF?TIBBO
  +--> ?PR?_DEBUG_TXT_TIBBO?TIBBO
  +--> ?PR?GENERA_TICKET?PRINTER_NANO
  +--> ?PR?_RECIBE_PORT?PTO_PARALELO
  +--> ?CO?MAIN
  +--> ?PR?_DEBUG_CHR_TIBBO?TIBBO
  +--> ?PR?_VALIDA_TRAMA_PTO?ACCESCAN
  +--> ?PR?MSJ_LCD_INFORMATIVO?IO_SENSORES

?PR?COM_INITIALIZE?UART                          -----    -----      -----    -----      -----    -----
  +--> ?PR?COM_BAUDRATE?UART

?PR?INICIA_BOARD?MAIN                            -----    -----      -----    -----      -----    -----
  +--> ?PR?COND_INI_TIBBO?TIBBO
  +--> ?PR?COND_INI_CLOCK?CLOCK
  +--> ?PR?COND_INI_PTO?PTO_PARALELO

?PR?MENU?PROG                                    -----    -----      -----    -----      000EH    0031H
  +--> ?CO?PROG
  +--> ?PR?PRINTF?PRINTF
  +--> ?PR?CLEAR_BUFFER?UART
  +--> ?PR?_INGRESADATO?PROG
  +--> ?PR?_GETCMD?PROG
  +--> ?PR?_VALIDARCLAVE?PROG
  +--> ?PR?DISPLAYCURSOR?PROG
  +--> ?PR?_STRLEN?STRLEN
  +--> ?PR?_GETOPTION?PROG
  +--> ?PR?_STRCAT?STRCAT
  +--> ?PR?_LISTACOMANDOS?PROG
  +--> ?PR?PROG_ID_CLIENTE?PROG
BL51 BANKED LINKER/LOCATER V6.22.2.0                                                  08/10/2021  14:27:46  PAGE 7


  +--> ?PR?PROG_COD_PARK?PROG
  +--> ?PR?PROG_TIEMPO_GRACIA?PROG
  +--> ?PR?PROG_SIN_COBRO?PROG
  +--> ?PR?PROG_DEBUG?PROG
  +--> ?PR?PROG_USE_LPR?PROG
  +--> ?PR?PROG_COMPARACION_ACTIVA?PROG
  +--> ?PR?PROG_QR_BARRAS?PROG
  +--> ?PR?TIPO_PANTALLA?PROG
  +--> ?PR?PROG_CLIENTE?PROG
  +--> ?PR?PROG_NIT?PROG
  +--> ?PR?PROG_NOM_PARQ?PROG
  +--> ?PR?PROG_DIRECCION?PROG
  +--> ?PR?PROG_MSJ1?PROG
  +--> ?PR?PROG_MSJ2?PROG
  +--> ?PR?PROG_MSJ3?PROG
  +--> ?PR?PROG_MSJ4?PROG
  +--> ?PR?PROG_MSJ5?PROG
  +--> ?PR?PROG_MSJ6?PROG
  +--> ?PR?PROG_MSJ7?PROG
  +--> ?PR?SHOW?PROG

?PR?PRINTF?PRINTF                                0020H.0  0001H.1    000DH    0005H      00A2H    0030H
  +--> ?PR?_PUTCHAR?MAIN

?PR?_PUTCHAR?MAIN                                -----    -----      -----    -----      00D2H    0003H
  +--> ?PR?_COM_PUTCHAR?UART

?PR?_COM_PUTCHAR?UART                            -----    -----      -----    -----      00D5H    0001H
  +--> ?PR?COM_TBUFLEN?UART

?PR?_INGRESADATO?PROG                            -----    -----      -----    -----      007DH    0006H
  +--> ?PR?_GETKEY?MAIN
  +--> ?CO?PROG
  +--> ?PR?PRINTF?PRINTF
  +--> ?PR?_PUTCHAR?MAIN

?PR?_GETKEY?MAIN                                 -----    -----      -----    -----      -----    -----
  +--> ?PR?COM_GETCHAR?UART

?PR?COM_GETCHAR?UART                             -----    -----      -----    -----      -----    -----
  +--> ?PR?COM_RBUFLEN?UART

?PR?_GETCMD?PROG                                 -----    -----      -----    -----      003FH    0007H
  +--> ?CO?PROG
  +--> ?PR?_STRTOK?STRTOK

?PR?_STRTOK?STRTOK                               -----    -----      -----    -----      004AH    0006H
  +--> ?PR?_STRSPN?STRSPN
  +--> ?PR?_STRPBRK?STRPBRK

?PR?_STRSPN?STRSPN                               -----    -----      -----    -----      0050H    0008H

?PR?_STRPBRK?STRPBRK                             -----    -----      -----    -----      0050H    0009H

?PR?_VALIDARCLAVE?PROG                           -----    -----      -----    -----      003FH    000AH

?PR?DISPLAYCURSOR?PROG                           -----    -----      -----    -----      -----    -----
BL51 BANKED LINKER/LOCATER V6.22.2.0                                                  08/10/2021  14:27:46  PAGE 8


  +--> ?CO?PROG
  +--> ?PR?PRINTF?PRINTF

?PR?_GETOPTION?PROG                              -----    -----      -----    -----      003FH    000BH
  +--> ?CO?PROG
  +--> ?PR?_STRTOK?STRTOK

?PR?_STRCAT?STRCAT                               -----    -----      -----    -----      009FH    0009H

?PR?_LISTACOMANDOS?PROG                          -----    -----      -----    -----      003FH    0007H

?PR?PROG_ID_CLIENTE?PROG                         -----    -----      -----    -----      003FH    000CH
  +--> ?PR?_RD_EEPROM?EEPROM
  +--> ?CO?PROG
  +--> ?PR?PRINTF?PRINTF
  +--> ?PR?_INGRESADATO?PROG
  +--> ?PR?_ATOI?ATOI
  +--> ?PR?_WR_EEPROM?EEPROM

?PR?_RD_EEPROM?EEPROM                            -----    -----      -----    -----      -----    -----
  +--> ?PR?START?EEPROM
  +--> ?PR?ACK_LECT?EEPROM
  +--> ?PR?_E_D_M?EEPROM
  +--> ?PR?ACKD?EEPROM
  +--> ?PR?L_D_M?EEPROM
  +--> ?PR?STOP?EEPROM

?PR?ACK_LECT?EEPROM                              -----    -----      -----    -----      -----    -----
  +--> ?PR?_E_D_M?EEPROM

?PR?_E_D_M?EEPROM                                -----    -----      -----    -----      -----    -----
  +--> ?PR?P_ME?EEPROM

?PR?ACKD?EEPROM                                  -----    -----      -----    -----      -----    -----
  +--> ?PR?_E_D_M?EEPROM

?PR?_ATOI?ATOI                                   0020H.0  0000H.1    -----    -----      004BH    0005H
  +--> ?PR?_ISSPACE?ISSPACE
  +--> ?PR?_ISDIGIT?ISDIGIT

?PR?_WR_EEPROM?EEPROM                            -----    -----      -----    -----      -----    -----
  +--> ?PR?START?EEPROM
  +--> ?PR?ACKD?EEPROM
  +--> ?PR?_E_D_M?EEPROM
  +--> ?PR?STOP?EEPROM
  +--> ?PR?_DELAY_1MS?DELAY
  +--> ?PR?_DELAY_20US?DELAY

?PR?_DELAY_1MS?DELAY                             -----    -----      -----    -----      -----    -----
  +--> ?PR?_DELAY_20US?DELAY

?PR?PROG_COD_PARK?PROG                           -----    -----      -----    -----      003FH    000CH
  +--> ?PR?_RD_EEPROM?EEPROM
  +--> ?CO?PROG
  +--> ?PR?PRINTF?PRINTF
  +--> ?PR?_INGRESADATO?PROG
  +--> ?PR?_ATOI?ATOI
BL51 BANKED LINKER/LOCATER V6.22.2.0                                                  08/10/2021  14:27:46  PAGE 9


  +--> ?PR?_WR_EEPROM?EEPROM

?PR?PROG_TIEMPO_GRACIA?PROG                      -----    -----      -----    -----      003FH    000CH
  +--> ?PR?_RD_EEPROM?EEPROM
  +--> ?CO?PROG
  +--> ?PR?PRINTF?PRINTF
  +--> ?PR?_INGRESADATO?PROG
  +--> ?PR?_ATOI?ATOI
  +--> ?PR?_WR_EEPROM?EEPROM

?PR?PROG_SIN_COBRO?PROG                          -----    -----      -----    -----      003FH    000CH
  +--> ?PR?_RD_EEPROM?EEPROM
  +--> ?CO?PROG
  +--> ?PR?PRINTF?PRINTF
  +--> ?PR?_INGRESADATO?PROG
  +--> ?PR?_ATOI?ATOI
  +--> ?PR?_WR_EEPROM?EEPROM

?PR?PROG_DEBUG?PROG                              -----    -----      -----    -----      003FH    000CH
  +--> ?PR?_RD_EEPROM?EEPROM
  +--> ?CO?PROG
  +--> ?PR?PRINTF?PRINTF
  +--> ?PR?_INGRESADATO?PROG
  +--> ?PR?_ATOI?ATOI
  +--> ?PR?_WR_EEPROM?EEPROM

?PR?PROG_USE_LPR?PROG                            -----    -----      -----    -----      003FH    000CH
  +--> ?PR?_RD_EEPROM?EEPROM
  +--> ?CO?PROG
  +--> ?PR?PRINTF?PRINTF
  +--> ?PR?_INGRESADATO?PROG
  +--> ?PR?_ATOI?ATOI
  +--> ?PR?_WR_EEPROM?EEPROM

?PR?PROG_COMPARACION_ACTIVA?PROG                 -----    -----      -----    -----      003FH    000CH
  +--> ?PR?_RD_EEPROM?EEPROM
  +--> ?CO?PROG
  +--> ?PR?PRINTF?PRINTF
  +--> ?PR?_INGRESADATO?PROG
  +--> ?PR?_ATOI?ATOI
  +--> ?PR?_WR_EEPROM?EEPROM

?PR?PROG_QR_BARRAS?PROG                          -----    -----      -----    -----      003FH    000CH
  +--> ?PR?_RD_EEPROM?EEPROM
  +--> ?CO?PROG
  +--> ?PR?PRINTF?PRINTF
  +--> ?PR?_INGRESADATO?PROG
  +--> ?PR?_ATOI?ATOI
  +--> ?PR?_WR_EEPROM?EEPROM

?PR?TIPO_PANTALLA?PROG                           -----    -----      -----    -----      003FH    000CH
  +--> ?PR?_RD_EEPROM?EEPROM
  +--> ?CO?PROG
  +--> ?PR?PRINTF?PRINTF
  +--> ?PR?_INGRESADATO?PROG
  +--> ?PR?_ATOI?ATOI
  +--> ?PR?_WR_EEPROM?EEPROM
BL51 BANKED LINKER/LOCATER V6.22.2.0                                                  08/10/2021  14:27:46  PAGE 10



?PR?PROG_CLIENTE?PROG                            -----    -----      -----    -----      003FH    0030H
  +--> ?CO?PROG
  +--> ?PR?PRINTF?PRINTF
  +--> ?PR?_INGRESADATO?PROG
  +--> ?PR?_ESCRIBIRMEMORIA?EEPROM
  +--> ?PR?_LEERMEMORIA?EEPROM

?PR?_ESCRIBIRMEMORIA?EEPROM                      -----    -----      -----    -----      007DH    0006H
  +--> ?PR?_WR_EEPROM?EEPROM

?PR?_LEERMEMORIA?EEPROM                          -----    -----      -----    -----      00B0H    0005H
  +--> ?PR?_RD_EEPROM?EEPROM

?PR?PROG_NIT?PROG                                -----    -----      -----    -----      003FH    0010H
  +--> ?CO?PROG
  +--> ?PR?PRINTF?PRINTF
  +--> ?PR?_INGRESADATO?PROG
  +--> ?PR?_ESCRIBIRMEMORIA?EEPROM
  +--> ?PR?_LEERMEMORIA?EEPROM

?PR?PROG_NOM_PARQ?PROG                           -----    -----      -----    -----      003FH    0030H
  +--> ?CO?PROG
  +--> ?PR?PRINTF?PRINTF
  +--> ?PR?_INGRESADATO?PROG
  +--> ?PR?_ESCRIBIRMEMORIA?EEPROM
  +--> ?PR?_LEERMEMORIA?EEPROM

?PR?PROG_DIRECCION?PROG                          -----    -----      -----    -----      003FH    0030H
  +--> ?CO?PROG
  +--> ?PR?PRINTF?PRINTF
  +--> ?PR?_INGRESADATO?PROG
  +--> ?PR?_ESCRIBIRMEMORIA?EEPROM
  +--> ?PR?_LEERMEMORIA?EEPROM

?PR?PROG_MSJ1?PROG                               -----    -----      -----    -----      003FH    003EH
  +--> ?CO?PROG
  +--> ?PR?PRINTF?PRINTF
  +--> ?PR?_INGRESADATO?PROG
  +--> ?PR?_ESCRIBIRMEMORIA?EEPROM
  +--> ?PR?_LEERMEMORIA?EEPROM

?PR?PROG_MSJ2?PROG                               -----    -----      -----    -----      003FH    003EH
  +--> ?CO?PROG
  +--> ?PR?PRINTF?PRINTF
  +--> ?PR?_INGRESADATO?PROG
  +--> ?PR?_ESCRIBIRMEMORIA?EEPROM
  +--> ?PR?_LEERMEMORIA?EEPROM

?PR?PROG_MSJ3?PROG                               -----    -----      -----    -----      003FH    003EH
  +--> ?CO?PROG
  +--> ?PR?PRINTF?PRINTF
  +--> ?PR?_INGRESADATO?PROG
  +--> ?PR?_ESCRIBIRMEMORIA?EEPROM
  +--> ?PR?_LEERMEMORIA?EEPROM

?PR?PROG_MSJ4?PROG                               -----    -----      -----    -----      003FH    003EH
BL51 BANKED LINKER/LOCATER V6.22.2.0                                                  08/10/2021  14:27:46  PAGE 11


  +--> ?CO?PROG
  +--> ?PR?PRINTF?PRINTF
  +--> ?PR?_INGRESADATO?PROG
  +--> ?PR?_ESCRIBIRMEMORIA?EEPROM
  +--> ?PR?_LEERMEMORIA?EEPROM

?PR?PROG_MSJ5?PROG                               -----    -----      -----    -----      003FH    003EH
  +--> ?CO?PROG
  +--> ?PR?PRINTF?PRINTF
  +--> ?PR?_INGRESADATO?PROG
  +--> ?PR?_ESCRIBIRMEMORIA?EEPROM
  +--> ?PR?_LEERMEMORIA?EEPROM

?PR?PROG_MSJ6?PROG                               -----    -----      -----    -----      003FH    003EH
  +--> ?CO?PROG
  +--> ?PR?PRINTF?PRINTF
  +--> ?PR?_INGRESADATO?PROG
  +--> ?PR?_ESCRIBIRMEMORIA?EEPROM
  +--> ?PR?_LEERMEMORIA?EEPROM

?PR?PROG_MSJ7?PROG                               -----    -----      -----    -----      003FH    003EH
  +--> ?CO?PROG
  +--> ?PR?PRINTF?PRINTF
  +--> ?PR?_INGRESADATO?PROG
  +--> ?PR?_ESCRIBIRMEMORIA?EEPROM
  +--> ?PR?_LEERMEMORIA?EEPROM

?PR?SHOW?PROG                                    -----    -----      -----    -----      -----    -----
  +--> ?CO?PROG
  +--> ?PR?PRINTF?PRINTF

?PR?VARIABLE_INICIO?MAIN                         -----    -----      -----    -----      -----    -----
  +--> ?PR?_RD_EEPROM?EEPROM

?PR?_RECIBE_CMD_MONITOR?MONITOR                  -----    -----      -----    -----      000EH    0006H
  +--> ?PR?RX_DATA?TIBBO

?PR?RX_DATA?TIBBO                                -----    -----      -----    -----      -----    -----
  +--> ?PR?TIME_MBIT?TIBBO
  +--> ?PR?TIME_BIT?TIBBO

?PR?DEBUG_DIVIDIR_TEXTO?TIBBO                    -----    -----      -----    -----      -----    -----
  +--> ?CO?TIBBO
  +--> ?PR?_DEBUG_TXT_TIBBO?TIBBO

?PR?_DEBUG_TXT_TIBBO?TIBBO                       -----    -----      -----    -----      0050H    0004H
  +--> ?PR?_TX_AUX?TIBBO

?PR?_TX_AUX?TIBBO                                -----    -----      -----    -----      -----    -----
  +--> ?PR?TIME_BIT?TIBBO

?PR?_VALIDA_TRAMA_MONITOR?MONITOR                -----    -----      -----    -----      000EH    0003H

?PR?_DEBUGBUFFERMF?TIBBO                         -----    -----      -----    -----      0038H    0006H
  +--> ?CO?TIBBO
  +--> ?PR?_DEBUG_TXT_TIBBO?TIBBO
  +--> ?PR?_DEBUG_CHR_TIBBO?TIBBO
BL51 BANKED LINKER/LOCATER V6.22.2.0                                                  08/10/2021  14:27:46  PAGE 12


  +--> ?PR?_TX_AUX?TIBBO

?PR?_DEBUG_CHR_TIBBO?TIBBO                       -----    -----      -----    -----      -----    -----
  +--> ?PR?_TX_AUX?TIBBO

?PR?GENERA_TICKET?PRINTER_NANO                   -----    -----      -----    -----      -----    -----
  +--> ?PR?VALIDASENSORESPASO?IO_SENSORES
  +--> ?CO?PRINTER_NANO
  +--> ?PR?_DEBUG_TXT_TIBBO?TIBBO
  +--> ?PR?_PANTALLALCD?PANTALLAS
  +--> ?PR?_SEND_PORTERR?PTO_PARALELO
  +--> ?PR?SEL_PULSA?IO_SENSORES
  +--> ?PR?_CMD_MONITOR?MONITOR
  +--> ?PR?CLEAR_BUFFER?UART
  +--> ?PR?_STATUS?PRINTER_NANO
  +--> ?PR?_DEBUGBUFFERMF?TIBBO
  +--> ?PR?_TRAMA_PTO_PARALELO_PRINTER?PTO_P...
  +--> ?PR?PRINT_DATOS_CLIENTE_QR?PRINTER_NANO
  +--> ?PR?PRINT_DATOS_CLIENTE?PRINTER_NANO
  +--> ?PR?INCREMENTE_SERIE?NUM_SERIE
  +--> ?PR?CLEAR_PLACA?MONITOR
  +--> ?PR?SEL_SENSOR2?IO_SENSORES

?PR?VALIDASENSORESPASO?IO_SENSORES               -----    -----      -----    -----      -----    -----
  +--> ?PR?SEL_SENSOR2?IO_SENSORES
  +--> ?PR?VALIDASENSOR?IO_SENSORES
  +--> ?PR?SEL_SENSOR1?IO_SENSORES
  +--> ?PR?SEL_AUTO?IO_SENSORES
  +--> ?CO?IO_SENSORES
  +--> ?PR?_DEBUG_TXT_TIBBO?TIBBO

?PR?_PANTALLALCD?PANTALLAS                       -----    -----      -----    -----      001DH    0036H
  +--> ?CO?PANTALLAS
  +--> ?PR?_LCD_TXT?PANTALLAS
  +--> ?PR?_STRLEN?STRLEN
  +--> ?PR?_TX_CHRLCD?PANTALLAS
  +--> ?PR?_SERIE_ASCII_SICEROS_L?NUM_SERIE
  +--> ?PR?_STRCAT?STRCAT
  +--> ?PR?_LCD_TXT_NUM_CHAR?PANTALLAS
  +--> ?PR?_RASPBERRY_DATA?PANTALLAS

?PR?_LCD_TXT?PANTALLAS                           -----    -----      -----    -----      0053H    0005H
  +--> ?PR?_TX_CHRLCD?PANTALLAS

?PR?_TX_CHRLCD?PANTALLAS                         -----    -----      -----    -----      0059H    0002H
  +--> ?PR?_PUTCHAR?MAIN

?PR?_SERIE_ASCII_SICEROS_L?NUM_SERIE             -----    -----      -----    -----      009FH    0003H
  +--> ?PR?LEER_SERIE?NUM_SERIE
  +--> ?CO?NUM_SERIE
  +--> ?PR?PRINTF?PRINTF
  +--> ?PR?_CEROS_IZQ?NUM_SERIE

?PR?LEER_SERIE?NUM_SERIE                         -----    -----      -----    -----      00A2H    000EH
  +--> ?PR?_LEERMEMORIA?EEPROM
  +--> ?PR?_ATOL?ATOL

BL51 BANKED LINKER/LOCATER V6.22.2.0                                                  08/10/2021  14:27:46  PAGE 13


?PR?_ATOL?ATOL                                   0020H.0  0000H.1    -----    -----      00B0H    0007H
  +--> ?PR?_ISSPACE?ISSPACE
  +--> ?PR?_ISDIGIT?ISDIGIT

?PR?_CEROS_IZQ?NUM_SERIE                         -----    -----      -----    -----      00A2H    0002H

?PR?_LCD_TXT_NUM_CHAR?PANTALLAS                  -----    -----      -----    -----      0053H    0006H
  +--> ?PR?_TX_CHRLCD?PANTALLAS

?PR?_RASPBERRY_DATA?PANTALLAS                    -----    -----      -----    -----      0053H    0006H
  +--> ?PR?_STRLEN?STRLEN
  +--> ?PR?_PUTCHAR?MAIN

?PR?_SEND_PORTERR?PTO_PARALELO                   -----    -----      -----    -----      0010H    0006H
  +--> ?PR?PULSO_BUS?PTO_PARALELO
  +--> ?PR?_DELAY_20US?DELAY

?PR?PULSO_BUS?PTO_PARALELO                       -----    -----      -----    -----      -----    -----
  +--> ?PR?_DELAY_20US?DELAY

?PR?_CMD_MONITOR?MONITOR                         -----    -----      -----    -----      000EH    000DH
  +--> ?PR?DIR_BOARD?IO_SENSORES
  +--> ?PR?_SERIE_ASCII_SICEROS_L?NUM_SERIE
  +--> ?PR?_STRLEN?STRLEN
  +--> ?PR?_BLOCK_READ_CLOCK_ASCII?CLOCK
  +--> ?PR?_DEBUGBUFFERMF?TIBBO
  +--> ?PR?_MONITOR_CHR?MONITOR

?PR?DIR_BOARD?IO_SENSORES                        -----    -----      -----    -----      -----    -----
  +--> ?PR?SEL_DIR1?IO_SENSORES
  +--> ?PR?SEL_DIR2?IO_SENSORES

?PR?_BLOCK_READ_CLOCK_ASCII?CLOCK                -----    -----      -----    -----      009FH    0003H
  +--> ?PR?_LEE_CLK?CLOCK

?PR?_LEE_CLK?CLOCK                               -----    -----      -----    -----      00A2H    0003H
  +--> ?PR?_DELAY_20US?DELAY
  +--> ?PR?_EB_CLK?CLOCK
  +--> ?PR?P_CK?CLOCK

?PR?_EB_CLK?CLOCK                                -----    -----      -----    -----      00A5H    0003H
  +--> ?PR?P_CK?CLOCK

?PR?P_CK?CLOCK                                   -----    -----      -----    -----      -----    -----
  +--> ?PR?DELAY?DELAY

?PR?_MONITOR_CHR?MONITOR                         -----    -----      -----    -----      003FH    0005H
  +--> ?PR?_TX_AUX?TIBBO

?PR?_STATUS?PRINTER_NANO                         -----    -----      -----    -----      000EH    0001H
  +--> ?PR?_PUTCHAR?MAIN

?PR?_TRAMA_PTO_PARALELO_PRINTER?PTO_P...         -----    -----      -----    -----      000EH    002AH
  +--> ?PR?_SERIE_ASCII_SICEROS_L?NUM_SERIE
  +--> ?PR?_STRLEN?STRLEN
  +--> ?PR?_BLOCK_READ_CLOCK_HEX?CLOCK
  +--> ?PR?_SEND_PORT?PTO_PARALELO
BL51 BANKED LINKER/LOCATER V6.22.2.0                                                  08/10/2021  14:27:46  PAGE 14


  +--> ?PR?DEBUG_DIVIDIR_TEXTO?TIBBO
  +--> ?PR?_DEBUGBUFFERMF?TIBBO

?PR?_BLOCK_READ_CLOCK_HEX?CLOCK                  -----    -----      -----    -----      0038H    0003H
  +--> ?PR?_LEE_CLK?CLOCK
  +--> ?PR?_BCD_HEX?CLOCK

?PR?_SEND_PORT?PTO_PARALELO                      -----    -----      -----    -----      0038H    000AH
  +--> ?PR?PULSO_BUS?PTO_PARALELO
  +--> ?PR?_DELAY_20US?DELAY

?PR?PRINT_DATOS_CLIENTE_QR?PRINTER_NANO          -----    -----      -----    -----      000EH    0032H
  +--> ?PR?INICIALIZA_PRINT?PRINTER_NANO
  +--> ?PR?_POSICION_TABULACION?PRINTER_NANO
  +--> ?PR?MOVE_CAR?PRINTER_NANO
  +--> ?PR?_JUSTIFY?PRINTER_NANO
  +--> ?PR?_BOLD?PRINTER_NANO
  +--> ?PR?_TAMA_LETRA?PRINTER_NANO
  +--> ?PR?_ESPCS_ENT_CHR?PRINTER_NANO
  +--> ?PR?_ALIMENTAR_PAPER?PRINTER_NANO
  +--> ?PR?_LEERMEMORIA?EEPROM
  +--> ?CO?PRINTER_NANO
  +--> ?PR?PRINTF?PRINTF
  +--> ?PR?_INTERLINEADO?PRINTER_NANO
  +--> ?PR?PRINT_COD_QR?PRINTER_NANO
  +--> ?PR?PRINT_TICKET?PRINTER_NANO
  +--> ?PR?PRINT_MSJ_COD_BARRAS?PRINTER_NANO
  +--> ?PR?FULLCUT?PRINTER_NANO

?PR?INICIALIZA_PRINT?PRINTER_NANO                -----    -----      -----    -----      -----    -----
  +--> ?PR?_PUTCHAR?MAIN

?PR?_POSICION_TABULACION?PRINTER_NANO            -----    -----      -----    -----      0040H    0002H
  +--> ?PR?_PUTCHAR?MAIN

?PR?MOVE_CAR?PRINTER_NANO                        -----    -----      -----    -----      -----    -----
  +--> ?PR?_PUTCHAR?MAIN

?PR?_JUSTIFY?PRINTER_NANO                        -----    -----      -----    -----      -----    -----
  +--> ?PR?JUSTIFICAIZQ?PRINTER_NANO
  +--> ?PR?CENTRADO?PRINTER_NANO
  +--> ?PR?JUSTIFICADRC?PRINTER_NANO

?PR?JUSTIFICAIZQ?PRINTER_NANO                    -----    -----      -----    -----      -----    -----
  +--> ?PR?_PUTCHAR?MAIN

?PR?CENTRADO?PRINTER_NANO                        -----    -----      -----    -----      -----    -----
  +--> ?PR?_PUTCHAR?MAIN

?PR?JUSTIFICADRC?PRINTER_NANO                    -----    -----      -----    -----      -----    -----
  +--> ?PR?_PUTCHAR?MAIN

?PR?_BOLD?PRINTER_NANO                           -----    -----      -----    -----      007EH    0001H
  +--> ?PR?_PUTCHAR?MAIN

?PR?_TAMA_LETRA?PRINTER_NANO                     -----    -----      -----    -----      004FH    0001H
  +--> ?PR?_PUTCHAR?MAIN
BL51 BANKED LINKER/LOCATER V6.22.2.0                                                  08/10/2021  14:27:46  PAGE 15



?PR?_ESPCS_ENT_CHR?PRINTER_NANO                  -----    -----      -----    -----      004FH    0001H
  +--> ?PR?_PUTCHAR?MAIN

?PR?_ALIMENTAR_PAPER?PRINTER_NANO                -----    -----      -----    -----      0040H    0001H
  +--> ?PR?_PUTCHAR?MAIN

?PR?_INTERLINEADO?PRINTER_NANO                   -----    -----      -----    -----      007EH    0001H
  +--> ?PR?_PUTCHAR?MAIN

?PR?PRINT_COD_QR?PRINTER_NANO                    -----    -----      -----    -----      0040H    005FH
  +--> ?PR?FUNCION_165?PRINTER_NANO
  +--> ?PR?FUNCION_169?PRINTER_NANO
  +--> ?PR?FUNCION_167?PRINTER_NANO
  +--> ?CO?PRINTER_NANO
  +--> ?PR?_SERIE_ASCII_SICEROS_L?NUM_SERIE
  +--> ?PR?_STRCAT?STRCAT
  +--> ?PR?_BLOCK_READ_CLOCK_ASCII?CLOCK
  +--> ?PR?_STRNCAT?STRNCAT
  +--> ?PR?_FUNCION_180?PRINTER_NANO
  +--> ?PR?FUNCION_181?PRINTER_NANO

?PR?FUNCION_165?PRINTER_NANO                     -----    -----      -----    -----      -----    -----
  +--> ?PR?_PUTCHAR?MAIN

?PR?FUNCION_169?PRINTER_NANO                     -----    -----      -----    -----      -----    -----
  +--> ?PR?_PUTCHAR?MAIN

?PR?FUNCION_167?PRINTER_NANO                     -----    -----      -----    -----      -----    -----
  +--> ?PR?_PUTCHAR?MAIN

?PR?_STRNCAT?STRNCAT                             -----    -----      -----    -----      009FH    000AH

?PR?_FUNCION_180?PRINTER_NANO                    -----    -----      -----    -----      009FH    0005H
  +--> ?PR?_PUTCHAR?MAIN
  +--> ?PR?_STRLEN?STRLEN

?PR?FUNCION_181?PRINTER_NANO                     -----    -----      -----    -----      -----    -----
  +--> ?PR?_PUTCHAR?MAIN

?PR?PRINT_TICKET?PRINTER_NANO                    -----    -----      -----    -----      0040H    000FH
  +--> ?PR?_INTERLINEADO?PRINTER_NANO
  +--> ?PR?_BOLD?PRINTER_NANO
  +--> ?PR?_ALIMENTA_NLINE?PRINTER_NANO
  +--> ?PR?_JUSTIFY?PRINTER_NANO
  +--> ?CO?PRINTER_NANO
  +--> ?PR?PRINTF?PRINTF
  +--> ?PR?_SERIE_ASCII_SICEROS_L?NUM_SERIE
  +--> ?PR?_BLOCK_READ_CLOCK_ASCII?CLOCK
  +--> ?PR?_PUTCHAR?MAIN
  +--> ?PR?_TAMA_LETRA?PRINTER_NANO
  +--> ?PR?_ESPCS_ENT_CHR?PRINTER_NANO

?PR?_ALIMENTA_NLINE?PRINTER_NANO                 -----    -----      -----    -----      004FH    0001H
  +--> ?PR?_PUTCHAR?MAIN

?PR?PRINT_MSJ_COD_BARRAS?PRINTER_NANO            -----    -----      -----    -----      0040H    003EH
BL51 BANKED LINKER/LOCATER V6.22.2.0                                                  08/10/2021  14:27:46  PAGE 16


  +--> ?PR?_TIPO_FUENTE?PRINTER_NANO
  +--> ?PR?_INTERLINEADO?PRINTER_NANO
  +--> ?PR?_JUSTIFY?PRINTER_NANO
  +--> ?PR?_BOLD?PRINTER_NANO
  +--> ?PR?_LEERMEMORIA?EEPROM
  +--> ?CO?PRINTER_NANO
  +--> ?PR?PRINTF?PRINTF

?PR?_TIPO_FUENTE?PRINTER_NANO                    -----    -----      -----    -----      007EH    0001H
  +--> ?PR?_PUTCHAR?MAIN

?PR?FULLCUT?PRINTER_NANO                         -----    -----      -----    -----      -----    -----
  +--> ?PR?_PUTCHAR?MAIN

?PR?PRINT_DATOS_CLIENTE?PRINTER_NANO             -----    -----      -----    -----      000EH    0032H
  +--> ?PR?_INTERLINEADO?PRINTER_NANO
  +--> ?PR?_ALIMENTA_NLINE?PRINTER_NANO
  +--> ?PR?PRINT_COD_BARRAS?PRINTER_NANO
  +--> ?PR?INICIALIZA_PRINT?PRINTER_NANO
  +--> ?PR?_POSICION_TABULACION?PRINTER_NANO
  +--> ?PR?MOVE_CAR?PRINTER_NANO
  +--> ?PR?_JUSTIFY?PRINTER_NANO
  +--> ?PR?_BOLD?PRINTER_NANO
  +--> ?PR?_TAMA_LETRA?PRINTER_NANO
  +--> ?PR?_ESPCS_ENT_CHR?PRINTER_NANO
  +--> ?PR?_ALIMENTAR_PAPER?PRINTER_NANO
  +--> ?PR?_LEERMEMORIA?EEPROM
  +--> ?CO?PRINTER_NANO
  +--> ?PR?PRINTF?PRINTF
  +--> ?PR?PRINT_TICKET?PRINTER_NANO
  +--> ?PR?PRINT_MSJ_COD_BARRAS?PRINTER_NANO
  +--> ?PR?FULLCUT?PRINTER_NANO

?PR?PRINT_COD_BARRAS?PRINTER_NANO                -----    -----      -----    -----      0040H    000AH
  +--> ?PR?INICIALIZA_PRINT?PRINTER_NANO
  +--> ?PR?_JUSTIFY?PRINTER_NANO
  +--> ?PR?_HEIGHT_CODE_BAR?PRINTER_NANO
  +--> ?PR?_POSITION_HRI?PRINTER_NANO
  +--> ?PR?FOUNT_CHAR_HRI?PRINTER_NANO
  +--> ?PR?_TIPO_FUENTE?PRINTER_NANO
  +--> ?PR?_SERIE_ASCII_SICEROS_L?NUM_SERIE
  +--> ?PR?_STRLEN?STRLEN
  +--> ?PR?_PRIN_COD_BARRA?PRINTER_NANO

?PR?_HEIGHT_CODE_BAR?PRINTER_NANO                -----    -----      -----    -----      004AH    0001H
  +--> ?PR?_PUTCHAR?MAIN

?PR?_POSITION_HRI?PRINTER_NANO                   -----    -----      -----    -----      004AH    0001H
  +--> ?PR?_PUTCHAR?MAIN

?PR?FOUNT_CHAR_HRI?PRINTER_NANO                  -----    -----      -----    -----      -----    -----
  +--> ?PR?_PUTCHAR?MAIN

?PR?_PRIN_COD_BARRA?PRINTER_NANO                 -----    -----      -----    -----      004AH    0005H
  +--> ?PR?_PUTCHAR?MAIN

?PR?INCREMENTE_SERIE?NUM_SERIE                   -----    -----      -----    -----      000EH    0004H
BL51 BANKED LINKER/LOCATER V6.22.2.0                                                  08/10/2021  14:27:46  PAGE 17


  +--> ?PR?LEER_SERIE?NUM_SERIE
  +--> ?PR?_GRABA_SERIE?NUM_SERIE

?PR?_GRABA_SERIE?NUM_SERIE                       -----    -----      -----    -----      0012H    000AH
  +--> ?CO?NUM_SERIE
  +--> ?PR?PRINTF?PRINTF
  +--> ?PR?_ESCRIBIRMEMORIA?EEPROM

?PR?_RECIBE_PORT?PTO_PARALELO                    -----    -----      -----    -----      000EH    0007H
  +--> ?PR?OFF_TIMER0_INTERRUP?MAIN
  +--> ?PR?ON_TIMER0_INTERRUP?MAIN

?PR?_VALIDA_TRAMA_PTO?ACCESCAN                   -----    -----      -----    -----      000EH    000FH
  +--> ?PR?_BLOCK_WRITE_CLOCK_ASCII?CLOCK
  +--> ?PR?RELOJ_PANTALLA_LCD?PANTALLAS
  +--> ?PR?_PANTALLALCD?PANTALLAS
  +--> ?PR?FORMATO_EEPROM?EEPROM
  +--> ?CO?ACCESCAN
  +--> ?PR?_DEBUG_TXT_TIBBO?TIBBO
  +--> ?PR?_BYTEHEX_DECIMAL?CLOCK
  +--> ?PR?_TWO_BYTEHEX_DECIMAL?CLOCK
  +--> ?PR?_PANTALLALCD_LINEA_2?PANTALLAS
  +--> ?PR?_CMD_LPR_SALIDA_WIEGAND?MONITOR
  +--> ?PR?_GRABA_SERIE_ASCII_HEX?NUM_SERIE
  +--> ?PR?_DEBUGBUFFERMF?TIBBO

?PR?_BLOCK_WRITE_CLOCK_ASCII?CLOCK               -----    -----      -----    -----      001DH    0003H
  +--> ?PR?_TWO_ONE?CLOCK
  +--> ?PR?_WR_CLK?CLOCK

?PR?_WR_CLK?CLOCK                                -----    -----      -----    -----      0020H    0002H
  +--> ?PR?_DELAY_20US?DELAY
  +--> ?PR?_EB_CLK?CLOCK

?PR?RELOJ_PANTALLA_LCD?PANTALLAS                 -----    -----      -----    -----      001DH    000DH
  +--> ?CO?PANTALLAS
  +--> ?PR?_BLOCK_READ_CLOCK?CLOCK
  +--> ?PR?_LCD_TXT_NUM_CHAR?PANTALLAS

?PR?_BLOCK_READ_CLOCK?CLOCK                      -----    -----      -----    -----      002AH    0003H
  +--> ?PR?_LEE_CLK?CLOCK

?PR?FORMATO_EEPROM?EEPROM                        -----    -----      -----    -----      001DH    0003H
  +--> ?PR?_WR_EEPROM?EEPROM

?PR?_BYTEHEX_DECIMAL?CLOCK                       -----    -----      -----    -----      001DH    0001H

?PR?_TWO_BYTEHEX_DECIMAL?CLOCK                   -----    -----      -----    -----      001DH    000CH
  +--> ?PR?_POW?POW

?PR?_POW?POW                                     -----    -----      -----    -----      0029H    000AH
  +--> ?PR?LOG?LOG
  +--> ?PR?EXP?EXP

?PR?LOG?LOG                                      0020H.0  0000H.1    -----    -----      0033H    0004H

?PR?_PANTALLALCD_LINEA_2?PANTALLAS               -----    -----      -----    -----      001DH    0033H
BL51 BANKED LINKER/LOCATER V6.22.2.0                                                  08/10/2021  14:27:46  PAGE 18


  +--> ?CO?PANTALLAS
  +--> ?PR?_LCD_TXT?PANTALLAS
  +--> ?PR?_STRLEN?STRLEN
  +--> ?PR?_TX_CHRLCD?PANTALLAS
  +--> ?PR?_STRCAT?STRCAT
  +--> ?PR?_RASPBERRY_DATA?PANTALLAS
  +--> ?PR?_DEBUG_TXT_TIBBO?TIBBO

?PR?_CMD_LPR_SALIDA_WIEGAND?MONITOR              -----    -----      -----    -----      001DH    0022H
  +--> ?PR?DIR_BOARD?IO_SENSORES
  +--> ?PR?_BLOCK_READ_CLOCK_ASCII?CLOCK
  +--> ?PR?_MONITOR_CHR?MONITOR

?PR?_GRABA_SERIE_ASCII_HEX?NUM_SERIE             -----    -----      -----    -----      -----    -----
  +--> ?PR?_ESCRIBIRMEMORIA?EEPROM

?PR?MSJ_LCD_INFORMATIVO?IO_SENSORES              -----    -----      -----    -----      000EH    0002H
  +--> ?PR?SEL_FUNCION?IO_SENSORES
  +--> ?PR?LOAD_AND_SEND_INFO_RELOJ?PTO_PARA...
  +--> ?PR?LOAD_AND_SEND_ID_COD?PTO_PARALELO
  +--> ?PR?_RD_EEPROM?EEPROM
  +--> ?PR?_SEND_PORTERR?PTO_PARALELO

?PR?LOAD_AND_SEND_INFO_RELOJ?PTO_PARA...         -----    -----      -----    -----      0010H    000BH
  +--> ?PR?_BLOCK_READ_CLOCK?CLOCK
  +--> ?PR?_LEE_CLK?CLOCK
  +--> ?PR?_SEND_PORT?PTO_PARALELO

?PR?LOAD_AND_SEND_ID_COD?PTO_PARALELO            -----    -----      -----    -----      0010H    0011H
  +--> ?CO?PTO_PARALELO
  +--> ?PR?PRINTF?PRINTF
  +--> ?PR?_SEND_PORT?PTO_PARALELO



SYMBOL TABLE OF MODULE:  .\Objects\expdprtr (MAIN)

  VALUE           TYPE          NAME
  ----------------------------------

  -------         MODULE        MAIN
  C:0000H         SYMBOL        _ICE_DUMMY_
  D:0080H         PUBLIC        P0
  D:0090H         PUBLIC        P1
  C:6987H         PUBLIC        timer0_int
  D:00B0H         PUBLIC        P3
  X:015DH         PUBLIC        placa
  B:00A8H.7       PUBLIC        EA
  C:6C71H         PUBLIC        off_Timer0_Interrup
  X:0166H         PUBLIC        ValTimeOutCom
  I:0022H         PUBLIC        Buffer_Rta_Lintech
  X:0167H         PUBLIC        Timer_wait
  X:0168H         PUBLIC        g_cContByteRx
  B:0080H.0       PUBLIC        rx_ip
  B:0080H.3       PUBLIC        Atascado
  C:4CF2H         PUBLIC        main
  C:5663H         PUBLIC        variable_inicio
BL51 BANKED LINKER/LOCATER V6.22.2.0                                                  08/10/2021  14:27:46  PAGE 19


  B:0090H.7       PUBLIC        lock
  I:002CH         PUBLIC        rbuf
  C:6C63H         PUBLIC        on_Timer0_Interrup
  I:005EH         PUBLIC        tbuf
  B:0090H.1       PUBLIC        DataIn
  D:0089H         PUBLIC        TMOD
  X:0169H         PUBLIC        USE_LPR
  X:016AH         PUBLIC        Debug_Tibbo
  X:016BH         PUBLIC        Raspberry
  X:016CH         PUBLIC        QR_BARRAS
  X:016DH         PUBLIC        SIN_COBRO
  X:016FH         PUBLIC        Tipo_Vehiculo
  B:00B0H.3       PUBLIC        busy
  C:6B60H         PUBLIC        ini_timer
  B:00A8H.1       PUBLIC        ET0
  B:0088H.5       PUBLIC        TF0
  X:0170H         PUBLIC        COMPARACION_ACTIVA
  X:0171H         PUBLIC        g_cEstadoImpresion
  D:008CH         PUBLIC        TH0
  X:0172H         PUBLIC        ACK
  X:0173H         PUBLIC        g_cEstadoComSoft
  D:008AH         PUBLIC        TL0
  B:0088H.4       PUBLIC        TR0
  C:6B70H         PUBLIC        inicia_board
  X:0174H         PUBLIC        T_GRACIA
  X:0176H         PUBLIC        COD_PARK
  B:0080H.7       PUBLIC        sel_com
  X:0178H         PUBLIC        STX_LINTECH
  C:6BE9H         PUBLIC        _getkey
  X:0179H         PUBLIC        ETX
  X:017AH         PUBLIC        ID_CLIENTE
  X:017CH         PUBLIC        buffer_ready
  C:6438H         PUBLIC        _putchar
  B:0021H.1       PUBLIC        placa_ready
  -------         PROC          TIMER0_INT
  C:6987H         LINE#         13
  C:698DH         LINE#         16
  C:6993H         LINE#         17
  C:6997H         LINE#         18
  C:6999H         LINE#         20
  -------         ENDPROC       TIMER0_INT
  -------         PROC          INI_TIMER
  C:6B60H         LINE#         23
  C:6B60H         LINE#         24
  C:6B60H         LINE#         26
  C:6B68H         LINE#         28
  C:6B6BH         LINE#         29
  C:6B6DH         LINE#         30
  C:6B6FH         LINE#         32
  -------         ENDPROC       INI_TIMER
  -------         PROC          ON_TIMER0_INTERRUP
  C:6C63H         LINE#         35
  C:6C63H         LINE#         36
  C:6C63H         LINE#         37
  C:6C65H         LINE#         38
  C:6C67H         LINE#         40
  -------         ENDPROC       ON_TIMER0_INTERRUP
BL51 BANKED LINKER/LOCATER V6.22.2.0                                                  08/10/2021  14:27:46  PAGE 20


  -------         PROC          OFF_TIMER0_INTERRUP
  C:6C71H         LINE#         43
  C:6C71H         LINE#         44
  C:6C71H         LINE#         45
  C:6C73H         LINE#         47
  -------         ENDPROC       OFF_TIMER0_INTERRUP
  -------         PROC          _GETKEY
  -------         DO            
  D:0006H         SYMBOL        k
  -------         ENDDO         
  C:6BE9H         LINE#         55
  C:6BE9H         LINE#         56
  C:6BE9H         LINE#         60
  C:6BE9H         LINE#         61
  C:6BECH         LINE#         62
  C:6BECH         LINE#         63
  C:6BF4H         LINE#         65
  C:6BF4H         LINE#         66
  -------         ENDPROC       _GETKEY
  -------         PROC          _PUTCHAR
  X:00D2H         SYMBOL        c
  -------         DO            
  X:00D3H         SYMBOL        i
  -------         ENDDO         
  C:6438H         LINE#         70
  C:643DH         LINE#         71
  C:643DH         LINE#         74
  C:644CH         LINE#         75
  C:644CH         LINE#         76
  C:6462H         LINE#         77
  C:6462H         LINE#         79
  C:6470H         LINE#         80
  C:6470H         LINE#         82
  C:6475H         LINE#         83
  -------         ENDPROC       _PUTCHAR
  -------         PROC          INICIA_BOARD
  C:6B70H         LINE#         101
  C:6B70H         LINE#         102
  C:6B70H         LINE#         103
  C:6B73H         LINE#         104
  C:6B76H         LINE#         105
  C:6B79H         LINE#         106
  C:6B7BH         LINE#         107
  C:6B7DH         LINE#         108
  C:6B7FH         LINE#         110
  -------         ENDPROC       INICIA_BOARD
  -------         PROC          VARIABLE_INICIO
  C:5663H         LINE#         114
  C:5663H         LINE#         115
  C:5663H         LINE#         117
  C:5673H         LINE#         118
  C:5684H         LINE#         119
  C:5695H         LINE#         120
  C:56A6H         LINE#         121
  C:56B4H         LINE#         122
  C:56C2H         LINE#         123
  C:56D0H         LINE#         124
BL51 BANKED LINKER/LOCATER V6.22.2.0                                                  08/10/2021  14:27:46  PAGE 21


  C:56DEH         LINE#         125
  C:56ECH         LINE#         126
  -------         ENDPROC       VARIABLE_INICIO
  -------         PROC          MAIN
  -------         DO            
  X:0135H         SYMBOL        buffer
  X:0000H         SYMBOL        buffer1
  X:000DH         SYMBOL        Length_trama
  -------         ENDDO         
  C:4CF2H         LINE#         134
  C:4CF2H         LINE#         135
  C:4CF2H         LINE#         142
  C:4CF5H         LINE#         143
  C:4CF8H         LINE#         144
  C:4CFBH         LINE#         145
  C:4CFEH         LINE#         146
  C:4D01H         LINE#         147
  C:4D03H         LINE#         154
  C:4D06H         LINE#         155
  C:4D09H         LINE#         156
  C:4D09H         LINE#         157
  C:4D0CH         LINE#         158
  C:4D0CH         LINE#         159
  C:4D0FH         LINE#         161
  C:4D15H         LINE#         163
  C:4D15H         LINE#         164
  C:4D15H         LINE#         167
  C:4D18H         LINE#         168
  C:4D18H         LINE#         170
  C:4D26H         LINE#         171
  C:4D29H         LINE#         172
  C:4D37H         LINE#         173
  C:4D4BH         LINE#         174
  C:4D54H         LINE#         175
  C:4D57H         LINE#         176
  C:4D57H         LINE#         178
  C:4D5AH         LINE#         181
  C:4D5DH         LINE#         182
  C:4D5DH         LINE#         184
  C:4D6BH         LINE#         187
  C:4D74H         LINE#         188
  C:4D88H         LINE#         189
  C:4D91H         LINE#         190
  C:4D99H         LINE#         193
  C:4DA7H         LINE#         195
  C:4DA7H         LINE#         196
  C:4DAAH         LINE#         199
  -------         ENDPROC       MAIN
  -------         ENDMOD        MAIN

  -------         MODULE        ACCESCAN
  C:0000H         SYMBOL        _ICE_DUMMY_
  D:0080H         PUBLIC        P0
  D:0090H         PUBLIC        P1
  B:0080H.2       PUBLIC        led_err_imp
  B:0080H.3       PUBLIC        Atascado
  B:0090H.7       PUBLIC        lock
BL51 BANKED LINKER/LOCATER V6.22.2.0                                                  08/10/2021  14:27:46  PAGE 22


  C:1CCBH         PUBLIC        _Valida_Trama_Pto
  -------         PROC          _VALIDA_TRAMA_PTO
  X:000EH         SYMBOL        buffer
  X:0011H         SYMBOL        length_trama
  -------         DO            
  X:0012H         SYMBOL        buff
  -------         ENDDO         
  C:1CCBH         LINE#         78
  C:1CD9H         LINE#         79
  C:1CD9H         LINE#         82
  C:1D0FH         LINE#         83
  C:1D0FH         LINE#         85
  C:1D1EH         LINE#         87
  C:1D21H         LINE#         89
  C:1D21H         LINE#         91
  C:1D33H         LINE#         92
  C:1D33H         LINE#         93
  C:1D35H         LINE#         94
  C:1D38H         LINE#         96
  C:1D4AH         LINE#         97
  C:1D4AH         LINE#         98
  C:1D4CH         LINE#         99
  C:1D4FH         LINE#         101
  C:1D61H         LINE#         102
  C:1D61H         LINE#         103
  C:1D63H         LINE#         104
  C:1D66H         LINE#         106
  C:1D78H         LINE#         107
  C:1D78H         LINE#         108
  C:1D7AH         LINE#         109
  C:1D7DH         LINE#         111
  C:1D97H         LINE#         112
  C:1D97H         LINE#         113
  C:1D99H         LINE#         114
  C:1D9CH         LINE#         116
  C:1DB6H         LINE#         117
  C:1DB6H         LINE#         118
  C:1DB8H         LINE#         119
  C:1DBBH         LINE#         122
  C:1DCDH         LINE#         123
  C:1DCDH         LINE#         124
  C:1DDAH         LINE#         125
  C:1DDAH         LINE#         126
  C:1DDFH         LINE#         127
  C:1DE1H         LINE#         128
  C:1DE6H         LINE#         129
  C:1DE8H         LINE#         130
  C:1DEAH         LINE#         131
  C:1DF0H         LINE#         132
  C:1DF0H         LINE#         133
  C:1E04H         LINE#         134
  C:1E04H         LINE#         135
  C:1E04H         LINE#         136
  C:1E04H         LINE#         138
  C:1E04H         LINE#         139
  C:1E04H         LINE#         140
  C:1E06H         LINE#         142
BL51 BANKED LINKER/LOCATER V6.22.2.0                                                  08/10/2021  14:27:46  PAGE 23


  C:1E36H         LINE#         143
  C:1E36H         LINE#         144
  C:1E39H         LINE#         145
  C:1E39H         LINE#         147
  C:1E4BH         LINE#         148
  C:1E4BH         LINE#         150
  C:1E5BH         LINE#         151
  C:1E5BH         LINE#         152
  C:1E5DH         LINE#         153
  C:1E5FH         LINE#         154
  C:1E61H         LINE#         155
  C:1E63H         LINE#         156
  C:1E69H         LINE#         157
  C:1E7DH         LINE#         158
  C:1E7DH         LINE#         159
  C:1E82H         LINE#         160
  C:1E8BH         LINE#         162
  C:1E90H         LINE#         163
  C:1E90H         LINE#         164
  C:1E90H         LINE#         166
  C:1E91H         LINE#         168
  C:1EC2H         LINE#         169
  C:1EC2H         LINE#         170
  C:1ECAH         LINE#         171
  C:1ED3H         LINE#         172
  C:1ED6H         LINE#         174
  C:1F0EH         LINE#         175
  C:1F0EH         LINE#         176
  C:1F16H         LINE#         177
  C:1F1FH         LINE#         178
  C:1F22H         LINE#         179
  C:1F3CH         LINE#         180
  C:1F3CH         LINE#         181
  C:1F41H         LINE#         182
  C:1F41H         LINE#         184
  C:1F7EH         LINE#         185
  C:1F7EH         LINE#         187
  C:1F93H         LINE#         188
  C:1F99H         LINE#         189
  C:1FC3H         LINE#         190
  C:1FD3H         LINE#         191
  C:1FD3H         LINE#         194
  C:1FD6H         LINE#         200
  C:1FDFH         LINE#         201
  C:1FDFH         LINE#         204
  C:1FDFH         LINE#         207
  C:1FE2H         LINE#         211
  C:1FE2H         LINE#         212
  C:1FE2H         LINE#         213
  C:200FH         LINE#         214
  C:200FH         LINE#         215
  C:201EH         LINE#         218
  C:2027H         LINE#         219
  C:203EH         LINE#         222
  C:203EH         LINE#         223
  -------         ENDPROC       _VALIDA_TRAMA_PTO
  -------         ENDMOD        ACCESCAN
BL51 BANKED LINKER/LOCATER V6.22.2.0                                                  08/10/2021  14:27:46  PAGE 24



  -------         MODULE        CLOCK
  C:0000H         SYMBOL        _ICE_DUMMY_
  C:62EDH         PUBLIC        _two_one
  D:0090H         PUBLIC        P1
  C:6722H         PUBLIC        _wr_clk
  B:00D0H.7       PUBLIC        CY
  C:0003H         PUBLIC        p_ck
  X:01A3H         PUBLIC        data_clk
  C:6C25H         PUBLIC        cond_ini_clock
  C:4AB4H         PUBLIC        _Block_read_Clock
  B:0090H.4       PUBLIC        sck
  C:507AH         PUBLIC        _Block_read_Clock_Hex
  C:2ED3H         PUBLIC        _Block_read_clock_ascii
  C:68FAH         PUBLIC        _bcd_hex
  C:5D55H         PUBLIC        _ByteHex_Decimal
  C:5432H         PUBLIC        _lee_clk
  B:0090H.5       PUBLIC        io
  C:5548H         PUBLIC        _Block_write_clock_ascii
  B:0090H.6       PUBLIC        rst
  C:637BH         PUBLIC        _eb_clk
  C:203FH         PUBLIC        _Two_ByteHex_Decimal
  -------         PROC          P_CK
  C:0003H         LINE#         37
  C:0003H         LINE#         38
  C:0003H         LINE#         39
  C:0005H         LINE#         40
  C:0008H         LINE#         41
  C:000AH         LINE#         42
  -------         ENDPROC       P_CK
  -------         PROC          _EB_CLK
  X:00A5H         SYMBOL        dir_clk
  -------         DO            
  X:00A6H         SYMBOL        nbits
  -------         ENDDO         
  C:637BH         LINE#         44
  C:6380H         LINE#         46
  C:6385H         LINE#         47
  C:6385H         LINE#         48
  C:638EH         LINE#         49
  C:6391H         LINE#         50
  C:6391H         LINE#         51
  C:6393H         LINE#         52
  C:6395H         LINE#         54
  C:6395H         LINE#         55
  C:6397H         LINE#         56
  C:6397H         LINE#         57
  C:639AH         LINE#         58
  C:63B9H         LINE#         59
  -------         ENDPROC       _EB_CLK
  C:5428H         SYMBOL        L?0048
  -------         PROC          L?0047
  -------         ENDPROC       L?0047
  C:5428H         SYMBOL        L?0048
  -------         PROC          _LEE_CLK
  X:00A2H         SYMBOL        dir_clk
  -------         DO            
BL51 BANKED LINKER/LOCATER V6.22.2.0                                                  08/10/2021  14:27:46  PAGE 25


  X:00A3H         SYMBOL        nbits
  -------         ENDDO         
  C:5432H         LINE#         61
  C:5437H         LINE#         63
  C:5439H         LINE#         64
  C:5440H         LINE#         65
  C:5448H         LINE#         66
  C:5461H         LINE#         67
  C:5461H         LINE#         68
  C:5464H         LINE#         69
  C:5464H         LINE#         70
  C:546BH         LINE#         71
  C:5475H         LINE#         72
  C:547AH         LINE#         73
  C:547AH         LINE#         74
  C:547AH         LINE#         75
  C:547DH         LINE#         76
  C:547DH         LINE#         77
  C:5484H         LINE#         78
  C:5495H         LINE#         79
  C:5495H         LINE#         80
  C:549DH         LINE#         81
  C:549DH         LINE#         82
  C:549DH         LINE#         83
  C:54A0H         LINE#         84
  C:54B0H         LINE#         85
  C:54B2H         LINE#         86
  C:54B7H         LINE#         87
  -------         ENDPROC       _LEE_CLK
  -------         PROC          _WR_CLK
  X:0020H         SYMBOL        dir_clk
  X:0021H         SYMBOL        byte
  C:6722H         LINE#         89
  C:672AH         LINE#         90
  C:672CH         LINE#         91
  C:6733H         LINE#         92
  C:673BH         LINE#         93
  C:6744H         LINE#         94
  C:6747H         LINE#         95
  C:6749H         LINE#         97
  -------         ENDPROC       _WR_CLK
  C:62B9H         SYMBOL        L?0045
  C:62D7H         SYMBOL        L?0046
  -------         PROC          L?0044
  -------         ENDPROC       L?0044
  C:62B9H         SYMBOL        L?0045
  C:62D7H         SYMBOL        L?0046
  -------         PROC          _TWO_ONE
  D:0007H         SYMBOL        byte_h
  D:0005H         SYMBOL        byte_l
  -------         DO            
  D:0007H         SYMBOL        byte_out
  -------         ENDDO         
  C:62EDH         LINE#         99
  C:62EDH         LINE#         100
  C:62EDH         LINE#         102
  C:62F0H         LINE#         103
BL51 BANKED LINKER/LOCATER V6.22.2.0                                                  08/10/2021  14:27:46  PAGE 26


  C:62F4H         LINE#         104
  C:62F7H         LINE#         105
  C:62F9H         LINE#         106
  C:62F9H         LINE#         107
  -------         ENDPROC       _TWO_ONE
  -------         PROC          _BLOCK_WRITE_CLOCK_ASCII
  X:001DH         SYMBOL        datos_clock
  C:5548H         LINE#         112
  C:5553H         LINE#         114
  C:5553H         LINE#         118
  C:555DH         LINE#         119
  C:555DH         LINE#         120
  C:555DH         LINE#         121
  C:555DH         LINE#         123
  C:5567H         LINE#         124
  C:5571H         LINE#         125
  C:557BH         LINE#         126
  C:557BH         LINE#         127
  C:557BH         LINE#         128
  C:557BH         LINE#         130
  C:5585H         LINE#         131
  C:5585H         LINE#         132
  C:5585H         LINE#         133
  C:5585H         LINE#         135
  C:558FH         LINE#         136
  C:558FH         LINE#         137
  C:558FH         LINE#         138
  C:558FH         LINE#         140
  C:5599H         LINE#         141
  C:5599H         LINE#         142
  C:5599H         LINE#         143
  C:5599H         LINE#         145
  C:55A3H         LINE#         146
  C:55ADH         LINE#         147
  C:55B7H         LINE#         148
  C:55C1H         LINE#         150
  -------         ENDPROC       _BLOCK_WRITE_CLOCK_ASCII
  -------         PROC          _BCD_HEX
  D:0007H         SYMBOL        l_data
  -------         DO            
  D:0006H         SYMBOL        temp
  D:0005H         SYMBOL        j
  -------         ENDDO         
  C:68FAH         LINE#         156
  C:68FAH         LINE#         157
  C:68FAH         LINE#         159
  C:68FCH         LINE#         160
  C:6900H         LINE#         161
  C:6903H         LINE#         162
  C:6905H         LINE#         163
  C:6905H         LINE#         164
  C:6909H         LINE#         165
  C:6910H         LINE#         166
  C:6910H         LINE#         167
  C:6914H         LINE#         168
  C:6917H         LINE#         169
  C:6917H         LINE#         170
BL51 BANKED LINKER/LOCATER V6.22.2.0                                                  08/10/2021  14:27:46  PAGE 27


  C:6917H         LINE#         171
  -------         ENDPROC       _BCD_HEX
  -------         PROC          _BYTEHEX_DECIMAL
  D:0001H         SYMBOL        buffer
  D:0005H         SYMBOL        valorhex
  -------         DO            
  X:001DH         SYMBOL        numero
  D:0007H         SYMBOL        centena
  D:0006H         SYMBOL        decena
  -------         ENDDO         
  C:5D55H         LINE#         207
  C:5D55H         LINE#         208
  C:5D55H         LINE#         211
  C:5D57H         LINE#         212
  C:5D58H         LINE#         213
  C:5D5DH         LINE#         215
  C:5D6AH         LINE#         216
  C:5D6AH         LINE#         217
  C:5D6EH         LINE#         218
  C:5D6FH         LINE#         219
  C:5D71H         LINE#         220
  C:5D77H         LINE#         221
  C:5D7EH         LINE#         222
  C:5D8BH         LINE#         223
  C:5D8BH         LINE#         224
  C:5D8FH         LINE#         225
  C:5D90H         LINE#         226
  C:5D92H         LINE#         227
  C:5D98H         LINE#         228
  C:5D9FH         LINE#         229
  -------         ENDPROC       _BYTEHEX_DECIMAL
  -------         PROC          _TWO_BYTEHEX_DECIMAL
  X:001DH         SYMBOL        buffer
  X:0020H         SYMBOL        id_h
  X:0021H         SYMBOL        id_l
  -------         DO            
  X:0022H         SYMBOL        valor
  D:0006H         SYMBOL        numero
  X:0024H         SYMBOL        temp
  X:0025H         SYMBOL        dmil
  X:0026H         SYMBOL        mil
  X:0027H         SYMBOL        centena
  X:0028H         SYMBOL        decena
  -------         ENDDO         
  C:203FH         LINE#         237
  C:204DH         LINE#         238
  C:204DH         LINE#         242
  C:2054H         LINE#         243
  C:2058H         LINE#         244
  C:205AH         LINE#         245
  C:205CH         LINE#         246
  C:205EH         LINE#         249
  C:2063H         LINE#         250
  C:2066H         LINE#         251
  C:206CH         LINE#         253
  C:20C7H         LINE#         254
  C:20CFH         LINE#         255
BL51 BANKED LINKER/LOCATER V6.22.2.0                                                  08/10/2021  14:27:46  PAGE 28


  C:20D2H         LINE#         256
  C:212DH         LINE#         258
  C:2135H         LINE#         259
  C:2138H         LINE#         260
  C:213EH         LINE#         261
  C:2199H         LINE#         262
  C:21A1H         LINE#         263
  C:21A4H         LINE#         264
  C:21FFH         LINE#         265
  C:21FFH         LINE#         267
  C:2208H         LINE#         268
  C:2208H         LINE#         269
  C:2210H         LINE#         270
  C:2216H         LINE#         271
  C:2218H         LINE#         272
  C:222EH         LINE#         273
  C:2238H         LINE#         274
  C:2241H         LINE#         275
  C:2241H         LINE#         276
  C:2249H         LINE#         277
  C:224FH         LINE#         278
  C:2251H         LINE#         279
  C:2267H         LINE#         280
  C:2271H         LINE#         281
  C:227AH         LINE#         282
  C:227AH         LINE#         283
  C:2282H         LINE#         284
  C:2288H         LINE#         285
  C:228AH         LINE#         286
  C:22A0H         LINE#         287
  C:22AAH         LINE#         288
  C:22B3H         LINE#         289
  C:22B3H         LINE#         290
  C:22BBH         LINE#         291
  C:22C1H         LINE#         292
  C:22C3H         LINE#         293
  C:22D9H         LINE#         294
  C:22E3H         LINE#         295
  C:22F6H         LINE#         296
  C:2300H         LINE#         297
  -------         ENDPROC       _TWO_BYTEHEX_DECIMAL
  -------         PROC          _BLOCK_READ_CLOCK_ASCII
  X:009FH         SYMBOL        datos_clock
  -------         DO            
  D:0007H         SYMBOL        dato
  -------         ENDDO         
  C:2ED3H         LINE#         303
  C:2ED6H         LINE#         304
  C:2ED6H         LINE#         310
  C:2ED9H         LINE#         311
  C:2EF1H         LINE#         312
  C:2EFBH         LINE#         313
  C:2F10H         LINE#         314
  C:2F1AH         LINE#         317
  C:2F1FH         LINE#         318
  C:2F37H         LINE#         319
  C:2F41H         LINE#         320
BL51 BANKED LINKER/LOCATER V6.22.2.0                                                  08/10/2021  14:27:46  PAGE 29


  C:2F56H         LINE#         321
  C:2F60H         LINE#         324
  C:2F65H         LINE#         325
  C:2F7DH         LINE#         326
  C:2F87H         LINE#         327
  C:2F9CH         LINE#         328
  C:2FA6H         LINE#         332
  C:2FABH         LINE#         333
  C:2FC3H         LINE#         334
  C:2FCDH         LINE#         335
  C:2FE2H         LINE#         336
  C:2FECH         LINE#         339
  C:2FF1H         LINE#         340
  C:3009H         LINE#         341
  C:3013H         LINE#         342
  C:3028H         LINE#         343
  C:3032H         LINE#         346
  C:3037H         LINE#         347
  C:304FH         LINE#         348
  C:3059H         LINE#         349
  C:306EH         LINE#         350
  C:3078H         LINE#         353
  C:307DH         LINE#         354
  C:3092H         LINE#         355
  C:309CH         LINE#         356
  -------         ENDPROC       _BLOCK_READ_CLOCK_ASCII
  -------         PROC          _BLOCK_READ_CLOCK_HEX
  X:0038H         SYMBOL        datos_clock
  C:507AH         LINE#         359
  C:507DH         LINE#         360
  C:507DH         LINE#         363
  C:5092H         LINE#         364
  C:509CH         LINE#         366
  C:50B3H         LINE#         367
  C:50BDH         LINE#         369
  C:50D4H         LINE#         370
  C:50DEH         LINE#         372
  C:50F5H         LINE#         373
  C:50FFH         LINE#         375
  C:5116H         LINE#         376
  -------         ENDPROC       _BLOCK_READ_CLOCK_HEX
  -------         PROC          _BLOCK_READ_CLOCK
  X:002AH         SYMBOL        datos_clock
  C:4AB4H         LINE#         403
  C:4AB7H         LINE#         404
  C:4AB7H         LINE#         406
  C:4AC9H         LINE#         407
  C:4AD3H         LINE#         409
  C:4AE7H         LINE#         410
  C:4AF1H         LINE#         412
  C:4B05H         LINE#         413
  C:4B0FH         LINE#         415
  C:4B23H         LINE#         416
  C:4B2DH         LINE#         418
  C:4B41H         LINE#         419
  C:4B4BH         LINE#         421
  C:4B5FH         LINE#         422
BL51 BANKED LINKER/LOCATER V6.22.2.0                                                  08/10/2021  14:27:46  PAGE 30


  C:4B69H         LINE#         423
  -------         ENDPROC       _BLOCK_READ_CLOCK
  -------         PROC          COND_INI_CLOCK
  C:6C25H         LINE#         426
  C:6C25H         LINE#         427
  C:6C25H         LINE#         428
  C:6C27H         LINE#         429
  C:6C29H         LINE#         430
  C:6C2BH         LINE#         431
  -------         ENDPROC       COND_INI_CLOCK
  -------         ENDMOD        CLOCK

  -------         MODULE        DELAY
  C:0000H         SYMBOL        _ICE_DUMMY_
  C:6AF4H         PUBLIC        _Delay_20us
  C:6952H         PUBLIC        _Delay_1ms
  C:6C77H         PUBLIC        Delay
  -------         PROC          _DELAY_20US
  D:0006H         SYMBOL        cnt
  -------         DO            
  D:0004H         SYMBOL        i
  -------         ENDDO         
  C:6AF4H         LINE#         20
  C:6AF4H         LINE#         21
  C:6AF4H         LINE#         24
  C:6AFEH         LINE#         26
  C:6B05H         LINE#         27
  -------         ENDPROC       _DELAY_20US
  -------         PROC          _DELAY_1MS
  D:0002H         SYMBOL        cnt
  -------         DO            
  D:0082H         SYMBOL        i
  -------         ENDDO         
  C:6952H         LINE#         38
  C:6956H         LINE#         39
  C:6956H         LINE#         41
  C:696CH         LINE#         42
  -------         ENDPROC       _DELAY_1MS
  -------         PROC          DELAY
  C:6C77H         LINE#         60
  C:6C77H         LINE#         62
  -------         ENDPROC       DELAY
  -------         ENDMOD        DELAY

  -------         MODULE        EEPROM
  C:0000H         SYMBOL        _ICE_DUMMY_
  D:0090H         PUBLIC        P1
  C:56EDH         PUBLIC        _EscribirMemoria
  X:019BH         PUBLIC        l_chr
  C:687EH         PUBLIC        ackd
  B:0021H.2       PUBLIC        memory_flag
  B:00D0H.7       PUBLIC        CY
  C:6C5DH         PUBLIC        p_me
  C:6B0EH         PUBLIC        start
  B:0090H.2       PUBLIC        sda
  C:689EH         PUBLIC        ack_lect
  B:0090H.3       PUBLIC        scl
BL51 BANKED LINKER/LOCATER V6.22.2.0                                                  08/10/2021  14:27:46  PAGE 31


  C:65A4H         PUBLIC        _rd_eeprom
  C:6C13H         PUBLIC        stop
  C:65DDH         PUBLIC        Formato_eeprom
  X:019CH         PUBLIC        l_data_eeprom
  C:63BAH         PUBLIC        _wr_eeprom
  C:5CA6H         PUBLIC        _LeerMemoria
  X:019DH         PUBLIC        byte_rd
  C:6837H         PUBLIC        _e_d_m
  C:5DF8H         PUBLIC        l_d_m
  -------         PROC          L?0048
  -------         ENDPROC       L?0048
  -------         PROC          ACKD
  -------         DO            
  D:0006H         SYMBOL        i
  -------         ENDDO         
  C:687EH         LINE#         33
  C:687EH         LINE#         34
  C:687EH         LINE#         36
  C:6880H         LINE#         37
  C:6882H         LINE#         38
  C:6884H         LINE#         39
  C:6887H         LINE#         40
  C:6887H         LINE#         41
  C:688AH         LINE#         42
  C:688AH         LINE#         43
  C:688CH         LINE#         44
  C:688EH         LINE#         46
  C:688FH         LINE#         47
  C:688FH         LINE#         48
  C:689AH         LINE#         50
  C:689AH         LINE#         51
  C:689AH         LINE#         53
  C:689AH         LINE#         54
  -------         ENDPROC       ACKD
  -------         PROC          L?0050
  -------         ENDPROC       L?0050
  -------         PROC          ACK_LECT
  -------         DO            
  D:0006H         SYMBOL        i
  -------         ENDDO         
  C:689EH         LINE#         57
  C:689EH         LINE#         58
  C:689EH         LINE#         60
  C:68A0H         LINE#         61
  C:68A2H         LINE#         62
  C:68A4H         LINE#         63
  C:68A7H         LINE#         64
  C:68A7H         LINE#         65
  C:68AAH         LINE#         66
  C:68AAH         LINE#         67
  C:68ACH         LINE#         68
  C:68AEH         LINE#         69
  C:68AFH         LINE#         70
  C:68AFH         LINE#         71
  C:68BAH         LINE#         72
  -------         ENDPROC       ACK_LECT
  -------         PROC          P_ME
BL51 BANKED LINKER/LOCATER V6.22.2.0                                                  08/10/2021  14:27:46  PAGE 32


  C:6C5DH         LINE#         74
  C:6C5DH         LINE#         75
  C:6C5DH         LINE#         76
  C:6C5FH         LINE#         77
  C:6C60H         LINE#         78
  C:6C62H         LINE#         79
  -------         ENDPROC       P_ME
  -------         PROC          _E_D_M
  D:0007H         SYMBOL        a_serial_eeprom
  -------         DO            
  D:0006H         SYMBOL        nbits
  -------         ENDDO         
  C:6837H         LINE#         81
  C:6837H         LINE#         82
  C:6837H         LINE#         84
  C:6843H         LINE#         85
  C:6843H         LINE#         86
  C:6847H         LINE#         87
  C:684AH         LINE#         88
  C:684AH         LINE#         89
  C:684CH         LINE#         90
  C:684EH         LINE#         92
  C:684EH         LINE#         93
  C:6850H         LINE#         94
  C:6850H         LINE#         95
  C:6852H         LINE#         96
  C:6855H         LINE#         97
  C:6858H         LINE#         99
  -------         ENDPROC       _E_D_M
  -------         PROC          L?0049
  -------         ENDPROC       L?0049
  -------         PROC          START
  C:6B0EH         LINE#         101
  C:6B0EH         LINE#         102
  C:6B0EH         LINE#         103
  C:6B10H         LINE#         104
  C:6B12H         LINE#         105
  C:6B13H         LINE#         106
  C:6B15H         LINE#         107
  C:6B17H         LINE#         109
  -------         ENDPROC       START
  -------         PROC          STOP
  C:6C13H         LINE#         111
  C:6C13H         LINE#         112
  C:6C13H         LINE#         113
  C:6C15H         LINE#         114
  C:6C17H         LINE#         115
  C:6C19H         LINE#         116
  C:6C1BH         LINE#         118
  -------         ENDPROC       STOP
  -------         PROC          L_D_M
  -------         DO            
  D:0003H         SYMBOL        nbits
[...]


  C:2BF5H         LINE#         839
  C:2C03H         LINE#         840
  C:2C03H         LINE#         841
  C:2C08H         LINE#         843
  C:2C0DH         LINE#         844
  C:2C12H         LINE#         845
  C:2C1BH         LINE#         846
  C:2C21H         LINE#         847
  C:2C21H         LINE#         848
  C:2C24H         LINE#         849
  C:2C26H         LINE#         851
  C:2C26H         LINE#         852
  C:2C29H         LINE#         853
  C:2C29H         LINE#         855
  C:2C2FH         LINE#         856
  C:2C34H         LINE#         857
  C:2C38H         LINE#         858
  C:2C3EH         LINE#         859
  C:2C40H         LINE#         860
  C:2C45H         LINE#         861
  C:2C48H         LINE#         862
  C:2C4BH         LINE#         863
  C:2C4BH         LINE#         864
  C:2C4BH         LINE#         869
  C:2C4BH         LINE#         870
  C:2C53H         LINE#         871
  C:2C53H         LINE#         872
  C:2C59H         LINE#         873
  C:2C63H         LINE#         874
  C:2C63H         LINE#         875
  C:2C66H         LINE#         876
  C:2C69H         LINE#         877
  C:2C69H         LINE#         879
  C:2C6CH         LINE#         880
  C:2C7CH         LINE#         881
  C:2C7CH         LINE#         882
  C:2C81H         LINE#         883
  C:2C85H         LINE#         884
  C:2C87H         LINE#         885
  C:2C87H         LINE#         886
  C:2C87H         LINE#         887
  C:2C87H         LINE#         888
  C:2C87H         LINE#         889
  C:2C89H         LINE#         891
  C:2C89H         LINE#         892
  C:2C8EH         LINE#         893
  C:2C90H         LINE#         894
  C:2C90H         LINE#         895
  C:2C90H         LINE#         896
  C:2C90H         LINE#         897
  C:2C90H         LINE#         898
  C:2C90H         LINE#         899
  C:2C92H         LINE#         901
  C:2C92H         LINE#         903
  C:2C98H         LINE#         904
  C:2C9DH         LINE#         905
  C:2CA1H         LINE#         906
BL51 BANKED LINKER/LOCATER V6.22.2.0                                                  08/10/2021  14:27:46  PAGE 79


  C:2CA7H         LINE#         907
  C:2CA7H         LINE#         908
  C:2CA8H         LINE#         909
  C:2CA8H         LINE#         910
  C:2CADH         LINE#         911
  C:2CB1H         LINE#         912
  C:2CB3H         LINE#         913
  C:2CB9H         LINE#         914
  C:2CBEH         LINE#         915
  C:2CC2H         LINE#         916
  C:2CC2H         LINE#         917
  C:2CC2H         LINE#         918
  C:2CC2H         LINE#         919
  C:2CC4H         LINE#         922
  C:2CC4H         LINE#         923
  C:2CC9H         LINE#         924
  C:2CC9H         LINE#         926
  C:2CC9H         LINE#         927
  -------         ENDPROC       GENERA_TICKET
  -------         ENDMOD        PRINTER_NANO

  -------         MODULE        NUM_SERIE
  C:0000H         SYMBOL        _ICE_DUMMY_
  C:6936H         PUBLIC        Leer_serie
  C:6B80H         PUBLIC        _graba_serie_ascii_hex
  C:63F9H         PUBLIC        incremente_serie
  C:652DH         PUBLIC        _serie_ascii_siceros_l
  C:64B4H         PUBLIC        _ceros_izq
  C:66F8H         PUBLIC        _graba_serie
  -------         PROC          _GRABA_SERIE_ASCII_HEX
  D:0001H         SYMBOL        buffer
  C:6B80H         LINE#         18
  C:6B80H         LINE#         19
  C:6B80H         LINE#         22
  C:6B87H         LINE#         23
  -------         ENDPROC       _GRABA_SERIE_ASCII_HEX
  -------         PROC          _GRABA_SERIE
  D:0004H         SYMBOL        numero
  -------         DO            
  X:0012H         SYMBOL        cod_serie
  -------         ENDDO         
  C:66F8H         LINE#         29
  C:66F8H         LINE#         30
  C:66F8H         LINE#         32
  C:6713H         LINE#         33
  -------         ENDPROC       _GRABA_SERIE
  -------         PROC          LEER_SERIE
  -------         DO            
  X:00A2H         SYMBOL        numero
  X:00A6H         SYMBOL        cod_serie
  -------         ENDDO         
  C:6936H         LINE#         40
  C:6936H         LINE#         41
  C:6936H         LINE#         45
  C:6943H         LINE#         46
  -------         ENDPROC       LEER_SERIE
  -------         PROC          INCREMENTE_SERIE
BL51 BANKED LINKER/LOCATER V6.22.2.0                                                  08/10/2021  14:27:46  PAGE 80


  -------         DO            
  X:000EH         SYMBOL        numero
  -------         ENDDO         
  C:63F9H         LINE#         52
  C:63F9H         LINE#         53
  C:63F9H         LINE#         56
  C:6402H         LINE#         57
  C:6427H         LINE#         59
  -------         ENDPROC       INCREMENTE_SERIE
  -------         PROC          _CEROS_IZQ
  D:0001H         SYMBOL        dato
  -------         DO            
  X:00A2H         SYMBOL        p
  X:00A3H         SYMBOL        j
  D:0005H         SYMBOL        temp
  -------         ENDDO         
  C:64B4H         LINE#         68
  C:64B4H         LINE#         69
  C:64B4H         LINE#         72
  C:64BAH         LINE#         73
  C:64CBH         LINE#         74
  C:64CBH         LINE#         75
  C:64DDH         LINE#         76
  C:64E1H         LINE#         77
  C:64E1H         LINE#         78
  C:64E8H         LINE#         79
  C:64E8H         LINE#         81
  C:64E8H         LINE#         82
  C:64E8H         LINE#         83
  C:64E8H         LINE#         84
  C:64F0H         LINE#         85
  -------         ENDPROC       _CEROS_IZQ
  -------         PROC          _SERIE_ASCII_SICEROS_L
  X:009FH         SYMBOL        serie
  -------         DO            
  D:0004H         SYMBOL        numero
  -------         ENDDO         
  C:652DH         LINE#         90
  C:6538H         LINE#         91
  C:6538H         LINE#         95
  C:653BH         LINE#         96
  C:655BH         LINE#         97
  -------         ENDPROC       _SERIE_ASCII_SICEROS_L
  -------         ENDMOD        NUM_SERIE

  -------         MODULE        MONITOR
  C:0000H         SYMBOL        _ICE_DUMMY_
  D:0080H         PUBLIC        P0
  D:0090H         PUBLIC        P1
  C:62FAH         PUBLIC        _Monitor_chr
  B:0080H.0       PUBLIC        rx_ip
  B:0090H.7       PUBLIC        lock
  C:5393H         PUBLIC        _recibe_cmd_Monitor
  C:4786H         PUBLIC        _Cmd_LPR_Salida_wiegand
  C:43E7H         PUBLIC        _Cmd_Monitor
  C:6918H         PUBLIC        clear_placa
  C:5120H         PUBLIC        _Valida_Trama_Monitor
BL51 BANKED LINKER/LOCATER V6.22.2.0                                                  08/10/2021  14:27:46  PAGE 81


  -------         PROC          _RECIBE_CMD_MONITOR
  X:000EH         SYMBOL        buffer
  -------         DO            
  X:0011H         SYMBOL        j
  X:0012H         SYMBOL        NumDatos
  D:0005H         SYMBOL        time_out
  X:0013H         SYMBOL        MaxChrRx
  D:0006H         SYMBOL        contador
  -------         ENDDO         
  C:5393H         LINE#         40
  C:539EH         LINE#         41
  C:539EH         LINE#         45
  C:53A3H         LINE#         46
  C:53A7H         LINE#         48
  C:53AFH         LINE#         49
  C:53AFH         LINE#         50
  C:53C0H         LINE#         51
  C:53C0H         LINE#         52
  C:53C3H         LINE#         53
  C:53C4H         LINE#         54
  C:53CAH         LINE#         55
  C:53CAH         LINE#         56
  C:53CFH         LINE#         57
  C:53D8H         LINE#         58
  C:53D8H         LINE#         59
  C:53DAH         LINE#         60
  C:53E2H         LINE#         61
  C:53E2H         LINE#         62
  C:53E4H         LINE#         63
  C:53E9H         LINE#         65
  C:53FBH         LINE#         66
  C:5405H         LINE#         67
  C:540BH         LINE#         68
  C:5413H         LINE#         70
  C:5422H         LINE#         71
  C:5422H         LINE#         72
  C:5427H         LINE#         73
  -------         ENDPROC       _RECIBE_CMD_MONITOR
  -------         PROC          _VALIDA_TRAMA_MONITOR
  X:000EH         SYMBOL        buffer
  D:0005H         SYMBOL        length_trama
  -------         DO            
  D:0007H         SYMBOL        j
  D:0006H         SYMBOL        p
  -------         ENDDO         
  C:5120H         LINE#         79
  C:512BH         LINE#         80
  C:512BH         LINE#         81
  C:512DH         LINE#         82
  C:512FH         LINE#         83
  C:512FH         LINE#         84
  C:514DH         LINE#         85
  C:514DH         LINE#         86
  C:514FH         LINE#         87
  C:5154H         LINE#         88
  C:5155H         LINE#         89
  C:516AH         LINE#         90
BL51 BANKED LINKER/LOCATER V6.22.2.0                                                  08/10/2021  14:27:46  PAGE 82


  C:516AH         LINE#         93
  C:516AH         LINE#         94
  C:518AH         LINE#         95
  C:518BH         LINE#         96
  C:518CH         LINE#         97
  C:5198H         LINE#         98
  C:51ACH         LINE#         99
  C:51B8H         LINE#         100
  C:51BAH         LINE#         101
  C:51C0H         LINE#         104
  C:51C0H         LINE#         105
  C:51C0H         LINE#         106
  C:51C0H         LINE#         108
  C:51C0H         LINE#         109
  -------         ENDPROC       _VALIDA_TRAMA_MONITOR
  -------         PROC          _CMD_MONITOR
  X:000EH         SYMBOL        cmd
  -------         DO            
  D:0007H         SYMBOL        p
  X:000FH         SYMBOL        t
  X:0010H         SYMBOL        serie
  X:017DH         SYMBOL        Buffer_Lpr
  X:001AH         SYMBOL        j
  -------         ENDDO         
  C:43E7H         LINE#         116
  C:43ECH         LINE#         117
  C:43ECH         LINE#         118
  C:43EFH         LINE#         121
  C:43F5H         LINE#         122
  C:43FAH         LINE#         123
  C:4402H         LINE#         124
  C:440AH         LINE#         125
  C:4413H         LINE#         126
  C:4413H         LINE#         127
  C:4424H         LINE#         128
  C:4426H         LINE#         130
  C:4426H         LINE#         131
  C:4437H         LINE#         132
  C:4437H         LINE#         133
  C:4440H         LINE#         134
  C:4449H         LINE#         136
  C:4449H         LINE#         137
  C:446BH         LINE#         138
  C:446CH         LINE#         139
  C:4472H         LINE#         140
  C:4475H         LINE#         141
  C:4489H         LINE#         143
  C:4499H         LINE#         145
  C:44AAH         LINE#         146
  C:44B7H         LINE#         149
  C:44C9H         LINE#         150
  -------         ENDPROC       _CMD_MONITOR
  -------         PROC          _MONITOR_CHR
  X:003FH         SYMBOL        str
  X:0042H         SYMBOL        num_char
  -------         DO            
  X:0043H         SYMBOL        j
BL51 BANKED LINKER/LOCATER V6.22.2.0                                                  08/10/2021  14:27:46  PAGE 83


  -------         ENDDO         
  C:62FAH         LINE#         156
  C:6308H         LINE#         157
  C:6308H         LINE#         159
  C:6316H         LINE#         160
  C:6316H         LINE#         161
  C:6328H         LINE#         162
  C:6332H         LINE#         163
  C:633AH         LINE#         164
  -------         ENDPROC       _MONITOR_CHR
  -------         PROC          _CMD_LPR_SALIDA_WIEGAND
  X:001DH         SYMBOL        buffer
  -------         DO            
  X:0020H         SYMBOL        Buffer_Lpr
  X:003EH         SYMBOL        j
  -------         ENDDO         
  C:4786H         LINE#         169
  C:4791H         LINE#         170
  C:4791H         LINE#         172
  C:4797H         LINE#         173
  C:479CH         LINE#         174
  C:47A4H         LINE#         175
  C:47A8H         LINE#         176
  C:47B1H         LINE#         177
  C:47B1H         LINE#         178
  C:47C2H         LINE#         179
  C:47C4H         LINE#         181
  C:47C4H         LINE#         182
  C:47D5H         LINE#         183
  C:47D5H         LINE#         187
  C:47ECH         LINE#         188
  C:47ECH         LINE#         189
  C:47FBH         LINE#         190
  C:4805H         LINE#         192
  C:480DH         LINE#         193
  C:4821H         LINE#         195
  C:4831H         LINE#         196
  C:4842H         LINE#         197
  C:484FH         LINE#         201
  -------         ENDPROC       _CMD_LPR_SALIDA_WIEGAND
  -------         PROC          CLEAR_PLACA
  -------         DO            
  D:0007H         SYMBOL        i
  -------         ENDDO         
  C:6918H         LINE#         270
  C:6918H         LINE#         271
  C:6918H         LINE#         273
  C:6924H         LINE#         274
  C:6924H         LINE#         275
  C:6930H         LINE#         276
  C:6933H         LINE#         277
  C:6935H         LINE#         278
  -------         ENDPROC       CLEAR_PLACA
  -------         ENDMOD        MONITOR

  -------         MODULE        ?C?FPADD
  C:0D11H         PUBLIC        ?C?FPADD
BL51 BANKED LINKER/LOCATER V6.22.2.0                                                  08/10/2021  14:27:46  PAGE 84


  C:0D0DH         PUBLIC        ?C?FPSUB
  -------         ENDMOD        ?C?FPADD

  -------         MODULE        ?C?FPMUL
  C:0E02H         PUBLIC        ?C?FPMUL
  -------         ENDMOD        ?C?FPMUL

  -------         MODULE        ?C?FCAST
  C:0F12H         PUBLIC        ?C?FCASTC
  C:0F0DH         PUBLIC        ?C?FCASTI
  C:0F08H         PUBLIC        ?C?FCASTL
  -------         ENDMOD        ?C?FCAST

  -------         MODULE        ?C?CASTF
  C:0F46H         PUBLIC        ?C?CASTF
  -------         ENDMOD        ?C?CASTF

  -------         MODULE        PRINTF
  X:00A2H         PUBLIC        ?_PRINTF?BYTE
  X:00A2H         PUBLIC        ?_SPRINTF?BYTE
  C:18B3H         PUBLIC        _PRINTF
  C:18ADH         PUBLIC        _SPRINTF
  -------         ENDMOD        PRINTF

  -------         MODULE        POW
  X:0029H         PUBLIC        ?_pow?BYTE
  C:35D6H         PUBLIC        _pow
  -------         ENDMOD        POW

  -------         MODULE        ?C?CHKFLOAT
  C:0FC7H         PUBLIC        ?C?CHKFLOAT
  -------         ENDMOD        ?C?CHKFLOAT

  -------         MODULE        ?C?FPCMP
  C:0FE3H         PUBLIC        ?C?FPCMP
  C:0FE1H         PUBLIC        ?C?FPCMP3
  -------         ENDMOD        ?C?FPCMP

  -------         MODULE        ?C?FPNEG
  C:105AH         PUBLIC        ?C?FPNEG
  -------         ENDMOD        ?C?FPNEG

  -------         MODULE        ?C?FPROUND
  C:106BH         PUBLIC        ?C?FPROUND
  -------         ENDMOD        ?C?FPROUND

  -------         MODULE        ?C?FPCONVERT
  C:10A8H         PUBLIC        ?C?FPCONVERT
  -------         ENDMOD        ?C?FPCONVERT

  -------         MODULE        EXP
  C:5299H         PUBLIC        _EXP
  -------         ENDMOD        EXP

  -------         MODULE        LOG
  C:39DBH         PUBLIC        _LOG
  C:39D7H         PUBLIC        _LOG10
BL51 BANKED LINKER/LOCATER V6.22.2.0                                                  08/10/2021  14:27:46  PAGE 85


  -------         ENDMOD        LOG

  -------         MODULE        ?C?FPDIV
  C:11B0H         PUBLIC        ?C?FPDIV
  -------         ENDMOD        ?C?FPDIV

  -------         MODULE        ?C?FTNPWR
  C:127DH         PUBLIC        ?C?FTNPWR
  -------         ENDMOD        ?C?FTNPWR

  -------         MODULE        ?C?COPY
  C:13DAH         PUBLIC        ?C?COPY
  -------         ENDMOD        ?C?COPY

  -------         MODULE        ?C?CLDPTR
  C:1400H         PUBLIC        ?C?CLDPTR
  -------         ENDMOD        ?C?CLDPTR

  -------         MODULE        ?C?CLDOPTR
  C:1419H         PUBLIC        ?C?CLDOPTR
  -------         ENDMOD        ?C?CLDOPTR

  -------         MODULE        ?C?CSTPTR
  C:1446H         PUBLIC        ?C?CSTPTR
  -------         ENDMOD        ?C?CSTPTR

  -------         MODULE        ?C?CSTOPTR
  C:1458H         PUBLIC        ?C?CSTOPTR
  -------         ENDMOD        ?C?CSTOPTR

  -------         MODULE        ?C?IILDX
  C:147AH         PUBLIC        ?C?IILDX
  -------         ENDMOD        ?C?IILDX

  -------         MODULE        ?C?LNEG
  C:1490H         PUBLIC        ?C?LNEG
  -------         ENDMOD        ?C?LNEG

  -------         MODULE        ?C?LLDCODE
  C:149EH         PUBLIC        ?C?LLDCODE
  -------         ENDMOD        ?C?LLDCODE

  -------         MODULE        ?C?LLDXDATA0
  C:14AEH         PUBLIC        ?C?LLDXDATA0
  -------         ENDMOD        ?C?LLDXDATA0

  -------         MODULE        ?C?LLDCODE0
  C:14BAH         PUBLIC        ?C?LLDCODE0
  -------         ENDMOD        ?C?LLDCODE0

  -------         MODULE        ?C?LSTXDATA
  C:14CAH         PUBLIC        ?C?LSTXDATA
  -------         ENDMOD        ?C?LSTXDATA

  -------         MODULE        ?C?LSTKXDATA
  C:14D6H         PUBLIC        ?C?LSTKXDATA
  -------         ENDMOD        ?C?LSTKXDATA
BL51 BANKED LINKER/LOCATER V6.22.2.0                                                  08/10/2021  14:27:46  PAGE 86



  -------         MODULE        ?C?PLDIXDATA
  C:1507H         PUBLIC        ?C?PLDIXDATA
  -------         ENDMOD        ?C?PLDIXDATA

  -------         MODULE        ?C?PSTXDATA
  C:151EH         PUBLIC        ?C?PSTXDATA
  -------         ENDMOD        ?C?PSTXDATA

  -------         MODULE        ?C?CCASE
  C:1527H         PUBLIC        ?C?CCASE
  -------         ENDMOD        ?C?CCASE

  -------         MODULE        STRCAT
  X:009FH         PUBLIC        ?_strcat?BYTE
  C:5BD9H         PUBLIC        _strcat
  -------         ENDMOD        STRCAT

  -------         MODULE        STRNCAT
  X:009FH         PUBLIC        ?_strncat?BYTE
  C:49EFH         PUBLIC        _strncat
  -------         ENDMOD        STRNCAT

  -------         MODULE        ?C?STRCMP
  C:16CBH         PUBLIC        ?C?STRCMP
  -------         ENDMOD        ?C?STRCMP

  -------         MODULE        ?C?STRCPY
  C:17B4H         PUBLIC        ?C?STRCPY
  -------         ENDMOD        ?C?STRCPY

  -------         MODULE        STRLEN
  C:000EH         PUBLIC        _STRLEN
  -------         ENDMOD        STRLEN

  -------         MODULE        STRTOK
  X:004AH         PUBLIC        ?_strtok?BYTE
  C:45C7H         PUBLIC        _strtok
  -------         ENDMOD        STRTOK

  -------         MODULE        ATOL
  C:3CF9H         PUBLIC        _atol
  -------         ENDMOD        ATOL

  -------         MODULE        ATOI
  C:46ABH         PUBLIC        _atoi
  -------         ENDMOD        ATOI

  -------         MODULE        ?C?IMUL
  C:17D1H         PUBLIC        ?C?IMUL
  -------         ENDMOD        ?C?IMUL

  -------         MODULE        ?C?ILDIX
  C:17E3H         PUBLIC        ?C?ILDIX
  -------         ENDMOD        ?C?ILDIX

  -------         MODULE        ?C?LMUL
BL51 BANKED LINKER/LOCATER V6.22.2.0                                                  08/10/2021  14:27:46  PAGE 87


  C:17F9H         PUBLIC        ?C?LMUL
  -------         ENDMOD        ?C?LMUL

  -------         MODULE        ISDIGIT
  C:6BCCH         PUBLIC        _isdigit
  -------         ENDMOD        ISDIGIT

  -------         MODULE        ISSPACE
  C:6AE0H         PUBLIC        _isspace
  -------         ENDMOD        ISSPACE

  -------         MODULE        STRSPN
  X:0050H         PUBLIC        ?_strspn?BYTE
  C:5887H         PUBLIC        _strspn
  -------         ENDMOD        STRSPN

  -------         MODULE        STRPBRK
  X:0050H         PUBLIC        ?_strpbrk?BYTE
  C:590BH         PUBLIC        _strpbrk
  -------         ENDMOD        STRPBRK

Program Size: data=85.4 xdata=420 code=27768
LINK/LOCATE RUN COMPLETE.  0 WARNING(S),  0 ERROR(S)
